Archive member included to satisfy reference by file (symbol)

c:/st/stm32cubeide_1.1.0/stm32cubeide/plugins/com.st.stm32cube.ide.mcu.externaltools.gnu-tools-for-stm32.7-2018-q2-update.win32_1.0.0.201904181610/tools/bin/../lib/gcc/arm-none-eabi/7.3.1/../../../../arm-none-eabi/lib/thumb/v7-m\libc_nano.a(lib_a-errno.o)
                              Core/Src/syscalls.o (__errno)
c:/st/stm32cubeide_1.1.0/stm32cubeide/plugins/com.st.stm32cube.ide.mcu.externaltools.gnu-tools-for-stm32.7-2018-q2-update.win32_1.0.0.201904181610/tools/bin/../lib/gcc/arm-none-eabi/7.3.1/../../../../arm-none-eabi/lib/thumb/v7-m\libc_nano.a(lib_a-exit.o)
                              c:/st/stm32cubeide_1.1.0/stm32cubeide/plugins/com.st.stm32cube.ide.mcu.externaltools.gnu-tools-for-stm32.7-2018-q2-update.win32_1.0.0.201904181610/tools/bin/../lib/gcc/arm-none-eabi/7.3.1/../../../../arm-none-eabi/lib/thumb/v7-m/crt0.o (exit)
c:/st/stm32cubeide_1.1.0/stm32cubeide/plugins/com.st.stm32cube.ide.mcu.externaltools.gnu-tools-for-stm32.7-2018-q2-update.win32_1.0.0.201904181610/tools/bin/../lib/gcc/arm-none-eabi/7.3.1/../../../../arm-none-eabi/lib/thumb/v7-m\libc_nano.a(lib_a-impure.o)
                              c:/st/stm32cubeide_1.1.0/stm32cubeide/plugins/com.st.stm32cube.ide.mcu.externaltools.gnu-tools-for-stm32.7-2018-q2-update.win32_1.0.0.201904181610/tools/bin/../lib/gcc/arm-none-eabi/7.3.1/../../../../arm-none-eabi/lib/thumb/v7-m\libc_nano.a(lib_a-exit.o) (_global_impure_ptr)
c:/st/stm32cubeide_1.1.0/stm32cubeide/plugins/com.st.stm32cube.ide.mcu.externaltools.gnu-tools-for-stm32.7-2018-q2-update.win32_1.0.0.201904181610/tools/bin/../lib/gcc/arm-none-eabi/7.3.1/../../../../arm-none-eabi/lib/thumb/v7-m\libc_nano.a(lib_a-init.o)
                              c:/st/stm32cubeide_1.1.0/stm32cubeide/plugins/com.st.stm32cube.ide.mcu.externaltools.gnu-tools-for-stm32.7-2018-q2-update.win32_1.0.0.201904181610/tools/bin/../lib/gcc/arm-none-eabi/7.3.1/../../../../arm-none-eabi/lib/thumb/v7-m/crt0.o (__libc_init_array)
c:/st/stm32cubeide_1.1.0/stm32cubeide/plugins/com.st.stm32cube.ide.mcu.externaltools.gnu-tools-for-stm32.7-2018-q2-update.win32_1.0.0.201904181610/tools/bin/../lib/gcc/arm-none-eabi/7.3.1/../../../../arm-none-eabi/lib/thumb/v7-m\libc_nano.a(lib_a-memset.o)
                              c:/st/stm32cubeide_1.1.0/stm32cubeide/plugins/com.st.stm32cube.ide.mcu.externaltools.gnu-tools-for-stm32.7-2018-q2-update.win32_1.0.0.201904181610/tools/bin/../lib/gcc/arm-none-eabi/7.3.1/../../../../arm-none-eabi/lib/thumb/v7-m/crt0.o (memset)

Allocating common symbols
Common symbol       size              file

hUsbDeviceFS        0x2c4             USB_DEVICE/App/usb_device.o
uwTick              0x4               Drivers/STM32F1xx_HAL_Driver/Src/stm32f1xx_hal.o
pFlash              0x20              Drivers/STM32F1xx_HAL_Driver/Src/stm32f1xx_hal_flash.o
UserRxBufferFS      0x3e8             USB_DEVICE/App/usbd_cdc_if.o
UserTxBufferFS      0x3e8             USB_DEVICE/App/usbd_cdc_if.o
hpcd_USB_FS         0x26c             USB_DEVICE/Target/usbd_conf.o
USBD_StrDesc        0x200             USB_DEVICE/App/usbd_desc.o

Discarded input sections

 .text          0x0000000000000000        0x0 c:/st/stm32cubeide_1.1.0/stm32cubeide/plugins/com.st.stm32cube.ide.mcu.externaltools.gnu-tools-for-stm32.7-2018-q2-update.win32_1.0.0.201904181610/tools/bin/../lib/gcc/arm-none-eabi/7.3.1/thumb/v7-m/crti.o
 .data          0x0000000000000000        0x0 c:/st/stm32cubeide_1.1.0/stm32cubeide/plugins/com.st.stm32cube.ide.mcu.externaltools.gnu-tools-for-stm32.7-2018-q2-update.win32_1.0.0.201904181610/tools/bin/../lib/gcc/arm-none-eabi/7.3.1/thumb/v7-m/crti.o
 .bss           0x0000000000000000        0x0 c:/st/stm32cubeide_1.1.0/stm32cubeide/plugins/com.st.stm32cube.ide.mcu.externaltools.gnu-tools-for-stm32.7-2018-q2-update.win32_1.0.0.201904181610/tools/bin/../lib/gcc/arm-none-eabi/7.3.1/thumb/v7-m/crti.o
 .data          0x0000000000000000        0x4 c:/st/stm32cubeide_1.1.0/stm32cubeide/plugins/com.st.stm32cube.ide.mcu.externaltools.gnu-tools-for-stm32.7-2018-q2-update.win32_1.0.0.201904181610/tools/bin/../lib/gcc/arm-none-eabi/7.3.1/thumb/v7-m/crtbegin.o
 .text          0x0000000000000000       0x74 c:/st/stm32cubeide_1.1.0/stm32cubeide/plugins/com.st.stm32cube.ide.mcu.externaltools.gnu-tools-for-stm32.7-2018-q2-update.win32_1.0.0.201904181610/tools/bin/../lib/gcc/arm-none-eabi/7.3.1/../../../../arm-none-eabi/lib/thumb/v7-m/crt0.o
 .data          0x0000000000000000        0x0 c:/st/stm32cubeide_1.1.0/stm32cubeide/plugins/com.st.stm32cube.ide.mcu.externaltools.gnu-tools-for-stm32.7-2018-q2-update.win32_1.0.0.201904181610/tools/bin/../lib/gcc/arm-none-eabi/7.3.1/../../../../arm-none-eabi/lib/thumb/v7-m/crt0.o
[...]
Memory Configuration

Name             Origin             Length             Attributes
RAM              0x0000000020000000 0x0000000000005000 xrw
FLASH            0x0000000008000000 0x0000000000010000 xr
*default*        0x0000000000000000 0xffffffffffffffff

Linker script and memory map

LOAD c:/st/stm32cubeide_1.1.0/stm32cubeide/plugins/com.st.stm32cube.ide.mcu.externaltools.gnu-tools-for-stm32.7-2018-q2-update.win32_1.0.0.201904181610/tools/bin/../lib/gcc/arm-none-eabi/7.3.1/thumb/v7-m/crti.o
LOAD c:/st/stm32cubeide_1.1.0/stm32cubeide/plugins/com.st.stm32cube.ide.mcu.externaltools.gnu-tools-for-stm32.7-2018-q2-update.win32_1.0.0.201904181610/tools/bin/../lib/gcc/arm-none-eabi/7.3.1/thumb/v7-m/crtbegin.o
LOAD c:/st/stm32cubeide_1.1.0/stm32cubeide/plugins/com.st.stm32cube.ide.mcu.externaltools.gnu-tools-for-stm32.7-2018-q2-update.win32_1.0.0.201904181610/tools/bin/../lib/gcc/arm-none-eabi/7.3.1/../../../../arm-none-eabi/lib/thumb/v7-m/crt0.o
LOAD Core/Src/main.o
LOAD Core/Src/stm32f1xx_hal_msp.o
LOAD Core/Src/stm32f1xx_it.o
LOAD Core/Src/syscalls.o
LOAD Core/Src/sysmem.o
LOAD Core/Src/system_stm32f1xx.o
LOAD Core/Startup/startup_stm32f103c8tx.o
LOAD Drivers/STM32F1xx_HAL_Driver/Src/stm32f1xx_hal.o
LOAD Drivers/STM32F1xx_HAL_Driver/Src/stm32f1xx_hal_cortex.o
LOAD Drivers/STM32F1xx_HAL_Driver/Src/stm32f1xx_hal_dma.o
LOAD Drivers/STM32F1xx_HAL_Driver/Src/stm32f1xx_hal_exti.o
LOAD Drivers/STM32F1xx_HAL_Driver/Src/stm32f1xx_hal_flash.o
LOAD Drivers/STM32F1xx_HAL_Driver/Src/stm32f1xx_hal_flash_ex.o
LOAD Drivers/STM32F1xx_HAL_Driver/Src/stm32f1xx_hal_gpio.o
LOAD Drivers/STM32F1xx_HAL_Driver/Src/stm32f1xx_hal_gpio_ex.o
LOAD Drivers/STM32F1xx_HAL_Driver/Src/stm32f1xx_hal_pcd.o
LOAD Drivers/STM32F1xx_HAL_Driver/Src/stm32f1xx_hal_pcd_ex.o
LOAD Drivers/STM32F1xx_HAL_Driver/Src/stm32f1xx_hal_pwr.o
LOAD Drivers/STM32F1xx_HAL_Driver/Src/stm32f1xx_hal_rcc.o
LOAD Drivers/STM32F1xx_HAL_Driver/Src/stm32f1xx_hal_rcc_ex.o
LOAD Drivers/STM32F1xx_HAL_Driver/Src/stm32f1xx_hal_tim.o
LOAD Drivers/STM32F1xx_HAL_Driver/Src/stm32f1xx_hal_tim_ex.o
LOAD Drivers/STM32F1xx_HAL_Driver/Src/stm32f1xx_ll_usb.o
LOAD Middlewares/ST/STM32_USB_Device_Library/Class/CDC/Src/usbd_cdc.o
LOAD Middlewares/ST/STM32_USB_Device_Library/Core/Src/usbd_core.o
LOAD Middlewares/ST/STM32_USB_Device_Library/Core/Src/usbd_ctlreq.o
LOAD Middlewares/ST/STM32_USB_Device_Library/Core/Src/usbd_ioreq.o
LOAD USB_DEVICE/App/usb_device.o
LOAD USB_DEVICE/App/usbd_cdc_if.o
LOAD USB_DEVICE/App/usbd_desc.o
LOAD USB_DEVICE/Target/usbd_conf.o
START GROUP
LOAD c:/st/stm32cubeide_1.1.0/stm32cubeide/plugins/com.st.stm32cube.ide.mcu.externaltools.gnu-tools-for-stm32.7-2018-q2-update.win32_1.0.0.201904181610/tools/bin/../lib/gcc/arm-none-eabi/7.3.1/../../../../arm-none-eabi/lib/thumb/v7-m\libstdc++_nano.a
LOAD c:/st/stm32cubeide_1.1.0/stm32cubeide/plugins/com.st.stm32cube.ide.mcu.externaltools.gnu-tools-for-stm32.7-2018-q2-update.win32_1.0.0.201904181610/tools/bin/../lib/gcc/arm-none-eabi/7.3.1/../../../../arm-none-eabi/lib/thumb/v7-m\libsupc++_nano.a
END GROUP
LOAD c:/st/stm32cubeide_1.1.0/stm32cubeide/plugins/com.st.stm32cube.ide.mcu.externaltools.gnu-tools-for-stm32.7-2018-q2-update.win32_1.0.0.201904181610/tools/bin/../lib/gcc/arm-none-eabi/7.3.1/../../../../arm-none-eabi/lib/thumb/v7-m\libstdc++_nano.a
LOAD c:/st/stm32cubeide_1.1.0/stm32cubeide/plugins/com.st.stm32cube.ide.mcu.externaltools.gnu-tools-for-stm32.7-2018-q2-update.win32_1.0.0.201904181610/tools/bin/../lib/gcc/arm-none-eabi/7.3.1/../../../../arm-none-eabi/lib/thumb/v7-m\libm.a
LOAD c:/st/stm32cubeide_1.1.0/stm32cubeide/plugins/com.st.stm32cube.ide.mcu.externaltools.gnu-tools-for-stm32.7-2018-q2-update.win32_1.0.0.201904181610/tools/bin/../lib/gcc/arm-none-eabi/7.3.1/../../../../arm-none-eabi/lib/thumb/v7-m\libc_nano.a
START GROUP
LOAD c:/st/stm32cubeide_1.1.0/stm32cubeide/plugins/com.st.stm32cube.ide.mcu.externaltools.gnu-tools-for-stm32.7-2018-q2-update.win32_1.0.0.201904181610/tools/bin/../lib/gcc/arm-none-eabi/7.3.1/thumb/v7-m\libgcc.a
LOAD c:/st/stm32cubeide_1.1.0/stm32cubeide/plugins/com.st.stm32cube.ide.mcu.externaltools.gnu-tools-for-stm32.7-2018-q2-update.win32_1.0.0.201904181610/tools/bin/../lib/gcc/arm-none-eabi/7.3.1/../../../../arm-none-eabi/lib/thumb/v7-m\libc_nano.a
END GROUP
START GROUP
LOAD c:/st/stm32cubeide_1.1.0/stm32cubeide/plugins/com.st.stm32cube.ide.mcu.externaltools.gnu-tools-for-stm32.7-2018-q2-update.win32_1.0.0.201904181610/tools/bin/../lib/gcc/arm-none-eabi/7.3.1/thumb/v7-m\libgcc.a
LOAD c:/st/stm32cubeide_1.1.0/stm32cubeide/plugins/com.st.stm32cube.ide.mcu.externaltools.gnu-tools-for-stm32.7-2018-q2-update.win32_1.0.0.201904181610/tools/bin/../lib/gcc/arm-none-eabi/7.3.1/../../../../arm-none-eabi/lib/thumb/v7-m\libc_nano.a
LOAD c:/st/stm32cubeide_1.1.0/stm32cubeide/plugins/com.st.stm32cube.ide.mcu.externaltools.gnu-tools-for-stm32.7-2018-q2-update.win32_1.0.0.201904181610/tools/bin/../lib/gcc/arm-none-eabi/7.3.1/../../../../arm-none-eabi/lib/thumb/v7-m\libnosys.a
END GROUP
START GROUP
LOAD c:/st/stm32cubeide_1.1.0/stm32cubeide/plugins/com.st.stm32cube.ide.mcu.externaltools.gnu-tools-for-stm32.7-2018-q2-update.win32_1.0.0.201904181610/tools/bin/../lib/gcc/arm-none-eabi/7.3.1/thumb/v7-m\libgcc.a
LOAD c:/st/stm32cubeide_1.1.0/stm32cubeide/plugins/com.st.stm32cube.ide.mcu.externaltools.gnu-tools-for-stm32.7-2018-q2-update.win32_1.0.0.201904181610/tools/bin/../lib/gcc/arm-none-eabi/7.3.1/../../../../arm-none-eabi/lib/thumb/v7-m\libc_nano.a
LOAD c:/st/stm32cubeide_1.1.0/stm32cubeide/plugins/com.st.stm32cube.ide.mcu.externaltools.gnu-tools-for-stm32.7-2018-q2-update.win32_1.0.0.201904181610/tools/bin/../lib/gcc/arm-none-eabi/7.3.1/../../../../arm-none-eabi/lib/thumb/v7-m\libnosys.a
END GROUP
LOAD c:/st/stm32cubeide_1.1.0/stm32cubeide/plugins/com.st.stm32cube.ide.mcu.externaltools.gnu-tools-for-stm32.7-2018-q2-update.win32_1.0.0.201904181610/tools/bin/../lib/gcc/arm-none-eabi/7.3.1/thumb/v7-m/crtend.o
LOAD c:/st/stm32cubeide_1.1.0/stm32cubeide/plugins/com.st.stm32cube.ide.mcu.externaltools.gnu-tools-for-stm32.7-2018-q2-update.win32_1.0.0.201904181610/tools/bin/../lib/gcc/arm-none-eabi/7.3.1/thumb/v7-m/crtn.o
                0x0000000020005000                _estack = (ORIGIN (RAM) + LENGTH (RAM))
                0x0000000000000200                _Min_Heap_Size = 0x200
                0x0000000000000400                _Min_Stack_Size = 0x400

.isr_vector     0x0000000008000000      0x10c
                0x0000000008000000                . = ALIGN (0x4)
 *(.isr_vector)
 .isr_vector    0x0000000008000000      0x10c Core/Startup/startup_stm32f103c8tx.o
                0x0000000008000000                g_pfnVectors
                0x000000000800010c                . = ALIGN (0x4)

.text           0x000000000800010c     0x5328
                0x000000000800010c                . = ALIGN (0x4)
 *(.text)
 .text          0x000000000800010c       0x40 c:/st/stm32cubeide_1.1.0/stm32cubeide/plugins/com.st.stm32cube.ide.mcu.externaltools.gnu-tools-for-stm32.7-2018-q2-update.win32_1.0.0.201904181610/tools/bin/../lib/gcc/arm-none-eabi/7.3.1/thumb/v7-m/crtbegin.o
 *(.text*)
 .text.main     0x000000000800014c       0x3c Core/Src/main.o
                0x000000000800014c                main
 .text.SystemClock_Config
                0x0000000008000188       0xb6 Core/Src/main.o
                0x0000000008000188                SystemClock_Config
 *fill*         0x000000000800023e        0x2 
 .text.MX_GPIO_Init
                0x0000000008000240       0x98 Core/Src/main.o
 .text.Error_Handler
                0x00000000080002d8        0xc Core/Src/main.o
                0x00000000080002d8                Error_Handler
 .text.HAL_MspInit
                0x00000000080002e4       0x64 Core/Src/stm32f1xx_hal_msp.o
                0x00000000080002e4                HAL_MspInit
 .text.NMI_Handler
                0x0000000008000348        0xc Core/Src/stm32f1xx_it.o
                0x0000000008000348                NMI_Handler
 .text.HardFault_Handler
                0x0000000008000354        0x6 Core/Src/stm32f1xx_it.o
                0x0000000008000354                HardFault_Handler
 .text.MemManage_Handler
                0x000000000800035a        0x6 Core/Src/stm32f1xx_it.o
                0x000000000800035a                MemManage_Handler
 .text.BusFault_Handler
                0x0000000008000360        0x6 Core/Src/stm32f1xx_it.o
                0x0000000008000360                BusFault_Handler
 .text.UsageFault_Handler
                0x0000000008000366        0x6 Core/Src/stm32f1xx_it.o
                0x0000000008000366                UsageFault_Handler
 .text.SVC_Handler
                0x000000000800036c        0xc Core/Src/stm32f1xx_it.o
                0x000000000800036c                SVC_Handler
 .text.DebugMon_Handler
                0x0000000008000378        0xc Core/Src/stm32f1xx_it.o
                0x0000000008000378                DebugMon_Handler
 .text.PendSV_Handler
                0x0000000008000384        0xc Core/Src/stm32f1xx_it.o
                0x0000000008000384                PendSV_Handler
 .text.SysTick_Handler
                0x0000000008000390        0xc Core/Src/stm32f1xx_it.o
                0x0000000008000390                SysTick_Handler
 .text.USB_LP_CAN1_RX0_IRQHandler
                0x000000000800039c       0x14 Core/Src/stm32f1xx_it.o
                0x000000000800039c                USB_LP_CAN1_RX0_IRQHandler
 .text.SystemInit
                0x00000000080003b0       0x68 Core/Src/system_stm32f1xx.o
                0x00000000080003b0                SystemInit
 .text.Reset_Handler
                0x0000000008000418       0x48 Core/Startup/startup_stm32f103c8tx.o
                0x0000000008000418                Reset_Handler
 .text.Default_Handler
                0x0000000008000460        0x2 Core/Startup/startup_stm32f103c8tx.o
                0x0000000008000460                RTC_Alarm_IRQHandler
                0x0000000008000460                EXTI2_IRQHandler
                0x0000000008000460                TIM1_CC_IRQHandler
                0x0000000008000460                PVD_IRQHandler
                0x0000000008000460                EXTI3_IRQHandler
                0x0000000008000460                EXTI0_IRQHandler
                0x0000000008000460                I2C2_EV_IRQHandler
                0x0000000008000460                ADC1_2_IRQHandler
                0x0000000008000460                SPI1_IRQHandler
                0x0000000008000460                TAMPER_IRQHandler
                0x0000000008000460                DMA1_Channel4_IRQHandler
                0x0000000008000460                USART3_IRQHandler
                0x0000000008000460                RTC_IRQHandler
                0x0000000008000460                DMA1_Channel7_IRQHandler
                0x0000000008000460                CAN1_RX1_IRQHandler
                0x0000000008000460                TIM4_IRQHandler
                0x0000000008000460                I2C1_EV_IRQHandler
                0x0000000008000460                DMA1_Channel6_IRQHandler
                0x0000000008000460                TIM3_IRQHandler
                0x0000000008000460                RCC_IRQHandler
                0x0000000008000460                TIM1_TRG_COM_IRQHandler
                0x0000000008000460                DMA1_Channel1_IRQHandler
                0x0000000008000460                Default_Handler
                0x0000000008000460                EXTI15_10_IRQHandler
                0x0000000008000460                EXTI9_5_IRQHandler
                0x0000000008000460                SPI2_IRQHandler
                0x0000000008000460                DMA1_Channel5_IRQHandler
                0x0000000008000460                EXTI4_IRQHandler
                0x0000000008000460                USB_HP_CAN1_TX_IRQHandler
                0x0000000008000460                DMA1_Channel3_IRQHandler
                0x0000000008000460                TIM1_UP_IRQHandler
                0x0000000008000460                WWDG_IRQHandler
                0x0000000008000460                TIM2_IRQHandler
                0x0000000008000460                TIM1_BRK_IRQHandler
                0x0000000008000460                EXTI1_IRQHandler
                0x0000000008000460                USART2_IRQHandler
                0x0000000008000460                I2C2_ER_IRQHandler
                0x0000000008000460                DMA1_Channel2_IRQHandler
                0x0000000008000460                CAN1_SCE_IRQHandler
                0x0000000008000460                FLASH_IRQHandler
                0x0000000008000460                USART1_IRQHandler
                0x0000000008000460                I2C1_ER_IRQHandler
                0x0000000008000460                USBWakeUp_IRQHandler
 *fill*         0x0000000008000462        0x2 
 .text.HAL_Init
                0x0000000008000464       0x2c Drivers/STM32F1xx_HAL_Driver/Src/stm32f1xx_hal.o
                0x0000000008000464                HAL_Init
 .text.HAL_InitTick
                0x0000000008000490       0x60 Drivers/STM32F1xx_HAL_Driver/Src/stm32f1xx_hal.o
                0x0000000008000490                HAL_InitTick
 .text.HAL_IncTick
                0x00000000080004f0       0x24 Drivers/STM32F1xx_HAL_Driver/Src/stm32f1xx_hal.o
                0x00000000080004f0                HAL_IncTick
 .text.HAL_GetTick
                0x0000000008000514       0x14 Drivers/STM32F1xx_HAL_Driver/Src/stm32f1xx_hal.o
                0x0000000008000514                HAL_GetTick
 .text.__NVIC_SetPriorityGrouping
                0x0000000008000528       0x48 Drivers/STM32F1xx_HAL_Driver/Src/stm32f1xx_hal_cortex.o
 .text.__NVIC_GetPriorityGrouping
                0x0000000008000570       0x1c Drivers/STM32F1xx_HAL_Driver/Src/stm32f1xx_hal_cortex.o
 .text.__NVIC_EnableIRQ
                0x000000000800058c       0x38 Drivers/STM32F1xx_HAL_Driver/Src/stm32f1xx_hal_cortex.o
 .text.__NVIC_SetPriority
                0x00000000080005c4       0x54 Drivers/STM32F1xx_HAL_Driver/Src/stm32f1xx_hal_cortex.o
 .text.NVIC_EncodePriority
                0x0000000008000618       0x64 Drivers/STM32F1xx_HAL_Driver/Src/stm32f1xx_hal_cortex.o
 .text.SysTick_Config
                0x000000000800067c       0x44 Drivers/STM32F1xx_HAL_Driver/Src/stm32f1xx_hal_cortex.o
 .text.HAL_NVIC_SetPriorityGrouping
                0x00000000080006c0       0x16 Drivers/STM32F1xx_HAL_Driver/Src/stm32f1xx_hal_cortex.o
                0x00000000080006c0                HAL_NVIC_SetPriorityGrouping
 .text.HAL_NVIC_SetPriority
                0x00000000080006d6       0x38 Drivers/STM32F1xx_HAL_Driver/Src/stm32f1xx_hal_cortex.o
                0x00000000080006d6                HAL_NVIC_SetPriority
 .text.HAL_NVIC_EnableIRQ
                0x000000000800070e       0x1c Drivers/STM32F1xx_HAL_Driver/Src/stm32f1xx_hal_cortex.o
                0x000000000800070e                HAL_NVIC_EnableIRQ
 .text.HAL_SYSTICK_Config
                0x000000000800072a       0x18 Drivers/STM32F1xx_HAL_Driver/Src/stm32f1xx_hal_cortex.o
                0x000000000800072a                HAL_SYSTICK_Config
 *fill*         0x0000000008000742        0x2 
 .text.HAL_GPIO_Init
                0x0000000008000744      0x2b4 Drivers/STM32F1xx_HAL_Driver/Src/stm32f1xx_hal_gpio.o
                0x0000000008000744                HAL_GPIO_Init
 .text.HAL_GPIO_WritePin
                0x00000000080009f8       0x30 Drivers/STM32F1xx_HAL_Driver/Src/stm32f1xx_hal_gpio.o
                0x00000000080009f8                HAL_GPIO_WritePin
 .text.HAL_PCD_Init
                0x0000000008000a28      0x1c2 Drivers/STM32F1xx_HAL_Driver/Src/stm32f1xx_hal_pcd.o
                0x0000000008000a28                HAL_PCD_Init
 .text.HAL_PCD_Start
                0x0000000008000bea       0x4c Drivers/STM32F1xx_HAL_Driver/Src/stm32f1xx_hal_pcd.o
                0x0000000008000bea                HAL_PCD_Start
 .text.HAL_PCD_IRQHandler
                0x0000000008000c36      0x21c Drivers/STM32F1xx_HAL_Driver/Src/stm32f1xx_hal_pcd.o
                0x0000000008000c36                HAL_PCD_IRQHandler
 .text.HAL_PCD_SetAddress
                0x0000000008000e52       0x4a Drivers/STM32F1xx_HAL_Driver/Src/stm32f1xx_hal_pcd.o
                0x0000000008000e52                HAL_PCD_SetAddress
 .text.HAL_PCD_EP_Open
                0x0000000008000e9c       0xc0 Drivers/STM32F1xx_HAL_Driver/Src/stm32f1xx_hal_pcd.o
                0x0000000008000e9c                HAL_PCD_EP_Open
 .text.HAL_PCD_EP_Close
                0x0000000008000f5c       0x84 Drivers/STM32F1xx_HAL_Driver/Src/stm32f1xx_hal_pcd.o
                0x0000000008000f5c                HAL_PCD_EP_Close
 .text.HAL_PCD_EP_Receive
                0x0000000008000fe0       0x74 Drivers/STM32F1xx_HAL_Driver/Src/stm32f1xx_hal_pcd.o
                0x0000000008000fe0                HAL_PCD_EP_Receive
 .text.HAL_PCD_EP_GetRxCount
                0x0000000008001054       0x28 Drivers/STM32F1xx_HAL_Driver/Src/stm32f1xx_hal_pcd.o
                0x0000000008001054                HAL_PCD_EP_GetRxCount
 .text.HAL_PCD_EP_Transmit
                0x000000000800107c       0x72 Drivers/STM32F1xx_HAL_Driver/Src/stm32f1xx_hal_pcd.o
                0x000000000800107c                HAL_PCD_EP_Transmit
 .text.HAL_PCD_EP_SetStall
                0x00000000080010ee       0xb4 Drivers/STM32F1xx_HAL_Driver/Src/stm32f1xx_hal_pcd.o
                0x00000000080010ee                HAL_PCD_EP_SetStall
 .text.HAL_PCD_EP_ClrStall
                0x00000000080011a2       0x9c Drivers/STM32F1xx_HAL_Driver/Src/stm32f1xx_hal_pcd.o
                0x00000000080011a2                HAL_PCD_EP_ClrStall
 *fill*         0x000000000800123e        0x2 
 .text.PCD_EP_ISR_Handler
                0x0000000008001240      0x534 Drivers/STM32F1xx_HAL_Driver/Src/stm32f1xx_hal_pcd.o
 .text.HAL_PCDEx_PMAConfig
                0x0000000008001774       0x78 Drivers/STM32F1xx_HAL_Driver/Src/stm32f1xx_hal_pcd_ex.o
                0x0000000008001774                HAL_PCDEx_PMAConfig
 .text.HAL_RCC_OscConfig
                0x00000000080017ec      0x500 Drivers/STM32F1xx_HAL_Driver/Src/stm32f1xx_hal_rcc.o
                0x00000000080017ec                HAL_RCC_OscConfig
 .text.HAL_RCC_ClockConfig
                0x0000000008001cec      0x1d4 Drivers/STM32F1xx_HAL_Driver/Src/stm32f1xx_hal_rcc.o
                0x0000000008001cec                HAL_RCC_ClockConfig
 .text.HAL_RCC_GetSysClockFreq
                0x0000000008001ec0       0xc4 Drivers/STM32F1xx_HAL_Driver/Src/stm32f1xx_hal_rcc.o
                0x0000000008001ec0                HAL_RCC_GetSysClockFreq
 .text.RCC_Delay
                0x0000000008001f84       0x3c Drivers/STM32F1xx_HAL_Driver/Src/stm32f1xx_hal_rcc.o
 .text.HAL_RCCEx_PeriphCLKConfig
                0x0000000008001fc0      0x16c Drivers/STM32F1xx_HAL_Driver/Src/stm32f1xx_hal_rcc_ex.o
                0x0000000008001fc0                HAL_RCCEx_PeriphCLKConfig
 .text.USB_CoreInit
                0x000000000800212c       0x20 Drivers/STM32F1xx_HAL_Driver/Src/stm32f1xx_ll_usb.o
                0x000000000800212c                USB_CoreInit
 .text.USB_EnableGlobalInt
                0x000000000800214c       0x2e Drivers/STM32F1xx_HAL_Driver/Src/stm32f1xx_ll_usb.o
                0x000000000800214c                USB_EnableGlobalInt
 .text.USB_DisableGlobalInt
                0x000000000800217a       0x38 Drivers/STM32F1xx_HAL_Driver/Src/stm32f1xx_ll_usb.o
                0x000000000800217a                USB_DisableGlobalInt
 .text.USB_SetCurrentMode
                0x00000000080021b2       0x18 Drivers/STM32F1xx_HAL_Driver/Src/stm32f1xx_ll_usb.o
                0x00000000080021b2                USB_SetCurrentMode
 .text.USB_DevInit
                0x00000000080021ca       0x48 Drivers/STM32F1xx_HAL_Driver/Src/stm32f1xx_ll_usb.o
                0x00000000080021ca                USB_DevInit
 *fill*         0x0000000008002212        0x2 
 .text.USB_ActivateEndpoint
                0x0000000008002214      0x5dc Drivers/STM32F1xx_HAL_Driver/Src/stm32f1xx_ll_usb.o
                0x0000000008002214                USB_ActivateEndpoint
 .text.USB_DeactivateEndpoint
                0x00000000080027f0      0x32c Drivers/STM32F1xx_HAL_Driver/Src/stm32f1xx_ll_usb.o
                0x00000000080027f0                USB_DeactivateEndpoint
 .text.USB_EPStartXfer
                0x0000000008002b1c      0x570 Drivers/STM32F1xx_HAL_Driver/Src/stm32f1xx_ll_usb.o
                0x0000000008002b1c                USB_EPStartXfer
 .text.USB_EPSetStall
                0x000000000800308c       0x84 Drivers/STM32F1xx_HAL_Driver/Src/stm32f1xx_ll_usb.o
                0x000000000800308c                USB_EPSetStall
 .text.USB_EPClearStall
                0x0000000008003110      0x128 Drivers/STM32F1xx_HAL_Driver/Src/stm32f1xx_ll_usb.o
                0x0000000008003110                USB_EPClearStall
 .text.USB_SetDevAddress
                0x0000000008003238       0x26 Drivers/STM32F1xx_HAL_Driver/Src/stm32f1xx_ll_usb.o
                0x0000000008003238                USB_SetDevAddress
 .text.USB_DevConnect
                0x000000000800325e       0x14 Drivers/STM32F1xx_HAL_Driver/Src/stm32f1xx_ll_usb.o
                0x000000000800325e                USB_DevConnect
 .text.USB_DevDisconnect
                0x0000000008003272       0x14 Drivers/STM32F1xx_HAL_Driver/Src/stm32f1xx_ll_usb.o
                0x0000000008003272                USB_DevDisconnect
 .text.USB_ReadInterrupts
                0x0000000008003286       0x1e Drivers/STM32F1xx_HAL_Driver/Src/stm32f1xx_ll_usb.o
                0x0000000008003286                USB_ReadInterrupts
 .text.USB_EP0_OutStart
                0x00000000080032a4       0x16 Drivers/STM32F1xx_HAL_Driver/Src/stm32f1xx_ll_usb.o
                0x00000000080032a4                USB_EP0_OutStart
 .text.USB_WritePMA
                0x00000000080032ba       0x88 Drivers/STM32F1xx_HAL_Driver/Src/stm32f1xx_ll_usb.o
                0x00000000080032ba                USB_WritePMA
 .text.USB_ReadPMA
                0x0000000008003342       0x9e Drivers/STM32F1xx_HAL_Driver/Src/stm32f1xx_ll_usb.o
                0x0000000008003342                USB_ReadPMA
 .text.USBD_CDC_Init
                0x00000000080033e0       0xf4 Middlewares/ST/STM32_USB_Device_Library/Class/CDC/Src/usbd_cdc.o
 .text.USBD_CDC_DeInit
                0x00000000080034d4       0x6e Middlewares/ST/STM32_USB_Device_Library/Class/CDC/Src/usbd_cdc.o
 .text.USBD_CDC_Setup
                0x0000000008003542      0x140 Middlewares/ST/STM32_USB_Device_Library/Class/CDC/Src/usbd_cdc.o
 .text.USBD_CDC_DataIn
                0x0000000008003682       0xa0 Middlewares/ST/STM32_USB_Device_Library/Class/CDC/Src/usbd_cdc.o
 .text.USBD_CDC_DataOut
                0x0000000008003722       0x56 Middlewares/ST/STM32_USB_Device_Library/Class/CDC/Src/usbd_cdc.o
 .text.USBD_CDC_EP0_RxReady
                0x0000000008003778       0x50 Middlewares/ST/STM32_USB_Device_Library/Class/CDC/Src/usbd_cdc.o
 .text.USBD_CDC_GetFSCfgDesc
                0x00000000080037c8       0x20 Middlewares/ST/STM32_USB_Device_Library/Class/CDC/Src/usbd_cdc.o
 .text.USBD_CDC_GetHSCfgDesc
                0x00000000080037e8       0x20 Middlewares/ST/STM32_USB_Device_Library/Class/CDC/Src/usbd_cdc.o
 .text.USBD_CDC_GetOtherSpeedCfgDesc
                0x0000000008003808       0x20 Middlewares/ST/STM32_USB_Device_Library/Class/CDC/Src/usbd_cdc.o
 .text.USBD_CDC_GetDeviceQualifierDescriptor
                0x0000000008003828       0x20 Middlewares/ST/STM32_USB_Device_Library/Class/CDC/Src/usbd_cdc.o
                0x0000000008003828                USBD_CDC_GetDeviceQualifierDescriptor
 .text.USBD_CDC_RegisterInterface
                0x0000000008003848       0x2c Middlewares/ST/STM32_USB_Device_Library/Class/CDC/Src/usbd_cdc.o
                0x0000000008003848                USBD_CDC_RegisterInterface
 .text.USBD_CDC_SetTxBuffer
                0x0000000008003874       0x32 Middlewares/ST/STM32_USB_Device_Library/Class/CDC/Src/usbd_cdc.o
                0x0000000008003874                USBD_CDC_SetTxBuffer
 .text.USBD_CDC_SetRxBuffer
                0x00000000080038a6       0x26 Middlewares/ST/STM32_USB_Device_Library/Class/CDC/Src/usbd_cdc.o
                0x00000000080038a6                USBD_CDC_SetRxBuffer
 .text.USBD_CDC_TransmitPacket
                0x00000000080038cc       0x5e Middlewares/ST/STM32_USB_Device_Library/Class/CDC/Src/usbd_cdc.o
                0x00000000080038cc                USBD_CDC_TransmitPacket
 .text.USBD_CDC_ReceivePacket
                0x000000000800392a       0x54 Middlewares/ST/STM32_USB_Device_Library/Class/CDC/Src/usbd_cdc.o
                0x000000000800392a                USBD_CDC_ReceivePacket
 .text.USBD_Init
                0x000000000800397e       0x56 Middlewares/ST/STM32_USB_Device_Library/Core/Src/usbd_core.o
                0x000000000800397e                USBD_Init
 .text.USBD_RegisterClass
                0x00000000080039d4       0x32 Middlewares/ST/STM32_USB_Device_Library/Core/Src/usbd_core.o
                0x00000000080039d4                USBD_RegisterClass
 .text.USBD_Start
                0x0000000008003a06       0x18 Middlewares/ST/STM32_USB_Device_Library/Core/Src/usbd_core.o
                0x0000000008003a06                USBD_Start
 .text.USBD_RunTestMode
                0x0000000008003a1e       0x14 Middlewares/ST/STM32_USB_Device_Library/Core/Src/usbd_core.o
                0x0000000008003a1e                USBD_RunTestMode
 .text.USBD_SetClassConfig
                0x0000000008003a32       0x3e Middlewares/ST/STM32_USB_Device_Library/Core/Src/usbd_core.o
                0x0000000008003a32                USBD_SetClassConfig
 .text.USBD_ClrClassConfig
                0x0000000008003a70       0x26 Middlewares/ST/STM32_USB_Device_Library/Core/Src/usbd_core.o
                0x0000000008003a70                USBD_ClrClassConfig
 .text.USBD_LL_SetupStage
                0x0000000008003a96       0x96 Middlewares/ST/STM32_USB_Device_Library/Core/Src/usbd_core.o
                0x0000000008003a96                USBD_LL_SetupStage
 .text.USBD_LL_DataOutStage
                0x0000000008003b2c       0xe2 Middlewares/ST/STM32_USB_Device_Library/Core/Src/usbd_core.o
                0x0000000008003b2c                USBD_LL_DataOutStage
 .text.USBD_LL_DataInStage
                0x0000000008003c0e      0x14a Middlewares/ST/STM32_USB_Device_Library/Core/Src/usbd_core.o
                0x0000000008003c0e                USBD_LL_DataInStage
 .text.USBD_LL_Reset
                0x0000000008003d58       0x82 Middlewares/ST/STM32_USB_Device_Library/Core/Src/usbd_core.o
                0x0000000008003d58                USBD_LL_Reset
 .text.USBD_LL_SetSpeed
                0x0000000008003dda       0x1e Middlewares/ST/STM32_USB_Device_Library/Core/Src/usbd_core.o
                0x0000000008003dda                USBD_LL_SetSpeed
 .text.USBD_LL_Suspend
                0x0000000008003df8       0x28 Middlewares/ST/STM32_USB_Device_Library/Core/Src/usbd_core.o
                0x0000000008003df8                USBD_LL_Suspend
 .text.USBD_LL_Resume
                0x0000000008003e20       0x2a Middlewares/ST/STM32_USB_Device_Library/Core/Src/usbd_core.o
                0x0000000008003e20                USBD_LL_Resume
 .text.USBD_LL_SOF
                0x0000000008003e4a       0x34 Middlewares/ST/STM32_USB_Device_Library/Core/Src/usbd_core.o
                0x0000000008003e4a                USBD_LL_SOF
 *fill*         0x0000000008003e7e        0x2 
 .text.USBD_StdDevReq
                0x0000000008003e80       0xd4 Middlewares/ST/STM32_USB_Device_Library/Core/Src/usbd_ctlreq.o
                0x0000000008003e80                USBD_StdDevReq
 .text.USBD_StdItfReq
                0x0000000008003f54       0x8c Middlewares/ST/STM32_USB_Device_Library/Core/Src/usbd_ctlreq.o
                0x0000000008003f54                USBD_StdItfReq
 .text.USBD_StdEPReq
                0x0000000008003fe0      0x2ba Middlewares/ST/STM32_USB_Device_Library/Core/Src/usbd_ctlreq.o
                0x0000000008003fe0                USBD_StdEPReq
 *fill*         0x000000000800429a        0x2 
 .text.USBD_GetDescriptor
                0x000000000800429c      0x2d0 Middlewares/ST/STM32_USB_Device_Library/Core/Src/usbd_ctlreq.o
 .text.USBD_SetAddress
                0x000000000800456c       0x84 Middlewares/ST/STM32_USB_Device_Library/Core/Src/usbd_ctlreq.o
 .text.USBD_SetConfig
                0x00000000080045f0      0x11c Middlewares/ST/STM32_USB_Device_Library/Core/Src/usbd_ctlreq.o
 .text.USBD_GetConfig
                0x000000000800470c       0x68 Middlewares/ST/STM32_USB_Device_Library/Core/Src/usbd_ctlreq.o
 .text.USBD_GetStatus
                0x0000000008004774       0x66 Middlewares/ST/STM32_USB_Device_Library/Core/Src/usbd_ctlreq.o
 .text.USBD_SetFeature
                0x00000000080047da       0x28 Middlewares/ST/STM32_USB_Device_Library/Core/Src/usbd_ctlreq.o
 .text.USBD_ClrFeature
                0x0000000008004802       0x42 Middlewares/ST/STM32_USB_Device_Library/Core/Src/usbd_ctlreq.o
 .text.USBD_ParseSetupRequest
                0x0000000008004844       0x78 Middlewares/ST/STM32_USB_Device_Library/Core/Src/usbd_ctlreq.o
                0x0000000008004844                USBD_ParseSetupRequest
 .text.USBD_CtlError
                0x00000000080048bc       0x22 Middlewares/ST/STM32_USB_Device_Library/Core/Src/usbd_ctlreq.o
                0x00000000080048bc                USBD_CtlError
 .text.USBD_GetString
                0x00000000080048de       0x84 Middlewares/ST/STM32_USB_Device_Library/Core/Src/usbd_ctlreq.o
                0x00000000080048de                USBD_GetString
 .text.USBD_GetLen
                0x0000000008004962       0x2e Middlewares/ST/STM32_USB_Device_Library/Core/Src/usbd_ctlreq.o
 .text.USBD_CtlSendData
                0x0000000008004990       0x38 Middlewares/ST/STM32_USB_Device_Library/Core/Src/usbd_ioreq.o
                0x0000000008004990                USBD_CtlSendData
 .text.USBD_CtlContinueSendData
                0x00000000080049c8       0x24 Middlewares/ST/STM32_USB_Device_Library/Core/Src/usbd_ioreq.o
                0x00000000080049c8                USBD_CtlContinueSendData
 .text.USBD_CtlPrepareRx
                0x00000000080049ec       0x3c Middlewares/ST/STM32_USB_Device_Library/Core/Src/usbd_ioreq.o
                0x00000000080049ec                USBD_CtlPrepareRx
 .text.USBD_CtlContinueRx
                0x0000000008004a28       0x24 Middlewares/ST/STM32_USB_Device_Library/Core/Src/usbd_ioreq.o
                0x0000000008004a28                USBD_CtlContinueRx
 .text.USBD_CtlSendStatus
                0x0000000008004a4c       0x26 Middlewares/ST/STM32_USB_Device_Library/Core/Src/usbd_ioreq.o
                0x0000000008004a4c                USBD_CtlSendStatus
 .text.USBD_CtlReceiveStatus
                0x0000000008004a72       0x26 Middlewares/ST/STM32_USB_Device_Library/Core/Src/usbd_ioreq.o
                0x0000000008004a72                USBD_CtlReceiveStatus
 .text.MX_USB_DEVICE_Init
                0x0000000008004a98       0x60 USB_DEVICE/App/usb_device.o
                0x0000000008004a98                MX_USB_DEVICE_Init
 .text.CDC_Init_FS
                0x0000000008004af8       0x28 USB_DEVICE/App/usbd_cdc_if.o
 .text.CDC_DeInit_FS
                0x0000000008004b20        0xe USB_DEVICE/App/usbd_cdc_if.o
 *fill*         0x0000000008004b2e        0x2 
 .text.CDC_Control_FS
                0x0000000008004b30       0xbc USB_DEVICE/App/usbd_cdc_if.o
 .text.CDC_Receive_FS
                0x0000000008004bec       0x34 USB_DEVICE/App/usbd_cdc_if.o
 .text.CDC_Transmit_FS
                0x0000000008004c20       0x4c USB_DEVICE/App/usbd_cdc_if.o
                0x0000000008004c20                CDC_Transmit_FS
 .text.USBD_FS_DeviceDescriptor
                0x0000000008004c6c       0x24 USB_DEVICE/App/usbd_desc.o
                0x0000000008004c6c                USBD_FS_DeviceDescriptor
 .text.USBD_FS_LangIDStrDescriptor
                0x0000000008004c90       0x24 USB_DEVICE/App/usbd_desc.o
                0x0000000008004c90                USBD_FS_LangIDStrDescriptor
 .text.USBD_FS_ProductStrDescriptor
                0x0000000008004cb4       0x3c USB_DEVICE/App/usbd_desc.o
                0x0000000008004cb4                USBD_FS_ProductStrDescriptor
 .text.USBD_FS_ManufacturerStrDescriptor
                0x0000000008004cf0       0x28 USB_DEVICE/App/usbd_desc.o
                0x0000000008004cf0                USBD_FS_ManufacturerStrDescriptor
 .text.USBD_FS_SerialStrDescriptor
                0x0000000008004d18       0x24 USB_DEVICE/App/usbd_desc.o
                0x0000000008004d18                USBD_FS_SerialStrDescriptor
 .text.USBD_FS_ConfigStrDescriptor
                0x0000000008004d3c       0x3c USB_DEVICE/App/usbd_desc.o
                0x0000000008004d3c                USBD_FS_ConfigStrDescriptor
 .text.USBD_FS_InterfaceStrDescriptor
                0x0000000008004d78       0x3c USB_DEVICE/App/usbd_desc.o
                0x0000000008004d78                USBD_FS_InterfaceStrDescriptor
 .text.Get_SerialNum
                0x0000000008004db4       0x58 USB_DEVICE/App/usbd_desc.o
 .text.IntToUnicode
                0x0000000008004e0c       0x7a USB_DEVICE/App/usbd_desc.o
 *fill*         0x0000000008004e86        0x2 
 .text.HAL_PCD_MspInit
                0x0000000008004e88       0x4c USB_DEVICE/Target/usbd_conf.o
                0x0000000008004e88                HAL_PCD_MspInit
 .text.HAL_PCD_SetupStageCallback
                0x0000000008004ed4       0x24 USB_DEVICE/Target/usbd_conf.o
                0x0000000008004ed4                HAL_PCD_SetupStageCallback
 .text.HAL_PCD_DataOutStageCallback
                0x0000000008004ef8       0x30 USB_DEVICE/Target/usbd_conf.o
                0x0000000008004ef8                HAL_PCD_DataOutStageCallback
 .text.HAL_PCD_DataInStageCallback
                0x0000000008004f28       0x2e USB_DEVICE/Target/usbd_conf.o
                0x0000000008004f28                HAL_PCD_DataInStageCallback
 .text.HAL_PCD_SOFCallback
                0x0000000008004f56       0x1c USB_DEVICE/Target/usbd_conf.o
                0x0000000008004f56                HAL_PCD_SOFCallback
 .text.HAL_PCD_ResetCallback
                0x0000000008004f72       0x3c USB_DEVICE/Target/usbd_conf.o
                0x0000000008004f72                HAL_PCD_ResetCallback
 *fill*         0x0000000008004fae        0x2 
 .text.HAL_PCD_SuspendCallback
                0x0000000008004fb0       0x34 USB_DEVICE/Target/usbd_conf.o
                0x0000000008004fb0                HAL_PCD_SuspendCallback
 .text.HAL_PCD_ResumeCallback
                0x0000000008004fe4       0x1c USB_DEVICE/Target/usbd_conf.o
                0x0000000008004fe4                HAL_PCD_ResumeCallback
 .text.USBD_LL_Init
                0x0000000008005000       0xb4 USB_DEVICE/Target/usbd_conf.o
                0x0000000008005000                USBD_LL_Init
 .text.USBD_LL_Start
                0x00000000080050b4       0x36 USB_DEVICE/Target/usbd_conf.o
                0x00000000080050b4                USBD_LL_Start
 .text.USBD_LL_OpenEP
                0x00000000080050ea       0x4c USB_DEVICE/Target/usbd_conf.o
                0x00000000080050ea                USBD_LL_OpenEP
 .text.USBD_LL_CloseEP
                0x0000000008005136       0x3e USB_DEVICE/Target/usbd_conf.o
                0x0000000008005136                USBD_LL_CloseEP
 .text.USBD_LL_StallEP
                0x0000000008005174       0x3e USB_DEVICE/Target/usbd_conf.o
                0x0000000008005174                USBD_LL_StallEP
 .text.USBD_LL_ClearStallEP
                0x00000000080051b2       0x3e USB_DEVICE/Target/usbd_conf.o
                0x00000000080051b2                USBD_LL_ClearStallEP
 .text.USBD_LL_IsStallEP
                0x00000000080051f0       0x4a USB_DEVICE/Target/usbd_conf.o
                0x00000000080051f0                USBD_LL_IsStallEP
 .text.USBD_LL_SetUSBAddress
                0x000000000800523a       0x3e USB_DEVICE/Target/usbd_conf.o
                0x000000000800523a                USBD_LL_SetUSBAddress
 .text.USBD_LL_Transmit
                0x0000000008005278       0x46 USB_DEVICE/Target/usbd_conf.o
                0x0000000008005278                USBD_LL_Transmit
 .text.USBD_LL_PrepareReceive
                0x00000000080052be       0x46 USB_DEVICE/Target/usbd_conf.o
                0x00000000080052be                USBD_LL_PrepareReceive
 .text.USBD_LL_GetRxDataSize
                0x0000000008005304       0x26 USB_DEVICE/Target/usbd_conf.o
                0x0000000008005304                USBD_LL_GetRxDataSize
 *fill*         0x000000000800532a        0x2 
 .text.USBD_static_malloc
                0x000000000800532c       0x18 USB_DEVICE/Target/usbd_conf.o
                0x000000000800532c                USBD_static_malloc
 .text.USBD_static_free
                0x0000000008005344       0x12 USB_DEVICE/Target/usbd_conf.o
                0x0000000008005344                USBD_static_free
 .text.HAL_PCDEx_SetConnectionState
                0x0000000008005356       0x16 USB_DEVICE/Target/usbd_conf.o
                0x0000000008005356                HAL_PCDEx_SetConnectionState
 .text.USBD_Get_USB_Status
                0x000000000800536c       0x58 USB_DEVICE/Target/usbd_conf.o
 .text.__libc_init_array
                0x00000000080053c4       0x48 c:/st/stm32cubeide_1.1.0/stm32cubeide/plugins/com.st.stm32cube.ide.mcu.externaltools.gnu-tools-for-stm32.7-2018-q2-update.win32_1.0.0.201904181610/tools/bin/../lib/gcc/arm-none-eabi/7.3.1/../../../../arm-none-eabi/lib/thumb/v7-m\libc_nano.a(lib_a-init.o)
                0x00000000080053c4                __libc_init_array
 .text.memset   0x000000000800540c       0x10 c:/st/stm32cubeide_1.1.0/stm32cubeide/plugins/com.st.stm32cube.ide.mcu.externaltools.gnu-tools-for-stm32.7-2018-q2-update.win32_1.0.0.201904181610/tools/bin/../lib/gcc/arm-none-eabi/7.3.1/../../../../arm-none-eabi/lib/thumb/v7-m\libc_nano.a(lib_a-memset.o)
                0x000000000800540c                memset
 *(.glue_7)
 .glue_7        0x000000000800541c        0x0 linker stubs
 *(.glue_7t)
 .glue_7t       0x000000000800541c        0x0 linker stubs
 *(.eh_frame)
 .eh_frame      0x000000000800541c        0x0 c:/st/stm32cubeide_1.1.0/stm32cubeide/plugins/com.st.stm32cube.ide.mcu.externaltools.gnu-tools-for-stm32.7-2018-q2-update.win32_1.0.0.201904181610/tools/bin/../lib/gcc/arm-none-eabi/7.3.1/thumb/v7-m/crtbegin.o
 *(.init)
 .init          0x000000000800541c        0x4 c:/st/stm32cubeide_1.1.0/stm32cubeide/plugins/com.st.stm32cube.ide.mcu.externaltools.gnu-tools-for-stm32.7-2018-q2-update.win32_1.0.0.201904181610/tools/bin/../lib/gcc/arm-none-eabi/7.3.1/thumb/v7-m/crti.o
                0x000000000800541c                _init
 .init          0x0000000008005420        0x8 c:/st/stm32cubeide_1.1.0/stm32cubeide/plugins/com.st.stm32cube.ide.mcu.externaltools.gnu-tools-for-stm32.7-2018-q2-update.win32_1.0.0.201904181610/tools/bin/../lib/gcc/arm-none-eabi/7.3.1/thumb/v7-m/crtn.o
 *(.fini)
 .fini          0x0000000008005428        0x4 c:/st/stm32cubeide_1.1.0/stm32cubeide/plugins/com.st.stm32cube.ide.mcu.externaltools.gnu-tools-for-stm32.7-2018-q2-update.win32_1.0.0.201904181610/tools/bin/../lib/gcc/arm-none-eabi/7.3.1/thumb/v7-m/crti.o
                0x0000000008005428                _fini
 .fini          0x000000000800542c        0x8 c:/st/stm32cubeide_1.1.0/stm32cubeide/plugins/com.st.stm32cube.ide.mcu.externaltools.gnu-tools-for-stm32.7-2018-q2-update.win32_1.0.0.201904181610/tools/bin/../lib/gcc/arm-none-eabi/7.3.1/thumb/v7-m/crtn.o
                0x0000000008005434                . = ALIGN (0x4)
                0x0000000008005434                _etext = .

.vfp11_veneer   0x0000000008005434        0x0
 .vfp11_veneer  0x0000000008005434        0x0 linker stubs

.v4_bx          0x0000000008005434        0x0
 .v4_bx         0x0000000008005434        0x0 linker stubs

.iplt           0x0000000008005434        0x0
 .iplt          0x0000000008005434        0x0 c:/st/stm32cubeide_1.1.0/stm32cubeide/plugins/com.st.stm32cube.ide.mcu.externaltools.gnu-tools-for-stm32.7-2018-q2-update.win32_1.0.0.201904181610/tools/bin/../lib/gcc/arm-none-eabi/7.3.1/thumb/v7-m/crtbegin.o

.rodata         0x0000000008005434       0x6c
                0x0000000008005434                . = ALIGN (0x4)
 *(.rodata)
 .rodata        0x0000000008005434        0x7 Core/Src/main.o
 *fill*         0x000000000800543b        0x1 
 .rodata        0x000000000800543c       0x12 Drivers/STM32F1xx_HAL_Driver/Src/stm32f1xx_hal_rcc.o
 *fill*         0x000000000800544e        0x2 
 .rodata        0x0000000008005450       0x3e USB_DEVICE/App/usbd_desc.o
 *(.rodata*)
 *fill*         0x000000000800548e        0x2 
 .rodata.AHBPrescTable
                0x0000000008005490       0x10 Core/Src/system_stm32f1xx.o
                0x0000000008005490                AHBPrescTable
                0x00000000080054a0                . = ALIGN (0x4)

.rel.dyn        0x00000000080054a0        0x0
 .rel.iplt      0x00000000080054a0        0x0 c:/st/stm32cubeide_1.1.0/stm32cubeide/plugins/com.st.stm32cube.ide.mcu.externaltools.gnu-tools-for-stm32.7-2018-q2-update.win32_1.0.0.201904181610/tools/bin/../lib/gcc/arm-none-eabi/7.3.1/thumb/v7-m/crtbegin.o

.ARM.extab      0x00000000080054a0        0x0
                0x00000000080054a0                . = ALIGN (0x4)
 *(.ARM.extab* .gnu.linkonce.armextab.*)
                0x00000000080054a0                . = ALIGN (0x4)

.ARM            0x00000000080054a0        0x0
                0x00000000080054a0                . = ALIGN (0x4)
                0x00000000080054a0                __exidx_start = .
 *(.ARM.exidx*)
                0x00000000080054a0                __exidx_end = .
                0x00000000080054a0                . = ALIGN (0x4)

.preinit_array  0x00000000080054a0        0x0
                0x00000000080054a0                . = ALIGN (0x4)
                0x00000000080054a0                PROVIDE (__preinit_array_start = .)
 *(.preinit_array*)
                0x00000000080054a0                PROVIDE (__preinit_array_end = .)
                0x00000000080054a0                . = ALIGN (0x4)

.init_array     0x00000000080054a0        0x4
                0x00000000080054a0                . = ALIGN (0x4)
                0x00000000080054a0                PROVIDE (__init_array_start = .)
 *(SORT_BY_NAME(.init_array.*))
 *(.init_array*)
 .init_array    0x00000000080054a0        0x4 c:/st/stm32cubeide_1.1.0/stm32cubeide/plugins/com.st.stm32cube.ide.mcu.externaltools.gnu-tools-for-stm32.7-2018-q2-update.win32_1.0.0.201904181610/tools/bin/../lib/gcc/arm-none-eabi/7.3.1/thumb/v7-m/crtbegin.o
                0x00000000080054a4                PROVIDE (__init_array_end = .)
                0x00000000080054a4                . = ALIGN (0x4)

.fini_array     0x00000000080054a4        0x4
                0x00000000080054a4                . = ALIGN (0x4)
                [!provide]                        PROVIDE (__fini_array_start = .)
 *(SORT_BY_NAME(.fini_array.*))
 *(.fini_array*)
 .fini_array    0x00000000080054a4        0x4 c:/st/stm32cubeide_1.1.0/stm32cubeide/plugins/com.st.stm32cube.ide.mcu.externaltools.gnu-tools-for-stm32.7-2018-q2-update.win32_1.0.0.201904181610/tools/bin/../lib/gcc/arm-none-eabi/7.3.1/thumb/v7-m/crtbegin.o
                [!provide]                        PROVIDE (__fini_array_end = .)
                0x00000000080054a8                . = ALIGN (0x4)
                0x00000000080054a8                _sidata = LOADADDR (.data)

.data           0x0000000020000000      0x17c load address 0x00000000080054a8
                0x0000000020000000                . = ALIGN (0x4)
                0x0000000020000000                _sdata = .
 *(.data)
 *(.data*)
 .data.SystemCoreClock
                0x0000000020000000        0x4 Core/Src/system_stm32f1xx.o
                0x0000000020000000                SystemCoreClock
 .data.uwTickPrio
                0x0000000020000004        0x4 Drivers/STM32F1xx_HAL_Driver/Src/stm32f1xx_hal.o
                0x0000000020000004                uwTickPrio
 .data.uwTickFreq
                0x0000000020000008        0x1 Drivers/STM32F1xx_HAL_Driver/Src/stm32f1xx_hal.o
                0x0000000020000008                uwTickFreq
 *fill*         0x0000000020000009        0x3 
 .data.USBD_CDC_DeviceQualifierDesc
                0x000000002000000c        0xa Middlewares/ST/STM32_USB_Device_Library/Class/CDC/Src/usbd_cdc.o
 *fill*         0x0000000020000016        0x2 
 .data.USBD_CDC
                0x0000000020000018       0x38 Middlewares/ST/STM32_USB_Device_Library/Class/CDC/Src/usbd_cdc.o
                0x0000000020000018                USBD_CDC
 .data.USBD_CDC_CfgHSDesc
                0x0000000020000050       0x43 Middlewares/ST/STM32_USB_Device_Library/Class/CDC/Src/usbd_cdc.o
                0x0000000020000050                USBD_CDC_CfgHSDesc
 *fill*         0x0000000020000093        0x1 
 .data.USBD_CDC_CfgFSDesc
                0x0000000020000094       0x43 Middlewares/ST/STM32_USB_Device_Library/Class/CDC/Src/usbd_cdc.o
                0x0000000020000094                USBD_CDC_CfgFSDesc
 *fill*         0x00000000200000d7        0x1 
 .data.USBD_CDC_OtherSpeedCfgDesc
                0x00000000200000d8       0x43 Middlewares/ST/STM32_USB_Device_Library/Class/CDC/Src/usbd_cdc.o
                0x00000000200000d8                USBD_CDC_OtherSpeedCfgDesc
 *fill*         0x000000002000011b        0x1 
 .data.USBD_Interface_fops_FS
                0x000000002000011c       0x10 USB_DEVICE/App/usbd_cdc_if.o
                0x000000002000011c                USBD_Interface_fops_FS
 .data.FS_Desc  0x000000002000012c       0x1c USB_DEVICE/App/usbd_desc.o
                0x000000002000012c                FS_Desc
 .data.USBD_FS_DeviceDesc
                0x0000000020000148       0x12 USB_DEVICE/App/usbd_desc.o
                0x0000000020000148                USBD_FS_DeviceDesc
 *fill*         0x000000002000015a        0x2 
 .data.USBD_LangIDDesc
                0x000000002000015c        0x4 USB_DEVICE/App/usbd_desc.o
                0x000000002000015c                USBD_LangIDDesc
 .data.USBD_StringSerial
                0x0000000020000160       0x1a USB_DEVICE/App/usbd_desc.o
                0x0000000020000160                USBD_StringSerial
                0x000000002000017c                . = ALIGN (0x4)
 *fill*         0x000000002000017a        0x2 
                0x000000002000017c                _edata = .

.igot.plt       0x000000002000017c        0x0 load address 0x0000000008005624
 .igot.plt      0x000000002000017c        0x0 c:/st/stm32cubeide_1.1.0/stm32cubeide/plugins/com.st.stm32cube.ide.mcu.externaltools.gnu-tools-for-stm32.7-2018-q2-update.win32_1.0.0.201904181610/tools/bin/../lib/gcc/arm-none-eabi/7.3.1/thumb/v7-m/crtbegin.o
                0x000000002000017c                . = ALIGN (0x4)

.bss            0x000000002000017c     0x1144 load address 0x0000000008005624
                0x000000002000017c                _sbss = .
                0x000000002000017c                __bss_start__ = _sbss
 *(.bss)
 .bss           0x000000002000017c       0x1c c:/st/stm32cubeide_1.1.0/stm32cubeide/plugins/com.st.stm32cube.ide.mcu.externaltools.gnu-tools-for-stm32.7-2018-q2-update.win32_1.0.0.201904181610/tools/bin/../lib/gcc/arm-none-eabi/7.3.1/thumb/v7-m/crtbegin.o
 *(.bss*)
 .bss.cfgidx.7624
                0x0000000020000198        0x1 Middlewares/ST/STM32_USB_Device_Library/Core/Src/usbd_ctlreq.o
 *fill*         0x0000000020000199        0x3 
 .bss.mem.7689  0x000000002000019c      0x220 USB_DEVICE/Target/usbd_conf.o
 *(COMMON)
 COMMON         0x00000000200003bc        0x4 Drivers/STM32F1xx_HAL_Driver/Src/stm32f1xx_hal.o
                0x00000000200003bc                uwTick
 COMMON         0x00000000200003c0      0x2c4 USB_DEVICE/App/usb_device.o
                0x00000000200003c0                hUsbDeviceFS
 COMMON         0x0000000020000684      0x7d0 USB_DEVICE/App/usbd_cdc_if.o
                0x0000000020000684                UserRxBufferFS
                0x0000000020000a6c                UserTxBufferFS
 COMMON         0x0000000020000e54      0x200 USB_DEVICE/App/usbd_desc.o
                0x0000000020000e54                USBD_StrDesc
 COMMON         0x0000000020001054      0x26c USB_DEVICE/Target/usbd_conf.o
                0x0000000020001054                hpcd_USB_FS
                0x00000000200012c0                . = ALIGN (0x4)
                0x00000000200012c0                _ebss = .
                0x00000000200012c0                __bss_end__ = _ebss

._user_heap_stack
                0x00000000200012c0      0x600 load address 0x0000000008005624
                0x00000000200012c0                . = ALIGN (0x8)
                0x00000000200012c0                PROVIDE (end = .)
                [!provide]                        PROVIDE (_end = .)
                0x00000000200014c0                . = (. + _Min_Heap_Size)
 *fill*         0x00000000200012c0      0x200 
                0x00000000200018c0                . = (. + _Min_Stack_Size)
 *fill*         0x00000000200014c0      0x400 
                0x00000000200018c0                . = ALIGN (0x8)

/DISCARD/
 libc.a(*)
 libm.a(*)
 libgcc.a(*)

.ARM.attributes
                0x0000000000000000       0x29
 *(.ARM.attributes)
 .ARM.attributes
                0x0000000000000000       0x1d c:/st/stm32cubeide_1.1.0/stm32cubeide/plugins/com.st.stm32cube.ide.mcu.externaltools.gnu-tools-for-stm32.7-2018-q2-update.win32_1.0.0.201904181610/tools/bin/../lib/gcc/arm-none-eabi/7.3.1/thumb/v7-m/crti.o
 .ARM.attributes
                0x000000000000001d       0x2d c:/st/stm32cubeide_1.1.0/stm32cubeide/plugins/com.st.stm32cube.ide.mcu.externaltools.gnu-tools-for-stm32.7-2018-q2-update.win32_1.0.0.201904181610/tools/bin/../lib/gcc/arm-none-eabi/7.3.1/thumb/v7-m/crtbegin.o
 .ARM.attributes
                0x000000000000004a       0x33 Core/Src/main.o
 .ARM.attributes
                0x000000000000007d       0x33 Core/Src/stm32f1xx_hal_msp.o
 .ARM.attributes
                0x00000000000000b0       0x33 Core/Src/stm32f1xx_it.o
 .ARM.attributes
                0x00000000000000e3       0x33 Core/Src/system_stm32f1xx.o
 .ARM.attributes
                0x0000000000000116       0x21 Core/Startup/startup_stm32f103c8tx.o
 .ARM.attributes
                0x0000000000000137       0x33 Drivers/STM32F1xx_HAL_Driver/Src/stm32f1xx_hal.o
 .ARM.attributes
                0x000000000000016a       0x33 Drivers/STM32F1xx_HAL_Driver/Src/stm32f1xx_hal_cortex.o
 .ARM.attributes
                0x000000000000019d       0x33 Drivers/STM32F1xx_HAL_Driver/Src/stm32f1xx_hal_gpio.o
 .ARM.attributes
                0x00000000000001d0       0x33 Drivers/STM32F1xx_HAL_Driver/Src/stm32f1xx_hal_pcd.o
 .ARM.attributes
                0x0000000000000203       0x33 Drivers/STM32F1xx_HAL_Driver/Src/stm32f1xx_hal_pcd_ex.o
 .ARM.attributes
                0x0000000000000236       0x33 Drivers/STM32F1xx_HAL_Driver/Src/stm32f1xx_hal_rcc.o
 .ARM.attributes
                0x0000000000000269       0x33 Drivers/STM32F1xx_HAL_Driver/Src/stm32f1xx_hal_rcc_ex.o
 .ARM.attributes
                0x000000000000029c       0x33 Drivers/STM32F1xx_HAL_Driver/Src/stm32f1xx_ll_usb.o
 .ARM.attributes
                0x00000000000002cf       0x33 Middlewares/ST/STM32_USB_Device_Library/Class/CDC/Src/usbd_cdc.o
 .ARM.attributes
                0x0000000000000302       0x33 Middlewares/ST/STM32_USB_Device_Library/Core/Src/usbd_core.o
 .ARM.attributes
                0x0000000000000335       0x33 Middlewares/ST/STM32_USB_Device_Library/Core/Src/usbd_ctlreq.o
 .ARM.attributes
                0x0000000000000368       0x33 Middlewares/ST/STM32_USB_Device_Library/Core/Src/usbd_ioreq.o
 .ARM.attributes
                0x000000000000039b       0x33 USB_DEVICE/App/usb_device.o
 .ARM.attributes
                0x00000000000003ce       0x33 USB_DEVICE/App/usbd_cdc_if.o
 .ARM.attributes
                0x0000000000000401       0x33 USB_DEVICE/App/usbd_desc.o
 .ARM.attributes
                0x0000000000000434       0x33 USB_DEVICE/Target/usbd_conf.o
 .ARM.attributes
                0x0000000000000467       0x2d c:/st/stm32cubeide_1.1.0/stm32cubeide/plugins/com.st.stm32cube.ide.mcu.externaltools.gnu-tools-for-stm32.7-2018-q2-update.win32_1.0.0.201904181610/tools/bin/../lib/gcc/arm-none-eabi/7.3.1/../../../../arm-none-eabi/lib/thumb/v7-m\libc_nano.a(lib_a-init.o)
 .ARM.attributes
                0x0000000000000494       0x2d c:/st/stm32cubeide_1.1.0/stm32cubeide/plugins/com.st.stm32cube.ide.mcu.externaltools.gnu-tools-for-stm32.7-2018-q2-update.win32_1.0.0.201904181610/tools/bin/../lib/gcc/arm-none-eabi/7.3.1/../../../../arm-none-eabi/lib/thumb/v7-m\libc_nano.a(lib_a-memset.o)
 .ARM.attributes
                0x00000000000004c1       0x1d c:/st/stm32cubeide_1.1.0/stm32cubeide/plugins/com.st.stm32cube.ide.mcu.externaltools.gnu-tools-for-stm32.7-2018-q2-update.win32_1.0.0.201904181610/tools/bin/../lib/gcc/arm-none-eabi/7.3.1/thumb/v7-m/crtn.o
OUTPUT(blink.elf elf32-littlearm)

.debug_info     0x0000000000000000    0x101f4
 .debug_info    0x0000000000000000     0x11e6 Core/Src/main.o
 .debug_info    0x00000000000011e6      0x2cb Core/Src/stm32f1xx_hal_msp.o
 .debug_info    0x00000000000014b1      0x681 Core/Src/stm32f1xx_it.o
 .debug_info    0x0000000000001b32      0x433 Core/Src/system_stm32f1xx.o
 .debug_info    0x0000000000001f65       0x22 Core/Startup/startup_stm32f103c8tx.o
 .debug_info    0x0000000000001f87      0x6fe Drivers/STM32F1xx_HAL_Driver/Src/stm32f1xx_hal.o
 .debug_info    0x0000000000002685      0xb46 Drivers/STM32F1xx_HAL_Driver/Src/stm32f1xx_hal_cortex.o
 .debug_info    0x00000000000031cb      0x681 Drivers/STM32F1xx_HAL_Driver/Src/stm32f1xx_hal_gpio.o
 .debug_info    0x000000000000384c      0xe38 Drivers/STM32F1xx_HAL_Driver/Src/stm32f1xx_hal_pcd.o
 .debug_info    0x0000000000004684      0x760 Drivers/STM32F1xx_HAL_Driver/Src/stm32f1xx_hal_pcd_ex.o
 .debug_info    0x0000000000004de4      0x804 Drivers/STM32F1xx_HAL_Driver/Src/stm32f1xx_hal_rcc.o
 .debug_info    0x00000000000055e8      0x439 Drivers/STM32F1xx_HAL_Driver/Src/stm32f1xx_hal_rcc_ex.o
 .debug_info    0x0000000000005a21     0x14f9 Drivers/STM32F1xx_HAL_Driver/Src/stm32f1xx_ll_usb.o
 .debug_info    0x0000000000006f1a     0x1791 Middlewares/ST/STM32_USB_Device_Library/Class/CDC/Src/usbd_cdc.o
 .debug_info    0x00000000000086ab     0x11c2 Middlewares/ST/STM32_USB_Device_Library/Core/Src/usbd_core.o
 .debug_info    0x000000000000986d     0x1132 Middlewares/ST/STM32_USB_Device_Library/Core/Src/usbd_ctlreq.o
 .debug_info    0x000000000000a99f      0xf23 Middlewares/ST/STM32_USB_Device_Library/Core/Src/usbd_ioreq.o
 .debug_info    0x000000000000b8c2      0xe6b USB_DEVICE/App/usb_device.o
 .debug_info    0x000000000000c72d     0x102b USB_DEVICE/App/usbd_cdc_if.o
 .debug_info    0x000000000000d758      0xd07 USB_DEVICE/App/usbd_desc.o
 .debug_info    0x000000000000e45f     0x1d95 USB_DEVICE/Target/usbd_conf.o

.debug_abbrev   0x0000000000000000     0x290e
 .debug_abbrev  0x0000000000000000      0x241 Core/Src/main.o
 .debug_abbrev  0x0000000000000241      0x109 Core/Src/stm32f1xx_hal_msp.o
 .debug_abbrev  0x000000000000034a      0x155 Core/Src/stm32f1xx_it.o
 .debug_abbrev  0x000000000000049f      0x134 Core/Src/system_stm32f1xx.o
 .debug_abbrev  0x00000000000005d3       0x12 Core/Startup/startup_stm32f103c8tx.o
 .debug_abbrev  0x00000000000005e5      0x1d8 Drivers/STM32F1xx_HAL_Driver/Src/stm32f1xx_hal.o
 .debug_abbrev  0x00000000000007bd      0x2d5 Drivers/STM32F1xx_HAL_Driver/Src/stm32f1xx_hal_cortex.o
 .debug_abbrev  0x0000000000000a92      0x1c0 Drivers/STM32F1xx_HAL_Driver/Src/stm32f1xx_hal_gpio.o
 .debug_abbrev  0x0000000000000c52      0x263 Drivers/STM32F1xx_HAL_Driver/Src/stm32f1xx_hal_pcd.o
 .debug_abbrev  0x0000000000000eb5      0x188 Drivers/STM32F1xx_HAL_Driver/Src/stm32f1xx_hal_pcd_ex.o
 .debug_abbrev  0x000000000000103d      0x243 Drivers/STM32F1xx_HAL_Driver/Src/stm32f1xx_hal_rcc.o
 .debug_abbrev  0x0000000000001280      0x175 Drivers/STM32F1xx_HAL_Driver/Src/stm32f1xx_hal_rcc_ex.o
 .debug_abbrev  0x00000000000013f5      0x1c5 Drivers/STM32F1xx_HAL_Driver/Src/stm32f1xx_ll_usb.o
 .debug_abbrev  0x00000000000015ba      0x2b6 Middlewares/ST/STM32_USB_Device_Library/Class/CDC/Src/usbd_cdc.o
 .debug_abbrev  0x0000000000001870      0x270 Middlewares/ST/STM32_USB_Device_Library/Core/Src/usbd_core.o
 .debug_abbrev  0x0000000000001ae0      0x2a0 Middlewares/ST/STM32_USB_Device_Library/Core/Src/usbd_ctlreq.o
 .debug_abbrev  0x0000000000001d80      0x1e0 Middlewares/ST/STM32_USB_Device_Library/Core/Src/usbd_ioreq.o
 .debug_abbrev  0x0000000000001f60      0x1be USB_DEVICE/App/usb_device.o
 .debug_abbrev  0x000000000000211e      0x285 USB_DEVICE/App/usbd_cdc_if.o
 .debug_abbrev  0x00000000000023a3      0x290 USB_DEVICE/App/usbd_desc.o
 .debug_abbrev  0x0000000000002633      0x2db USB_DEVICE/Target/usbd_conf.o

.debug_aranges  0x0000000000000000      0xa60
 .debug_aranges
                0x0000000000000000       0x38 Core/Src/main.o
 .debug_aranges
                0x0000000000000038       0x20 Core/Src/stm32f1xx_hal_msp.o
 .debug_aranges
                0x0000000000000058       0x68 Core/Src/stm32f1xx_it.o
 .debug_aranges
                0x00000000000000c0       0x28 Core/Src/system_stm32f1xx.o
 .debug_aranges
                0x00000000000000e8       0x28 Core/Startup/startup_stm32f103c8tx.o
 .debug_aranges
                0x0000000000000110       0xe0 Drivers/STM32F1xx_HAL_Driver/Src/stm32f1xx_hal.o
 .debug_aranges
                0x00000000000001f0      0x100 Drivers/STM32F1xx_HAL_Driver/Src/stm32f1xx_hal_cortex.o
 .debug_aranges
                0x00000000000002f0       0x58 Drivers/STM32F1xx_HAL_Driver/Src/stm32f1xx_hal_gpio.o
 .debug_aranges
                0x0000000000000348      0x120 Drivers/STM32F1xx_HAL_Driver/Src/stm32f1xx_hal_pcd.o
 .debug_aranges
                0x0000000000000468       0x38 Drivers/STM32F1xx_HAL_Driver/Src/stm32f1xx_hal_pcd_ex.o
 .debug_aranges
                0x00000000000004a0       0x90 Drivers/STM32F1xx_HAL_Driver/Src/stm32f1xx_hal_rcc.o
 .debug_aranges
                0x0000000000000530       0x30 Drivers/STM32F1xx_HAL_Driver/Src/stm32f1xx_hal_rcc_ex.o
 .debug_aranges
                0x0000000000000560      0x108 Drivers/STM32F1xx_HAL_Driver/Src/stm32f1xx_ll_usb.o
 .debug_aranges
                0x0000000000000668       0x90 Middlewares/ST/STM32_USB_Device_Library/Class/CDC/Src/usbd_cdc.o
 .debug_aranges
                0x00000000000006f8       0xb8 Middlewares/ST/STM32_USB_Device_Library/Core/Src/usbd_core.o
 .debug_aranges
                0x00000000000007b0       0x88 Middlewares/ST/STM32_USB_Device_Library/Core/Src/usbd_ctlreq.o
 .debug_aranges
                0x0000000000000838       0x50 Middlewares/ST/STM32_USB_Device_Library/Core/Src/usbd_ioreq.o
 .debug_aranges
                0x0000000000000888       0x20 USB_DEVICE/App/usb_device.o
 .debug_aranges
                0x00000000000008a8       0x40 USB_DEVICE/App/usbd_cdc_if.o
 .debug_aranges
                0x00000000000008e8       0x60 USB_DEVICE/App/usbd_desc.o
 .debug_aranges
                0x0000000000000948      0x118 USB_DEVICE/Target/usbd_conf.o

.debug_ranges   0x0000000000000000      0x918
 .debug_ranges  0x0000000000000000       0x28 Core/Src/main.o
 .debug_ranges  0x0000000000000028       0x10 Core/Src/stm32f1xx_hal_msp.o
 .debug_ranges  0x0000000000000038       0x58 Core/Src/stm32f1xx_it.o
 .debug_ranges  0x0000000000000090       0x18 Core/Src/system_stm32f1xx.o
 .debug_ranges  0x00000000000000a8       0x20 Core/Startup/startup_stm32f103c8tx.o
 .debug_ranges  0x00000000000000c8       0xd0 Drivers/STM32F1xx_HAL_Driver/Src/stm32f1xx_hal.o
 .debug_ranges  0x0000000000000198       0xf0 Drivers/STM32F1xx_HAL_Driver/Src/stm32f1xx_hal_cortex.o
 .debug_ranges  0x0000000000000288       0x48 Drivers/STM32F1xx_HAL_Driver/Src/stm32f1xx_hal_gpio.o
 .debug_ranges  0x00000000000002d0      0x110 Drivers/STM32F1xx_HAL_Driver/Src/stm32f1xx_hal_pcd.o
 .debug_ranges  0x00000000000003e0       0x28 Drivers/STM32F1xx_HAL_Driver/Src/stm32f1xx_hal_pcd_ex.o
 .debug_ranges  0x0000000000000408       0x80 Drivers/STM32F1xx_HAL_Driver/Src/stm32f1xx_hal_rcc.o
 .debug_ranges  0x0000000000000488       0x20 Drivers/STM32F1xx_HAL_Driver/Src/stm32f1xx_hal_rcc_ex.o
 .debug_ranges  0x00000000000004a8       0xf8 Drivers/STM32F1xx_HAL_Driver/Src/stm32f1xx_ll_usb.o
 .debug_ranges  0x00000000000005a0       0x80 Middlewares/ST/STM32_USB_Device_Library/Class/CDC/Src/usbd_cdc.o
 .debug_ranges  0x0000000000000620       0xa8 Middlewares/ST/STM32_USB_Device_Library/Core/Src/usbd_core.o
 .debug_ranges  0x00000000000006c8       0x78 Middlewares/ST/STM32_USB_Device_Library/Core/Src/usbd_ctlreq.o
 .debug_ranges  0x0000000000000740       0x40 Middlewares/ST/STM32_USB_Device_Library/Core/Src/usbd_ioreq.o
 .debug_ranges  0x0000000000000780       0x10 USB_DEVICE/App/usb_device.o
 .debug_ranges  0x0000000000000790       0x30 USB_DEVICE/App/usbd_cdc_if.o
 .debug_ranges  0x00000000000007c0       0x50 USB_DEVICE/App/usbd_desc.o
 .debug_ranges  0x0000000000000810      0x108 USB_DEVICE/Target/usbd_conf.o

.debug_macro    0x0000000000000000    0x16066
 .debug_macro   0x0000000000000000      0x3d0 Core/Src/main.o
 .debug_macro   0x00000000000003d0      0xa5a Core/Src/main.o
 .debug_macro   0x0000000000000e2a      0x215 Core/Src/main.o
 .debug_macro   0x000000000000103f       0x2e Core/Src/main.o
 .debug_macro   0x000000000000106d       0x22 Core/Src/main.o
 .debug_macro   0x000000000000108f       0x22 Core/Src/main.o
 .debug_macro   0x00000000000010b1       0x8e Core/Src/main.o
 .debug_macro   0x000000000000113f       0x51 Core/Src/main.o
 .debug_macro   0x0000000000001190       0xef Core/Src/main.o
 .debug_macro   0x000000000000127f       0x6a Core/Src/main.o
 .debug_macro   0x00000000000012e9      0x1df Core/Src/main.o
 .debug_macro   0x00000000000014c8       0x1c Core/Src/main.o
 .debug_macro   0x00000000000014e4       0x22 Core/Src/main.o
 .debug_macro   0x0000000000001506       0xc3 Core/Src/main.o
 .debug_macro   0x00000000000015c9      0xd23 Core/Src/main.o
 .debug_macro   0x00000000000022ec     0xe09e Core/Src/main.o
 .debug_macro   0x000000000001038a       0x43 Core/Src/main.o
 .debug_macro   0x00000000000103cd      0x174 Core/Src/main.o
 .debug_macro   0x0000000000010541       0x5a Core/Src/main.o
 .debug_macro   0x000000000001059b      0x5be Core/Src/main.o
 .debug_macro   0x0000000000010b59      0x289 Core/Src/main.o
 .debug_macro   0x0000000000010de2      0x1cb Core/Src/main.o
 .debug_macro   0x0000000000010fad      0x114 Core/Src/main.o
 .debug_macro   0x00000000000110c1      0x1b2 Core/Src/main.o
 .debug_macro   0x0000000000011273       0x27 Core/Src/main.o
 .debug_macro   0x000000000001129a      0x136 Core/Src/main.o
 .debug_macro   0x00000000000113d0      0x1bc Core/Src/main.o
 .debug_macro   0x000000000001158c       0x34 Core/Src/main.o
 .debug_macro   0x00000000000115c0       0x3c Core/Src/main.o
 .debug_macro   0x00000000000115fc       0x57 Core/Src/main.o
 .debug_macro   0x0000000000011653       0x88 Core/Src/main.o
 .debug_macro   0x00000000000116db      0x241 Core/Src/main.o
 .debug_macro   0x000000000001191c      0x141 Core/Src/main.o
 .debug_macro   0x0000000000011a5d       0x65 Core/Src/main.o
 .debug_macro   0x0000000000011ac2      0x249 Core/Src/main.o
 .debug_macro   0x0000000000011d0b       0x83 Core/Src/main.o
 .debug_macro   0x0000000000011d8e       0x46 Core/Src/main.o
 .debug_macro   0x0000000000011dd4       0x18 Core/Src/main.o
 .debug_macro   0x0000000000011dec       0x3c Core/Src/main.o
 .debug_macro   0x0000000000011e28       0x34 Core/Src/main.o
 .debug_macro   0x0000000000011e5c       0x16 Core/Src/main.o
 .debug_macro   0x0000000000011e72       0x35 Core/Src/main.o
 .debug_macro   0x0000000000011ea7      0x32a Core/Src/main.o
 .debug_macro   0x00000000000121d1       0x10 Core/Src/main.o
 .debug_macro   0x00000000000121e1       0x52 Core/Src/main.o
 .debug_macro   0x0000000000012233       0x1f Core/Src/main.o
 .debug_macro   0x0000000000012252       0x43 Core/Src/main.o
 .debug_macro   0x0000000000012295       0x20 Core/Src/main.o
 .debug_macro   0x00000000000122b5      0x1a3 Core/Src/main.o
 .debug_macro   0x0000000000012458       0x10 Core/Src/main.o
 .debug_macro   0x0000000000012468       0x1c Core/Src/main.o
 .debug_macro   0x0000000000012484       0x52 Core/Src/main.o
 .debug_macro   0x00000000000124d6       0x40 Core/Src/main.o
 .debug_macro   0x0000000000012516       0x10 Core/Src/main.o
 .debug_macro   0x0000000000012526       0x40 Core/Src/main.o
 .debug_macro   0x0000000000012566       0xd7 Core/Src/main.o
 .debug_macro   0x000000000001263d       0x1c Core/Src/main.o
 .debug_macro   0x0000000000012659       0x3d Core/Src/main.o
 .debug_macro   0x0000000000012696       0x16 Core/Src/main.o
 .debug_macro   0x00000000000126ac      0x145 Core/Src/main.o
 .debug_macro   0x00000000000127f1       0x16 Core/Src/main.o
 .debug_macro   0x0000000000012807       0x16 Core/Src/main.o
 .debug_macro   0x000000000001281d       0x29 Core/Src/main.o
 .debug_macro   0x0000000000012846       0x16 Core/Src/main.o
 .debug_macro   0x000000000001285c       0x20 Core/Src/main.o
 .debug_macro   0x000000000001287c       0x60 Core/Src/main.o
 .debug_macro   0x00000000000128dc      0x1c8 Core/Src/main.o
 .debug_macro   0x0000000000012aa4       0x8f Core/Src/main.o
 .debug_macro   0x0000000000012b33      0x1a9 Core/Src/stm32f1xx_hal_msp.o
 .debug_macro   0x0000000000012cdc      0x1b3 Core/Src/stm32f1xx_it.o
 .debug_macro   0x0000000000012e8f      0x1a5 Core/Src/system_stm32f1xx.o
 .debug_macro   0x0000000000013034      0x1c3 Drivers/STM32F1xx_HAL_Driver/Src/stm32f1xx_hal.o
 .debug_macro   0x00000000000131f7      0x19f Drivers/STM32F1xx_HAL_Driver/Src/stm32f1xx_hal_cortex.o
 .debug_macro   0x0000000000013396      0x20a Drivers/STM32F1xx_HAL_Driver/Src/stm32f1xx_hal_gpio.o
 .debug_macro   0x00000000000135a0      0x1ab Drivers/STM32F1xx_HAL_Driver/Src/stm32f1xx_hal_pcd.o
 .debug_macro   0x000000000001374b      0x19f Drivers/STM32F1xx_HAL_Driver/Src/stm32f1xx_hal_pcd_ex.o
 .debug_macro   0x00000000000138ea      0x1b1 Drivers/STM32F1xx_HAL_Driver/Src/stm32f1xx_hal_rcc.o
 .debug_macro   0x0000000000013a9b      0x19f Drivers/STM32F1xx_HAL_Driver/Src/stm32f1xx_hal_rcc_ex.o
 .debug_macro   0x0000000000013c3a      0x19f Drivers/STM32F1xx_HAL_Driver/Src/stm32f1xx_ll_usb.o
 .debug_macro   0x0000000000013dd9      0x3b6 Middlewares/ST/STM32_USB_Device_Library/Class/CDC/Src/usbd_cdc.o
 .debug_macro   0x000000000001418f       0x97 Middlewares/ST/STM32_USB_Device_Library/Class/CDC/Src/usbd_cdc.o
 .debug_macro   0x0000000000014226       0xfd Middlewares/ST/STM32_USB_Device_Library/Class/CDC/Src/usbd_cdc.o
 .debug_macro   0x0000000000014323       0xbd Middlewares/ST/STM32_USB_Device_Library/Class/CDC/Src/usbd_cdc.o
 .debug_macro   0x00000000000143e0       0x54 Middlewares/ST/STM32_USB_Device_Library/Class/CDC/Src/usbd_cdc.o
 .debug_macro   0x0000000000014434      0x39d Middlewares/ST/STM32_USB_Device_Library/Core/Src/usbd_core.o
 .debug_macro   0x00000000000147d1      0x1ce Middlewares/ST/STM32_USB_Device_Library/Core/Src/usbd_core.o
 .debug_macro   0x000000000001499f      0x3a7 Middlewares/ST/STM32_USB_Device_Library/Core/Src/usbd_ctlreq.o
 .debug_macro   0x0000000000014d46      0x3a3 Middlewares/ST/STM32_USB_Device_Library/Core/Src/usbd_ioreq.o
 .debug_macro   0x00000000000150e9      0x3dd USB_DEVICE/App/usb_device.o
 .debug_macro   0x00000000000154c6       0x22 USB_DEVICE/App/usb_device.o
 .debug_macro   0x00000000000154e8      0x3c8 USB_DEVICE/App/usbd_cdc_if.o
 .debug_macro   0x00000000000158b0      0x3da USB_DEVICE/App/usbd_desc.o
 .debug_macro   0x0000000000015c8a       0x1c USB_DEVICE/App/usbd_desc.o
 .debug_macro   0x0000000000015ca6      0x3c0 USB_DEVICE/Target/usbd_conf.o

.debug_line     0x0000000000000000     0xb6f2
 .debug_line    0x0000000000000000      0x9c1 Core/Src/main.o
 .debug_line    0x00000000000009c1      0x635 Core/Src/stm32f1xx_hal_msp.o
 .debug_line    0x0000000000000ff6      0x6ea Core/Src/stm32f1xx_it.o
 .debug_line    0x00000000000016e0      0x665 Core/Src/system_stm32f1xx.o
 .debug_line    0x0000000000001d45       0x84 Core/Startup/startup_stm32f103c8tx.o
 .debug_line    0x0000000000001dc9      0x80d Drivers/STM32F1xx_HAL_Driver/Src/stm32f1xx_hal.o
 .debug_line    0x00000000000025d6      0x8e6 Drivers/STM32F1xx_HAL_Driver/Src/stm32f1xx_hal_cortex.o
 .debug_line    0x0000000000002ebc      0x80d Drivers/STM32F1xx_HAL_Driver/Src/stm32f1xx_hal_gpio.o
 .debug_line    0x00000000000036c9      0xb00 Drivers/STM32F1xx_HAL_Driver/Src/stm32f1xx_hal_pcd.o
 .debug_line    0x00000000000041c9      0x680 Drivers/STM32F1xx_HAL_Driver/Src/stm32f1xx_hal_pcd_ex.o
 .debug_line    0x0000000000004849      0x8cf Drivers/STM32F1xx_HAL_Driver/Src/stm32f1xx_hal_rcc.o
 .debug_line    0x0000000000005118      0x6ed Drivers/STM32F1xx_HAL_Driver/Src/stm32f1xx_hal_rcc_ex.o
 .debug_line    0x0000000000005805      0xb19 Drivers/STM32F1xx_HAL_Driver/Src/stm32f1xx_ll_usb.o
 .debug_line    0x000000000000631e      0xaeb Middlewares/ST/STM32_USB_Device_Library/Class/CDC/Src/usbd_cdc.o
 .debug_line    0x0000000000006e09      0xb26 Middlewares/ST/STM32_USB_Device_Library/Core/Src/usbd_core.o
 .debug_line    0x000000000000792f      0xbaf Middlewares/ST/STM32_USB_Device_Library/Core/Src/usbd_ctlreq.o
 .debug_line    0x00000000000084de      0x98f Middlewares/ST/STM32_USB_Device_Library/Core/Src/usbd_ioreq.o
 .debug_line    0x0000000000008e6d      0x971 USB_DEVICE/App/usb_device.o
 .debug_line    0x00000000000097de      0x9a5 USB_DEVICE/App/usbd_cdc_if.o
 .debug_line    0x000000000000a183      0x9c3 USB_DEVICE/App/usbd_desc.o
 .debug_line    0x000000000000ab46      0xbac USB_DEVICE/Target/usbd_conf.o

.debug_str      0x0000000000000000    0x6cf5c
 .debug_str     0x0000000000000000    0x6a7aa Core/Src/main.o
                                      0x6abac (size before relaxing)
 .debug_str     0x000000000006a7aa       0x5a Core/Src/stm32f1xx_hal_msp.o
                                      0x656c8 (size before relaxing)
 .debug_str     0x000000000006a804      0x3c5 Core/Src/stm32f1xx_it.o
                                      0x65a52 (size before relaxing)
 .debug_str     0x000000000006abc9       0xc2 Core/Src/system_stm32f1xx.o
                                      0x6572f (size before relaxing)
 .debug_str     0x000000000006ac8b       0x36 Core/Startup/startup_stm32f103c8tx.o
                                         0x77 (size before relaxing)
 .debug_str     0x000000000006acc1      0x61f Drivers/STM32F1xx_HAL_Driver/Src/stm32f1xx_hal.o
                                      0x65d40 (size before relaxing)
 .debug_str     0x000000000006b2e0      0x2a0 Drivers/STM32F1xx_HAL_Driver/Src/stm32f1xx_hal_cortex.o
                                      0x65d4e (size before relaxing)
 .debug_str     0x000000000006b580      0x324 Drivers/STM32F1xx_HAL_Driver/Src/stm32f1xx_hal_gpio.o
                                      0x65a79 (size before relaxing)
 .debug_str     0x000000000006b8a4      0x3af Drivers/STM32F1xx_HAL_Driver/Src/stm32f1xx_hal_pcd.o
                                      0x65d60 (size before relaxing)
 .debug_str     0x000000000006bc53      0x18d Drivers/STM32F1xx_HAL_Driver/Src/stm32f1xx_hal_pcd_ex.o
                                      0x65b3c (size before relaxing)
 .debug_str     0x000000000006bde0      0x263 Drivers/STM32F1xx_HAL_Driver/Src/stm32f1xx_hal_rcc.o
                                      0x65ab2 (size before relaxing)
 .debug_str     0x000000000006c043       0xb9 Drivers/STM32F1xx_HAL_Driver/Src/stm32f1xx_hal_rcc_ex.o
                                      0x6583f (size before relaxing)
 .debug_str     0x000000000006c0fc      0x304 Drivers/STM32F1xx_HAL_Driver/Src/stm32f1xx_ll_usb.o
                                      0x65ba6 (size before relaxing)
 .debug_str     0x000000000006c400      0x293 Middlewares/ST/STM32_USB_Device_Library/Class/CDC/Src/usbd_cdc.o
                                      0x6aea8 (size before relaxing)
 .debug_str     0x000000000006c693      0x1b5 Middlewares/ST/STM32_USB_Device_Library/Core/Src/usbd_core.o
                                      0x6a7bc (size before relaxing)
 .debug_str     0x000000000006c848      0x134 Middlewares/ST/STM32_USB_Device_Library/Core/Src/usbd_ctlreq.o
                                      0x6a742 (size before relaxing)
 .debug_str     0x000000000006c97c       0xc9 Middlewares/ST/STM32_USB_Device_Library/Core/Src/usbd_ioreq.o
                                      0x6a6ca (size before relaxing)
 .debug_str     0x000000000006ca45       0xc2 USB_DEVICE/App/usb_device.o
                                      0x6aa05 (size before relaxing)
 .debug_str     0x000000000006cb07       0xb2 USB_DEVICE/App/usbd_cdc_if.o
                                      0x6aa69 (size before relaxing)
 .debug_str     0x000000000006cbb9      0x24f USB_DEVICE/App/usbd_desc.o
                                      0x6a62c (size before relaxing)
 .debug_str     0x000000000006ce08      0x154 USB_DEVICE/Target/usbd_conf.o
                                      0x6b2ce (size before relaxing)

.comment        0x0000000000000000       0x7b
 .comment       0x0000000000000000       0x7b Core/Src/main.o
                                         0x7c (size before relaxing)
 .comment       0x000000000000007b       0x7c Core/Src/stm32f1xx_hal_msp.o
 .comment       0x000000000000007b       0x7c Core/Src/stm32f1xx_it.o
 .comment       0x000000000000007b       0x7c Core/Src/system_stm32f1xx.o
 .comment       0x000000000000007b       0x7c Drivers/STM32F1xx_HAL_Driver/Src/stm32f1xx_hal.o
 .comment       0x000000000000007b       0x7c Drivers/STM32F1xx_HAL_Driver/Src/stm32f1xx_hal_cortex.o
 .comment       0x000000000000007b       0x7c Drivers/STM32F1xx_HAL_Driver/Src/stm32f1xx_hal_gpio.o
 .comment       0x000000000000007b       0x7c Drivers/STM32F1xx_HAL_Driver/Src/stm32f1xx_hal_pcd.o
 .comment       0x000000000000007b       0x7c Drivers/STM32F1xx_HAL_Driver/Src/stm32f1xx_hal_pcd_ex.o
 .comment       0x000000000000007b       0x7c Drivers/STM32F1xx_HAL_Driver/Src/stm32f1xx_hal_rcc.o
 .comment       0x000000000000007b       0x7c Drivers/STM32F1xx_HAL_Driver/Src/stm32f1xx_hal_rcc_ex.o
 .comment       0x000000000000007b       0x7c Drivers/STM32F1xx_HAL_Driver/Src/stm32f1xx_ll_usb.o
 .comment       0x000000000000007b       0x7c Middlewares/ST/STM32_USB_Device_Library/Class/CDC/Src/usbd_cdc.o
 .comment       0x000000000000007b       0x7c Middlewares/ST/STM32_USB_Device_Library/Core/Src/usbd_core.o
 .comment       0x000000000000007b       0x7c Middlewares/ST/STM32_USB_Device_Library/Core/Src/usbd_ctlreq.o
 .comment       0x000000000000007b       0x7c Middlewares/ST/STM32_USB_Device_Library/Core/Src/usbd_ioreq.o
 .comment       0x000000000000007b       0x7c USB_DEVICE/App/usb_device.o
 .comment       0x000000000000007b       0x7c USB_DEVICE/App/usbd_cdc_if.o
 .comment       0x000000000000007b       0x7c USB_DEVICE/App/usbd_desc.o
 .comment       0x000000000000007b       0x7c USB_DEVICE/Target/usbd_conf.o

.debug_frame    0x0000000000000000     0x27c4
 .debug_frame   0x0000000000000000       0x98 Core/Src/main.o
 .debug_frame   0x0000000000000098       0x38 Core/Src/stm32f1xx_hal_msp.o
 .debug_frame   0x00000000000000d0      0x128 Core/Src/stm32f1xx_it.o
 .debug_frame   0x00000000000001f8       0x58 Core/Src/system_stm32f1xx.o
 .debug_frame   0x0000000000000250      0x334 Drivers/STM32F1xx_HAL_Driver/Src/stm32f1xx_hal.o
 .debug_frame   0x0000000000000584      0x428 Drivers/STM32F1xx_HAL_Driver/Src/stm32f1xx_hal_cortex.o
 .debug_frame   0x00000000000009ac      0x14c Drivers/STM32F1xx_HAL_Driver/Src/stm32f1xx_hal_gpio.o
 .debug_frame   0x0000000000000af8      0x500 Drivers/STM32F1xx_HAL_Driver/Src/stm32f1xx_hal_pcd.o
 .debug_frame   0x0000000000000ff8       0xb0 Drivers/STM32F1xx_HAL_Driver/Src/stm32f1xx_hal_pcd_ex.o
 .debug_frame   0x00000000000010a8      0x21c Drivers/STM32F1xx_HAL_Driver/Src/stm32f1xx_hal_rcc.o
 .debug_frame   0x00000000000012c4       0x84 Drivers/STM32F1xx_HAL_Driver/Src/stm32f1xx_hal_rcc_ex.o
 .debug_frame   0x0000000000001348      0x4d8 Drivers/STM32F1xx_HAL_Driver/Src/stm32f1xx_ll_usb.o
 .debug_frame   0x0000000000001820      0x248 Middlewares/ST/STM32_USB_Device_Library/Class/CDC/Src/usbd_cdc.o
 .debug_frame   0x0000000000001a68      0x300 Middlewares/ST/STM32_USB_Device_Library/Core/Src/usbd_core.o
 .debug_frame   0x0000000000001d68      0x218 Middlewares/ST/STM32_USB_Device_Library/Core/Src/usbd_ctlreq.o
 .debug_frame   0x0000000000001f80      0x10c Middlewares/ST/STM32_USB_Device_Library/Core/Src/usbd_ioreq.o
 .debug_frame   0x000000000000208c       0x2c USB_DEVICE/App/usb_device.o
 .debug_frame   0x00000000000020b8       0xbc USB_DEVICE/App/usbd_cdc_if.o
 .debug_frame   0x0000000000002174      0x160 USB_DEVICE/App/usbd_desc.o
 .debug_frame   0x00000000000022d4      0x4a4 USB_DEVICE/Target/usbd_conf.o
 .debug_frame   0x0000000000002778       0x2c c:/st/stm32cubeide_1.1.0/stm32cubeide/plugins/com.st.stm32cube.ide.mcu.externaltools.gnu-tools-for-stm32.7-2018-q2-update.win32_1.0.0.201904181610/tools/bin/../lib/gcc/arm-none-eabi/7.3.1/../../../../arm-none-eabi/lib/thumb/v7-m\libc_nano.a(lib_a-init.o)
 .debug_frame   0x00000000000027a4       0x20 c:/st/stm32cubeide_1.1.0/stm32cubeide/plugins/com.st.stm32cube.ide.mcu.externaltools.gnu-tools-for-stm32.7-2018-q2-update.win32_1.0.0.201904181610/tools/bin/../lib/gcc/arm-none-eabi/7.3.1/../../../../arm-none-eabi/lib/thumb/v7-m\libc_nano.a(lib_a-memset.o)
