Archive member included to satisfy reference by file (symbol)

c:/st/stm32cubeide_1.1.0/stm32cubeide/plugins/com.st.stm32cube.ide.mcu.externaltools.gnu-tools-for-stm32.7-2018-q2-update.win32_1.5.0.202011040924/tools/bin/../lib/gcc/arm-none-eabi/7.3.1/../../../../arm-none-eabi/lib/thumb/v7-m\libc_nano.a(lib_a-errno.o)
                              Core/Src/syscalls.o (__errno)
c:/st/stm32cubeide_1.1.0/stm32cubeide/plugins/com.st.stm32cube.ide.mcu.externaltools.gnu-tools-for-stm32.7-2018-q2-update.win32_1.5.0.202011040924/tools/bin/../lib/gcc/arm-none-eabi/7.3.1/../../../../arm-none-eabi/lib/thumb/v7-m\libc_nano.a(lib_a-exit.o)
                              c:/st/stm32cubeide_1.1.0/stm32cubeide/plugins/com.st.stm32cube.ide.mcu.externaltools.gnu-tools-for-stm32.7-2018-q2-update.win32_1.5.0.202011040924/tools/bin/../lib/gcc/arm-none-eabi/7.3.1/../../../../arm-none-eabi/lib/thumb/v7-m/crt0.o (exit)
c:/st/stm32cubeide_1.1.0/stm32cubeide/plugins/com.st.stm32cube.ide.mcu.externaltools.gnu-tools-for-stm32.7-2018-q2-update.win32_1.5.0.202011040924/tools/bin/../lib/gcc/arm-none-eabi/7.3.1/../../../../arm-none-eabi/lib/thumb/v7-m\libc_nano.a(lib_a-impure.o)
                              c:/st/stm32cubeide_1.1.0/stm32cubeide/plugins/com.st.stm32cube.ide.mcu.externaltools.gnu-tools-for-stm32.7-2018-q2-update.win32_1.5.0.202011040924/tools/bin/../lib/gcc/arm-none-eabi/7.3.1/../../../../arm-none-eabi/lib/thumb/v7-m\libc_nano.a(lib_a-exit.o) (_global_impure_ptr)
c:/st/stm32cubeide_1.1.0/stm32cubeide/plugins/com.st.stm32cube.ide.mcu.externaltools.gnu-tools-for-stm32.7-2018-q2-update.win32_1.5.0.202011040924/tools/bin/../lib/gcc/arm-none-eabi/7.3.1/../../../../arm-none-eabi/lib/thumb/v7-m\libc_nano.a(lib_a-init.o)
                              c:/st/stm32cubeide_1.1.0/stm32cubeide/plugins/com.st.stm32cube.ide.mcu.externaltools.gnu-tools-for-stm32.7-2018-q2-update.win32_1.5.0.202011040924/tools/bin/../lib/gcc/arm-none-eabi/7.3.1/../../../../arm-none-eabi/lib/thumb/v7-m/crt0.o (__libc_init_array)
c:/st/stm32cubeide_1.1.0/stm32cubeide/plugins/com.st.stm32cube.ide.mcu.externaltools.gnu-tools-for-stm32.7-2018-q2-update.win32_1.5.0.202011040924/tools/bin/../lib/gcc/arm-none-eabi/7.3.1/../../../../arm-none-eabi/lib/thumb/v7-m\libc_nano.a(lib_a-memcpy-stub.o)
                              Core/Src/main.o (memcpy)
c:/st/stm32cubeide_1.1.0/stm32cubeide/plugins/com.st.stm32cube.ide.mcu.externaltools.gnu-tools-for-stm32.7-2018-q2-update.win32_1.5.0.202011040924/tools/bin/../lib/gcc/arm-none-eabi/7.3.1/../../../../arm-none-eabi/lib/thumb/v7-m\libc_nano.a(lib_a-memset.o)
                              c:/st/stm32cubeide_1.1.0/stm32cubeide/plugins/com.st.stm32cube.ide.mcu.externaltools.gnu-tools-for-stm32.7-2018-q2-update.win32_1.5.0.202011040924/tools/bin/../lib/gcc/arm-none-eabi/7.3.1/../../../../arm-none-eabi/lib/thumb/v7-m/crt0.o (memset)

Allocating common symbols
Common symbol       size              file

_spi                0x58              Core/Src/main.o
hUsbDeviceFS        0x2c4             USB_DEVICE/App/usb_device.o
pin_G               0x2               Core/Src/ledControl.o
port_B              0x4               Core/Src/ledControl.o
port_G              0x4               Core/Src/ledControl.o
uwTick              0x4               Drivers/STM32F1xx_HAL_Driver/Src/stm32f1xx_hal.o
pFlash              0x20              Drivers/STM32F1xx_HAL_Driver/Src/stm32f1xx_hal_flash.o
UserRxBufferFS      0x3e8             USB_DEVICE/App/usbd_cdc_if.o
UserTxBufferFS      0x3e8             USB_DEVICE/App/usbd_cdc_if.o
rx_buf              0x20              Core/Src/main.o
pin_B               0x2               Core/Src/ledControl.o
hspi1               0x58              Core/Src/main.o
port_R              0x4               Core/Src/ledControl.o
hpcd_USB_FS         0x2ec             USB_DEVICE/Target/usbd_conf.o
USBD_StrDesc        0x200             USB_DEVICE/App/usbd_desc.o
pin_R               0x2               Core/Src/ledControl.o

Discarded input sections

 .text          0x0000000000000000        0x0 c:/st/stm32cubeide_1.1.0/stm32cubeide/plugins/com.st.stm32cube.ide.mcu.externaltools.gnu-tools-for-stm32.7-2018-q2-update.win32_1.5.0.202011040924/tools/bin/../lib/gcc/arm-none-eabi/7.3.1/thumb/v7-m/crti.o
 .data          0x0000000000000000        0x0 c:/st/stm32cubeide_1.1.0/stm32cubeide/plugins/com.st.stm32cube.ide.mcu.externaltools.gnu-tools-for-stm32.7-2018-q2-update.win32_1.5.0.202011040924/tools/bin/../lib/gcc/arm-none-eabi/7.3.1/thumb/v7-m/crti.o
 .bss           0x0000000000000000        0x0 c:/st/stm32cubeide_1.1.0/stm32cubeide/plugins/com.st.stm32cube.ide.mcu.externaltools.gnu-tools-for-stm32.7-2018-q2-update.win32_1.5.0.202011040924/tools/bin/../lib/gcc/arm-none-eabi/7.3.1/thumb/v7-m/crti.o
[...]
Memory Configuration

Name             Origin             Length             Attributes
RAM              0x0000000020000000 0x0000000000005000 xrw
FLASH            0x0000000008000000 0x0000000000010000 xr
*default*        0x0000000000000000 0xffffffffffffffff

Linker script and memory map

LOAD c:/st/stm32cubeide_1.1.0/stm32cubeide/plugins/com.st.stm32cube.ide.mcu.externaltools.gnu-tools-for-stm32.7-2018-q2-update.win32_1.5.0.202011040924/tools/bin/../lib/gcc/arm-none-eabi/7.3.1/thumb/v7-m/crti.o
LOAD c:/st/stm32cubeide_1.1.0/stm32cubeide/plugins/com.st.stm32cube.ide.mcu.externaltools.gnu-tools-for-stm32.7-2018-q2-update.win32_1.5.0.202011040924/tools/bin/../lib/gcc/arm-none-eabi/7.3.1/thumb/v7-m/crtbegin.o
LOAD c:/st/stm32cubeide_1.1.0/stm32cubeide/plugins/com.st.stm32cube.ide.mcu.externaltools.gnu-tools-for-stm32.7-2018-q2-update.win32_1.5.0.202011040924/tools/bin/../lib/gcc/arm-none-eabi/7.3.1/../../../../arm-none-eabi/lib/thumb/v7-m/crt0.o
LOAD Core/Src/dwt_stm32_delay.o
LOAD Core/Src/ledControl.o
LOAD Core/Src/main.o
LOAD Core/Src/nRF24L01_STM32.o
LOAD Core/Src/stm32f1xx_hal_msp.o
LOAD Core/Src/stm32f1xx_it.o
LOAD Core/Src/syscalls.o
LOAD Core/Src/sysmem.o
LOAD Core/Src/system_stm32f1xx.o
LOAD Core/Startup/startup_stm32f103c8tx.o
LOAD Drivers/STM32F1xx_HAL_Driver/Src/stm32f1xx_hal.o
LOAD Drivers/STM32F1xx_HAL_Driver/Src/stm32f1xx_hal_cortex.o
LOAD Drivers/STM32F1xx_HAL_Driver/Src/stm32f1xx_hal_dma.o
LOAD Drivers/STM32F1xx_HAL_Driver/Src/stm32f1xx_hal_exti.o
LOAD Drivers/STM32F1xx_HAL_Driver/Src/stm32f1xx_hal_flash.o
LOAD Drivers/STM32F1xx_HAL_Driver/Src/stm32f1xx_hal_flash_ex.o
LOAD Drivers/STM32F1xx_HAL_Driver/Src/stm32f1xx_hal_gpio.o
LOAD Drivers/STM32F1xx_HAL_Driver/Src/stm32f1xx_hal_gpio_ex.o
LOAD Drivers/STM32F1xx_HAL_Driver/Src/stm32f1xx_hal_pcd.o
LOAD Drivers/STM32F1xx_HAL_Driver/Src/stm32f1xx_hal_pcd_ex.o
LOAD Drivers/STM32F1xx_HAL_Driver/Src/stm32f1xx_hal_pwr.o
LOAD Drivers/STM32F1xx_HAL_Driver/Src/stm32f1xx_hal_rcc.o
LOAD Drivers/STM32F1xx_HAL_Driver/Src/stm32f1xx_hal_rcc_ex.o
LOAD Drivers/STM32F1xx_HAL_Driver/Src/stm32f1xx_hal_spi.o
LOAD Drivers/STM32F1xx_HAL_Driver/Src/stm32f1xx_hal_tim.o
LOAD Drivers/STM32F1xx_HAL_Driver/Src/stm32f1xx_hal_tim_ex.o
LOAD Drivers/STM32F1xx_HAL_Driver/Src/stm32f1xx_ll_usb.o
LOAD Middlewares/ST/STM32_USB_Device_Library/Class/CDC/Src/usbd_cdc.o
LOAD Middlewares/ST/STM32_USB_Device_Library/Core/Src/usbd_core.o
LOAD Middlewares/ST/STM32_USB_Device_Library/Core/Src/usbd_ctlreq.o
LOAD Middlewares/ST/STM32_USB_Device_Library/Core/Src/usbd_ioreq.o
LOAD USB_DEVICE/App/usb_device.o
LOAD USB_DEVICE/App/usbd_cdc_if.o
LOAD USB_DEVICE/App/usbd_desc.o
LOAD USB_DEVICE/Target/usbd_conf.o
START GROUP
LOAD c:/st/stm32cubeide_1.1.0/stm32cubeide/plugins/com.st.stm32cube.ide.mcu.externaltools.gnu-tools-for-stm32.7-2018-q2-update.win32_1.5.0.202011040924/tools/bin/../lib/gcc/arm-none-eabi/7.3.1/../../../../arm-none-eabi/lib/thumb/v7-m\libc_nano.a
LOAD c:/st/stm32cubeide_1.1.0/stm32cubeide/plugins/com.st.stm32cube.ide.mcu.externaltools.gnu-tools-for-stm32.7-2018-q2-update.win32_1.5.0.202011040924/tools/bin/../lib/gcc/arm-none-eabi/7.3.1/../../../../arm-none-eabi/lib/thumb/v7-m\libm.a
END GROUP
START GROUP
LOAD c:/st/stm32cubeide_1.1.0/stm32cubeide/plugins/com.st.stm32cube.ide.mcu.externaltools.gnu-tools-for-stm32.7-2018-q2-update.win32_1.5.0.202011040924/tools/bin/../lib/gcc/arm-none-eabi/7.3.1/thumb/v7-m\libgcc.a
LOAD c:/st/stm32cubeide_1.1.0/stm32cubeide/plugins/com.st.stm32cube.ide.mcu.externaltools.gnu-tools-for-stm32.7-2018-q2-update.win32_1.5.0.202011040924/tools/bin/../lib/gcc/arm-none-eabi/7.3.1/../../../../arm-none-eabi/lib/thumb/v7-m\libc_nano.a
END GROUP
START GROUP
LOAD c:/st/stm32cubeide_1.1.0/stm32cubeide/plugins/com.st.stm32cube.ide.mcu.externaltools.gnu-tools-for-stm32.7-2018-q2-update.win32_1.5.0.202011040924/tools/bin/../lib/gcc/arm-none-eabi/7.3.1/thumb/v7-m\libgcc.a
LOAD c:/st/stm32cubeide_1.1.0/stm32cubeide/plugins/com.st.stm32cube.ide.mcu.externaltools.gnu-tools-for-stm32.7-2018-q2-update.win32_1.5.0.202011040924/tools/bin/../lib/gcc/arm-none-eabi/7.3.1/../../../../arm-none-eabi/lib/thumb/v7-m\libc_nano.a
LOAD c:/st/stm32cubeide_1.1.0/stm32cubeide/plugins/com.st.stm32cube.ide.mcu.externaltools.gnu-tools-for-stm32.7-2018-q2-update.win32_1.5.0.202011040924/tools/bin/../lib/gcc/arm-none-eabi/7.3.1/../../../../arm-none-eabi/lib/thumb/v7-m\libnosys.a
END GROUP
START GROUP
LOAD c:/st/stm32cubeide_1.1.0/stm32cubeide/plugins/com.st.stm32cube.ide.mcu.externaltools.gnu-tools-for-stm32.7-2018-q2-update.win32_1.5.0.202011040924/tools/bin/../lib/gcc/arm-none-eabi/7.3.1/thumb/v7-m\libgcc.a
LOAD c:/st/stm32cubeide_1.1.0/stm32cubeide/plugins/com.st.stm32cube.ide.mcu.externaltools.gnu-tools-for-stm32.7-2018-q2-update.win32_1.5.0.202011040924/tools/bin/../lib/gcc/arm-none-eabi/7.3.1/../../../../arm-none-eabi/lib/thumb/v7-m\libc_nano.a
LOAD c:/st/stm32cubeide_1.1.0/stm32cubeide/plugins/com.st.stm32cube.ide.mcu.externaltools.gnu-tools-for-stm32.7-2018-q2-update.win32_1.5.0.202011040924/tools/bin/../lib/gcc/arm-none-eabi/7.3.1/../../../../arm-none-eabi/lib/thumb/v7-m\libnosys.a
END GROUP
LOAD c:/st/stm32cubeide_1.1.0/stm32cubeide/plugins/com.st.stm32cube.ide.mcu.externaltools.gnu-tools-for-stm32.7-2018-q2-update.win32_1.5.0.202011040924/tools/bin/../lib/gcc/arm-none-eabi/7.3.1/thumb/v7-m/crtend.o
LOAD c:/st/stm32cubeide_1.1.0/stm32cubeide/plugins/com.st.stm32cube.ide.mcu.externaltools.gnu-tools-for-stm32.7-2018-q2-update.win32_1.5.0.202011040924/tools/bin/../lib/gcc/arm-none-eabi/7.3.1/thumb/v7-m/crtn.o
                0x0000000020005000                _estack = (ORIGIN (RAM) + LENGTH (RAM))
                0x0000000000000200                _Min_Heap_Size = 0x200
                0x0000000000000400                _Min_Stack_Size = 0x400

.isr_vector     0x0000000008000000      0x10c
                0x0000000008000000                . = ALIGN (0x4)
 *(.isr_vector)
 .isr_vector    0x0000000008000000      0x10c Core/Startup/startup_stm32f103c8tx.o
                0x0000000008000000                g_pfnVectors
                0x000000000800010c                . = ALIGN (0x4)

.text           0x000000000800010c     0x8348
                0x000000000800010c                . = ALIGN (0x4)
 *(.text)
 .text          0x000000000800010c       0x40 c:/st/stm32cubeide_1.1.0/stm32cubeide/plugins/com.st.stm32cube.ide.mcu.externaltools.gnu-tools-for-stm32.7-2018-q2-update.win32_1.5.0.202011040924/tools/bin/../lib/gcc/arm-none-eabi/7.3.1/thumb/v7-m/crtbegin.o
 *(.text*)
 .text.DWT_Delay_Init
                0x000000000800014c       0x60 Core/Src/dwt_stm32_delay.o
                0x000000000800014c                DWT_Delay_Init
 .text.init_led
                0x00000000080001ac       0x58 Core/Src/ledControl.o
                0x00000000080001ac                init_led
 .text.acende_led
                0x0000000008000204       0x78 Core/Src/ledControl.o
                0x0000000008000204                acende_led
 .text.apaga_led
                0x000000000800027c        0xe Core/Src/ledControl.o
                0x000000000800027c                apaga_led
 *fill*         0x000000000800028a        0x2 
 .text.toggle_led
                0x000000000800028c       0x2c Core/Src/ledControl.o
                0x000000000800028c                toggle_led
 .text.main     0x00000000080002b8       0xd4 Core/Src/main.o
                0x00000000080002b8                main
 .text.SystemClock_Config
                0x000000000800038c       0xb6 Core/Src/main.o
                0x000000000800038c                SystemClock_Config
 *fill*         0x0000000008000442        0x2 
 .text.MX_SPI1_Init
                0x0000000008000444       0x6c Core/Src/main.o
 .text.MX_GPIO_Init
                0x00000000080004b0      0x120 Core/Src/main.o
 .text.IRQ_read
                0x00000000080005d0       0x4c Core/Src/main.o
                0x00000000080005d0                IRQ_read
 .text.rx_task  0x000000000800061c       0x44 Core/Src/main.o
                0x000000000800061c                rx_task
 .text.get_Msg_fromHost
                0x0000000008000660       0xd0 Core/Src/main.o
                0x0000000008000660                get_Msg_fromHost
 .text.tx_task  0x0000000008000730       0xa0 Core/Src/main.o
                0x0000000008000730                tx_task
 .text.rfSendBuffer
                0x00000000080007d0       0x54 Core/Src/main.o
                0x00000000080007d0                rfSendBuffer
 .text.waitForIRQ
                0x0000000008000824       0x20 Core/Src/main.o
                0x0000000008000824                waitForIRQ
 .text.Error_Handler
                0x0000000008000844        0xc Core/Src/main.o
                0x0000000008000844                Error_Handler
 .text.DWT_Delay_us
                0x0000000008000850       0x44 Core/Src/nRF24L01_STM32.o
 .text.nRF24L01_STM32
                0x0000000008000894       0x30 Core/Src/nRF24L01_STM32.o
                0x0000000008000894                nRF24L01_STM32
 .text.init     0x00000000080008c4      0x1e0 Core/Src/nRF24L01_STM32.o
                0x00000000080008c4                init
 .text.SPI_Write_Reg
                0x0000000008000aa4       0x58 Core/Src/nRF24L01_STM32.o
                0x0000000008000aa4                SPI_Write_Reg
 .text.SPI_Write_Buf_Reg
                0x0000000008000afc       0x58 Core/Src/nRF24L01_STM32.o
                0x0000000008000afc                SPI_Write_Buf_Reg
 .text.SPI_Write_Buf
                0x0000000008000b54       0x50 Core/Src/nRF24L01_STM32.o
                0x0000000008000b54                SPI_Write_Buf
 .text.SPI_Write
                0x0000000008000ba4       0x50 Core/Src/nRF24L01_STM32.o
 .text.SPI_Read
                0x0000000008000bf4       0x54 Core/Src/nRF24L01_STM32.o
                0x0000000008000bf4                SPI_Read
 .text.SPI_Read_Status
                0x0000000008000c48       0x48 Core/Src/nRF24L01_STM32.o
                0x0000000008000c48                SPI_Read_Status
 .text.SPI_Read_Buf
                0x0000000008000c90       0x50 Core/Src/nRF24L01_STM32.o
                0x0000000008000c90                SPI_Read_Buf
 .text.RX_Mode  0x0000000008000ce0       0x44 Core/Src/nRF24L01_STM32.o
                0x0000000008000ce0                RX_Mode
 .text.RF_IRQ   0x0000000008000d24       0xe0 Core/Src/nRF24L01_STM32.o
                0x0000000008000d24                RF_IRQ
 .text.TX_Mode  0x0000000008000e04       0x94 Core/Src/nRF24L01_STM32.o
                0x0000000008000e04                TX_Mode
 .text.HAL_MspInit
                0x0000000008000e98       0x64 Core/Src/stm32f1xx_hal_msp.o
                0x0000000008000e98                HAL_MspInit
 .text.HAL_SPI_MspInit
                0x0000000008000efc       0x94 Core/Src/stm32f1xx_hal_msp.o
                0x0000000008000efc                HAL_SPI_MspInit
 .text.NMI_Handler
                0x0000000008000f90        0xc Core/Src/stm32f1xx_it.o
                0x0000000008000f90                NMI_Handler
 .text.HardFault_Handler
                0x0000000008000f9c        0x6 Core/Src/stm32f1xx_it.o
                0x0000000008000f9c                HardFault_Handler
 .text.MemManage_Handler
                0x0000000008000fa2        0x6 Core/Src/stm32f1xx_it.o
                0x0000000008000fa2                MemManage_Handler
 .text.BusFault_Handler
                0x0000000008000fa8        0x6 Core/Src/stm32f1xx_it.o
                0x0000000008000fa8                BusFault_Handler
 .text.UsageFault_Handler
                0x0000000008000fae        0x6 Core/Src/stm32f1xx_it.o
                0x0000000008000fae                UsageFault_Handler
 .text.SVC_Handler
                0x0000000008000fb4        0xc Core/Src/stm32f1xx_it.o
                0x0000000008000fb4                SVC_Handler
 .text.DebugMon_Handler
                0x0000000008000fc0        0xc Core/Src/stm32f1xx_it.o
                0x0000000008000fc0                DebugMon_Handler
 .text.PendSV_Handler
                0x0000000008000fcc        0xc Core/Src/stm32f1xx_it.o
                0x0000000008000fcc                PendSV_Handler
 .text.SysTick_Handler
                0x0000000008000fd8        0xc Core/Src/stm32f1xx_it.o
                0x0000000008000fd8                SysTick_Handler
 .text.USB_LP_CAN1_RX0_IRQHandler
                0x0000000008000fe4       0x14 Core/Src/stm32f1xx_it.o
                0x0000000008000fe4                USB_LP_CAN1_RX0_IRQHandler
 .text.SystemInit
                0x0000000008000ff8       0x68 Core/Src/system_stm32f1xx.o
                0x0000000008000ff8                SystemInit
 .text.Reset_Handler
                0x0000000008001060       0x48 Core/Startup/startup_stm32f103c8tx.o
                0x0000000008001060                Reset_Handler
 .text.Default_Handler
                0x00000000080010a8        0x2 Core/Startup/startup_stm32f103c8tx.o
                0x00000000080010a8                RTC_Alarm_IRQHandler
                0x00000000080010a8                EXTI2_IRQHandler
                0x00000000080010a8                TIM1_CC_IRQHandler
                0x00000000080010a8                PVD_IRQHandler
                0x00000000080010a8                EXTI3_IRQHandler
                0x00000000080010a8                EXTI0_IRQHandler
                0x00000000080010a8                I2C2_EV_IRQHandler
                0x00000000080010a8                ADC1_2_IRQHandler
                0x00000000080010a8                SPI1_IRQHandler
                0x00000000080010a8                TAMPER_IRQHandler
                0x00000000080010a8                DMA1_Channel4_IRQHandler
                0x00000000080010a8                USART3_IRQHandler
                0x00000000080010a8                RTC_IRQHandler
                0x00000000080010a8                DMA1_Channel7_IRQHandler
                0x00000000080010a8                CAN1_RX1_IRQHandler
                0x00000000080010a8                TIM4_IRQHandler
                0x00000000080010a8                I2C1_EV_IRQHandler
                0x00000000080010a8                DMA1_Channel6_IRQHandler
                0x00000000080010a8                TIM3_IRQHandler
                0x00000000080010a8                RCC_IRQHandler
                0x00000000080010a8                TIM1_TRG_COM_IRQHandler
                0x00000000080010a8                DMA1_Channel1_IRQHandler
                0x00000000080010a8                Default_Handler
                0x00000000080010a8                EXTI15_10_IRQHandler
                0x00000000080010a8                EXTI9_5_IRQHandler
                0x00000000080010a8                SPI2_IRQHandler
                0x00000000080010a8                DMA1_Channel5_IRQHandler
                0x00000000080010a8                EXTI4_IRQHandler
                0x00000000080010a8                USB_HP_CAN1_TX_IRQHandler
                0x00000000080010a8                DMA1_Channel3_IRQHandler
                0x00000000080010a8                TIM1_UP_IRQHandler
                0x00000000080010a8                WWDG_IRQHandler
                0x00000000080010a8                TIM2_IRQHandler
                0x00000000080010a8                TIM1_BRK_IRQHandler
                0x00000000080010a8                EXTI1_IRQHandler
                0x00000000080010a8                USART2_IRQHandler
                0x00000000080010a8                I2C2_ER_IRQHandler
                0x00000000080010a8                DMA1_Channel2_IRQHandler
                0x00000000080010a8                CAN1_SCE_IRQHandler
                0x00000000080010a8                FLASH_IRQHandler
                0x00000000080010a8                USART1_IRQHandler
                0x00000000080010a8                I2C1_ER_IRQHandler
                0x00000000080010a8                USBWakeUp_IRQHandler
 *fill*         0x00000000080010aa        0x2 
 .text.HAL_Init
                0x00000000080010ac       0x2c Drivers/STM32F1xx_HAL_Driver/Src/stm32f1xx_hal.o
                0x00000000080010ac                HAL_Init
 .text.HAL_InitTick
                0x00000000080010d8       0x60 Drivers/STM32F1xx_HAL_Driver/Src/stm32f1xx_hal.o
                0x00000000080010d8                HAL_InitTick
 .text.HAL_IncTick
                0x0000000008001138       0x24 Drivers/STM32F1xx_HAL_Driver/Src/stm32f1xx_hal.o
                0x0000000008001138                HAL_IncTick
 .text.HAL_GetTick
                0x000000000800115c       0x14 Drivers/STM32F1xx_HAL_Driver/Src/stm32f1xx_hal.o
                0x000000000800115c                HAL_GetTick
 .text.HAL_Delay
                0x0000000008001170       0x44 Drivers/STM32F1xx_HAL_Driver/Src/stm32f1xx_hal.o
                0x0000000008001170                HAL_Delay
 .text.__NVIC_SetPriorityGrouping
                0x00000000080011b4       0x48 Drivers/STM32F1xx_HAL_Driver/Src/stm32f1xx_hal_cortex.o
 .text.__NVIC_GetPriorityGrouping
                0x00000000080011fc       0x1c Drivers/STM32F1xx_HAL_Driver/Src/stm32f1xx_hal_cortex.o
 .text.__NVIC_EnableIRQ
                0x0000000008001218       0x38 Drivers/STM32F1xx_HAL_Driver/Src/stm32f1xx_hal_cortex.o
 .text.__NVIC_SetPriority
                0x0000000008001250       0x54 Drivers/STM32F1xx_HAL_Driver/Src/stm32f1xx_hal_cortex.o
 .text.NVIC_EncodePriority
                0x00000000080012a4       0x64 Drivers/STM32F1xx_HAL_Driver/Src/stm32f1xx_hal_cortex.o
 .text.SysTick_Config
                0x0000000008001308       0x44 Drivers/STM32F1xx_HAL_Driver/Src/stm32f1xx_hal_cortex.o
 .text.HAL_NVIC_SetPriorityGrouping
                0x000000000800134c       0x16 Drivers/STM32F1xx_HAL_Driver/Src/stm32f1xx_hal_cortex.o
                0x000000000800134c                HAL_NVIC_SetPriorityGrouping
 .text.HAL_NVIC_SetPriority
                0x0000000008001362       0x38 Drivers/STM32F1xx_HAL_Driver/Src/stm32f1xx_hal_cortex.o
                0x0000000008001362                HAL_NVIC_SetPriority
 .text.HAL_NVIC_EnableIRQ
                0x000000000800139a       0x1c Drivers/STM32F1xx_HAL_Driver/Src/stm32f1xx_hal_cortex.o
                0x000000000800139a                HAL_NVIC_EnableIRQ
 .text.HAL_SYSTICK_Config
                0x00000000080013b6       0x18 Drivers/STM32F1xx_HAL_Driver/Src/stm32f1xx_hal_cortex.o
                0x00000000080013b6                HAL_SYSTICK_Config
 *fill*         0x00000000080013ce        0x2 
 .text.HAL_GPIO_Init
                0x00000000080013d0      0x2b4 Drivers/STM32F1xx_HAL_Driver/Src/stm32f1xx_hal_gpio.o
                0x00000000080013d0                HAL_GPIO_Init
 .text.HAL_GPIO_ReadPin
                0x0000000008001684       0x2e Drivers/STM32F1xx_HAL_Driver/Src/stm32f1xx_hal_gpio.o
                0x0000000008001684                HAL_GPIO_ReadPin
 .text.HAL_GPIO_WritePin
                0x00000000080016b2       0x30 Drivers/STM32F1xx_HAL_Driver/Src/stm32f1xx_hal_gpio.o
                0x00000000080016b2                HAL_GPIO_WritePin
 .text.HAL_GPIO_TogglePin
                0x00000000080016e2       0x32 Drivers/STM32F1xx_HAL_Driver/Src/stm32f1xx_hal_gpio.o
                0x00000000080016e2                HAL_GPIO_TogglePin
 .text.HAL_PCD_Init
                0x0000000008001714      0x216 Drivers/STM32F1xx_HAL_Driver/Src/stm32f1xx_hal_pcd.o
                0x0000000008001714                HAL_PCD_Init
 .text.HAL_PCD_Start
                0x000000000800192a       0x4c Drivers/STM32F1xx_HAL_Driver/Src/stm32f1xx_hal_pcd.o
                0x000000000800192a                HAL_PCD_Start
 .text.HAL_PCD_IRQHandler
                0x0000000008001976      0x2aa Drivers/STM32F1xx_HAL_Driver/Src/stm32f1xx_hal_pcd.o
                0x0000000008001976                HAL_PCD_IRQHandler
 .text.HAL_PCD_SetAddress
                0x0000000008001c20       0x4a Drivers/STM32F1xx_HAL_Driver/Src/stm32f1xx_hal_pcd.o
                0x0000000008001c20                HAL_PCD_SetAddress
 .text.HAL_PCD_EP_Open
                0x0000000008001c6a       0xcc Drivers/STM32F1xx_HAL_Driver/Src/stm32f1xx_hal_pcd.o
                0x0000000008001c6a                HAL_PCD_EP_Open
 .text.HAL_PCD_EP_Close
                0x0000000008001d36       0x90 Drivers/STM32F1xx_HAL_Driver/Src/stm32f1xx_hal_pcd.o
                0x0000000008001d36                HAL_PCD_EP_Close
 .text.HAL_PCD_EP_Receive
                0x0000000008001dc6       0x7a Drivers/STM32F1xx_HAL_Driver/Src/stm32f1xx_hal_pcd.o
                0x0000000008001dc6                HAL_PCD_EP_Receive
 .text.HAL_PCD_EP_GetRxCount
                0x0000000008001e40       0x2e Drivers/STM32F1xx_HAL_Driver/Src/stm32f1xx_hal_pcd.o
                0x0000000008001e40                HAL_PCD_EP_GetRxCount
 .text.HAL_PCD_EP_Transmit
                0x0000000008001e6e       0x86 Drivers/STM32F1xx_HAL_Driver/Src/stm32f1xx_hal_pcd.o
                0x0000000008001e6e                HAL_PCD_EP_Transmit
 .text.HAL_PCD_EP_SetStall
                0x0000000008001ef4       0xc0 Drivers/STM32F1xx_HAL_Driver/Src/stm32f1xx_hal_pcd.o
                0x0000000008001ef4                HAL_PCD_EP_SetStall
 .text.HAL_PCD_EP_ClrStall
                0x0000000008001fb4       0xa8 Drivers/STM32F1xx_HAL_Driver/Src/stm32f1xx_hal_pcd.o
                0x0000000008001fb4                HAL_PCD_EP_ClrStall
 .text.PCD_EP_ISR_Handler
                0x000000000800205c      0x5e6 Drivers/STM32F1xx_HAL_Driver/Src/stm32f1xx_hal_pcd.o
 .text.HAL_PCD_EP_DB_Receive
                0x0000000008002642      0x21a Drivers/STM32F1xx_HAL_Driver/Src/stm32f1xx_hal_pcd.o
 .text.HAL_PCD_EP_DB_Transmit
                0x000000000800285c      0x53a Drivers/STM32F1xx_HAL_Driver/Src/stm32f1xx_hal_pcd.o
 .text.HAL_PCDEx_PMAConfig
                0x0000000008002d96       0x84 Drivers/STM32F1xx_HAL_Driver/Src/stm32f1xx_hal_pcd_ex.o
                0x0000000008002d96                HAL_PCDEx_PMAConfig
 *fill*         0x0000000008002e1a        0x2 
 .text.HAL_RCC_OscConfig
                0x0000000008002e1c      0x500 Drivers/STM32F1xx_HAL_Driver/Src/stm32f1xx_hal_rcc.o
                0x0000000008002e1c                HAL_RCC_OscConfig
 .text.HAL_RCC_ClockConfig
                0x000000000800331c      0x1d4 Drivers/STM32F1xx_HAL_Driver/Src/stm32f1xx_hal_rcc.o
                0x000000000800331c                HAL_RCC_ClockConfig
 .text.HAL_RCC_GetSysClockFreq
                0x00000000080034f0       0xc4 Drivers/STM32F1xx_HAL_Driver/Src/stm32f1xx_hal_rcc.o
                0x00000000080034f0                HAL_RCC_GetSysClockFreq
 .text.HAL_RCC_GetHCLKFreq
                0x00000000080035b4       0x14 Drivers/STM32F1xx_HAL_Driver/Src/stm32f1xx_hal_rcc.o
                0x00000000080035b4                HAL_RCC_GetHCLKFreq
 .text.RCC_Delay
                0x00000000080035c8       0x3c Drivers/STM32F1xx_HAL_Driver/Src/stm32f1xx_hal_rcc.o
 .text.HAL_RCCEx_PeriphCLKConfig
                0x0000000008003604      0x16c Drivers/STM32F1xx_HAL_Driver/Src/stm32f1xx_hal_rcc_ex.o
                0x0000000008003604                HAL_RCCEx_PeriphCLKConfig
 .text.HAL_SPI_Init
                0x0000000008003770      0x108 Drivers/STM32F1xx_HAL_Driver/Src/stm32f1xx_hal_spi.o
                0x0000000008003770                HAL_SPI_Init
 .text.HAL_SPI_Transmit
                0x0000000008003878      0x278 Drivers/STM32F1xx_HAL_Driver/Src/stm32f1xx_hal_spi.o
                0x0000000008003878                HAL_SPI_Transmit
 .text.HAL_SPI_Receive
                0x0000000008003af0      0x222 Drivers/STM32F1xx_HAL_Driver/Src/stm32f1xx_hal_spi.o
                0x0000000008003af0                HAL_SPI_Receive
 .text.HAL_SPI_TransmitReceive
                0x0000000008003d12      0x344 Drivers/STM32F1xx_HAL_Driver/Src/stm32f1xx_hal_spi.o
                0x0000000008003d12                HAL_SPI_TransmitReceive
 *fill*         0x0000000008004056        0x2 
 .text.SPI_WaitFlagStateUntilTimeout
                0x0000000008004058      0x110 Drivers/STM32F1xx_HAL_Driver/Src/stm32f1xx_hal_spi.o
 .text.SPI_EndRxTransaction
                0x0000000008004168       0xa4 Drivers/STM32F1xx_HAL_Driver/Src/stm32f1xx_hal_spi.o
 .text.SPI_EndRxTxTransaction
                0x000000000800420c       0x3c Drivers/STM32F1xx_HAL_Driver/Src/stm32f1xx_hal_spi.o
 .text.USB_CoreInit
                0x0000000008004248       0x20 Drivers/STM32F1xx_HAL_Driver/Src/stm32f1xx_ll_usb.o
                0x0000000008004248                USB_CoreInit
 .text.USB_EnableGlobalInt
                0x0000000008004268       0x2c Drivers/STM32F1xx_HAL_Driver/Src/stm32f1xx_ll_usb.o
                0x0000000008004268                USB_EnableGlobalInt
 .text.USB_DisableGlobalInt
                0x0000000008004294       0x34 Drivers/STM32F1xx_HAL_Driver/Src/stm32f1xx_ll_usb.o
                0x0000000008004294                USB_DisableGlobalInt
 .text.USB_SetCurrentMode
                0x00000000080042c8       0x18 Drivers/STM32F1xx_HAL_Driver/Src/stm32f1xx_ll_usb.o
                0x00000000080042c8                USB_SetCurrentMode
 .text.USB_DevInit
                0x00000000080042e0       0x40 Drivers/STM32F1xx_HAL_Driver/Src/stm32f1xx_ll_usb.o
                0x00000000080042e0                USB_DevInit
 .text.USB_ActivateEndpoint
                0x0000000008004320      0x6d4 Drivers/STM32F1xx_HAL_Driver/Src/stm32f1xx_ll_usb.o
                0x0000000008004320                USB_ActivateEndpoint
 .text.USB_DeactivateEndpoint
                0x00000000080049f4      0x3d8 Drivers/STM32F1xx_HAL_Driver/Src/stm32f1xx_ll_usb.o
                0x00000000080049f4                USB_DeactivateEndpoint
 .text.USB_EPStartXfer
                0x0000000008004dcc     0x1240 Drivers/STM32F1xx_HAL_Driver/Src/stm32f1xx_ll_usb.o
                0x0000000008004dcc                USB_EPStartXfer
 .text.USB_EPSetStall
                0x000000000800600c       0xa0 Drivers/STM32F1xx_HAL_Driver/Src/stm32f1xx_ll_usb.o
                0x000000000800600c                USB_EPSetStall
 .text.USB_EPClearStall
                0x00000000080060ac      0x15a Drivers/STM32F1xx_HAL_Driver/Src/stm32f1xx_ll_usb.o
                0x00000000080060ac                USB_EPClearStall
 .text.USB_SetDevAddress
                0x0000000008006206       0x26 Drivers/STM32F1xx_HAL_Driver/Src/stm32f1xx_ll_usb.o
                0x0000000008006206                USB_SetDevAddress
 .text.USB_DevConnect
                0x000000000800622c       0x14 Drivers/STM32F1xx_HAL_Driver/Src/stm32f1xx_ll_usb.o
                0x000000000800622c                USB_DevConnect
 .text.USB_DevDisconnect
                0x0000000008006240       0x14 Drivers/STM32F1xx_HAL_Driver/Src/stm32f1xx_ll_usb.o
                0x0000000008006240                USB_DevDisconnect
 .text.USB_ReadInterrupts
                0x0000000008006254       0x1e Drivers/STM32F1xx_HAL_Driver/Src/stm32f1xx_ll_usb.o
                0x0000000008006254                USB_ReadInterrupts
 .text.USB_EP0_OutStart
                0x0000000008006272       0x16 Drivers/STM32F1xx_HAL_Driver/Src/stm32f1xx_ll_usb.o
                0x0000000008006272                USB_EP0_OutStart
 .text.USB_WritePMA
                0x0000000008006288       0x88 Drivers/STM32F1xx_HAL_Driver/Src/stm32f1xx_ll_usb.o
                0x0000000008006288                USB_WritePMA
 .text.USB_ReadPMA
                0x0000000008006310       0x9e Drivers/STM32F1xx_HAL_Driver/Src/stm32f1xx_ll_usb.o
                0x0000000008006310                USB_ReadPMA
 .text.USBD_CDC_Init
                0x00000000080063ae       0xf4 Middlewares/ST/STM32_USB_Device_Library/Class/CDC/Src/usbd_cdc.o
 .text.USBD_CDC_DeInit
                0x00000000080064a2       0x6e Middlewares/ST/STM32_USB_Device_Library/Class/CDC/Src/usbd_cdc.o
 .text.USBD_CDC_Setup
                0x0000000008006510      0x140 Middlewares/ST/STM32_USB_Device_Library/Class/CDC/Src/usbd_cdc.o
 .text.USBD_CDC_DataIn
                0x0000000008006650       0xa6 Middlewares/ST/STM32_USB_Device_Library/Class/CDC/Src/usbd_cdc.o
 .text.USBD_CDC_DataOut
                0x00000000080066f6       0x56 Middlewares/ST/STM32_USB_Device_Library/Class/CDC/Src/usbd_cdc.o
 .text.USBD_CDC_EP0_RxReady
                0x000000000800674c       0x50 Middlewares/ST/STM32_USB_Device_Library/Class/CDC/Src/usbd_cdc.o
 .text.USBD_CDC_GetFSCfgDesc
                0x000000000800679c       0x20 Middlewares/ST/STM32_USB_Device_Library/Class/CDC/Src/usbd_cdc.o
 .text.USBD_CDC_GetHSCfgDesc
                0x00000000080067bc       0x20 Middlewares/ST/STM32_USB_Device_Library/Class/CDC/Src/usbd_cdc.o
 .text.USBD_CDC_GetOtherSpeedCfgDesc
                0x00000000080067dc       0x20 Middlewares/ST/STM32_USB_Device_Library/Class/CDC/Src/usbd_cdc.o
 .text.USBD_CDC_GetDeviceQualifierDescriptor
                0x00000000080067fc       0x20 Middlewares/ST/STM32_USB_Device_Library/Class/CDC/Src/usbd_cdc.o
                0x00000000080067fc                USBD_CDC_GetDeviceQualifierDescriptor
 .text.USBD_CDC_RegisterInterface
                0x000000000800681c       0x2c Middlewares/ST/STM32_USB_Device_Library/Class/CDC/Src/usbd_cdc.o
                0x000000000800681c                USBD_CDC_RegisterInterface
 .text.USBD_CDC_SetTxBuffer
                0x0000000008006848       0x32 Middlewares/ST/STM32_USB_Device_Library/Class/CDC/Src/usbd_cdc.o
                0x0000000008006848                USBD_CDC_SetTxBuffer
 .text.USBD_CDC_SetRxBuffer
                0x000000000800687a       0x26 Middlewares/ST/STM32_USB_Device_Library/Class/CDC/Src/usbd_cdc.o
                0x000000000800687a                USBD_CDC_SetRxBuffer
 .text.USBD_CDC_TransmitPacket
                0x00000000080068a0       0x5e Middlewares/ST/STM32_USB_Device_Library/Class/CDC/Src/usbd_cdc.o
                0x00000000080068a0                USBD_CDC_TransmitPacket
 .text.USBD_CDC_ReceivePacket
                0x00000000080068fe       0x54 Middlewares/ST/STM32_USB_Device_Library/Class/CDC/Src/usbd_cdc.o
                0x00000000080068fe                USBD_CDC_ReceivePacket
 .text.USBD_Init
                0x0000000008006952       0x56 Middlewares/ST/STM32_USB_Device_Library/Core/Src/usbd_core.o
                0x0000000008006952                USBD_Init
 .text.USBD_RegisterClass
                0x00000000080069a8       0x32 Middlewares/ST/STM32_USB_Device_Library/Core/Src/usbd_core.o
                0x00000000080069a8                USBD_RegisterClass
 .text.USBD_Start
                0x00000000080069da       0x18 Middlewares/ST/STM32_USB_Device_Library/Core/Src/usbd_core.o
                0x00000000080069da                USBD_Start
 .text.USBD_RunTestMode
                0x00000000080069f2       0x14 Middlewares/ST/STM32_USB_Device_Library/Core/Src/usbd_core.o
                0x00000000080069f2                USBD_RunTestMode
 .text.USBD_SetClassConfig
                0x0000000008006a06       0x3e Middlewares/ST/STM32_USB_Device_Library/Core/Src/usbd_core.o
                0x0000000008006a06                USBD_SetClassConfig
 .text.USBD_ClrClassConfig
                0x0000000008006a44       0x26 Middlewares/ST/STM32_USB_Device_Library/Core/Src/usbd_core.o
                0x0000000008006a44                USBD_ClrClassConfig
 .text.USBD_LL_SetupStage
                0x0000000008006a6a       0x96 Middlewares/ST/STM32_USB_Device_Library/Core/Src/usbd_core.o
                0x0000000008006a6a                USBD_LL_SetupStage
 .text.USBD_LL_DataOutStage
                0x0000000008006b00       0xe2 Middlewares/ST/STM32_USB_Device_Library/Core/Src/usbd_core.o
                0x0000000008006b00                USBD_LL_DataOutStage
 .text.USBD_LL_DataInStage
                0x0000000008006be2      0x14a Middlewares/ST/STM32_USB_Device_Library/Core/Src/usbd_core.o
                0x0000000008006be2                USBD_LL_DataInStage
 .text.USBD_LL_Reset
                0x0000000008006d2c       0x82 Middlewares/ST/STM32_USB_Device_Library/Core/Src/usbd_core.o
                0x0000000008006d2c                USBD_LL_Reset
 .text.USBD_LL_SetSpeed
                0x0000000008006dae       0x1e Middlewares/ST/STM32_USB_Device_Library/Core/Src/usbd_core.o
                0x0000000008006dae                USBD_LL_SetSpeed
 .text.USBD_LL_Suspend
                0x0000000008006dcc       0x28 Middlewares/ST/STM32_USB_Device_Library/Core/Src/usbd_core.o
                0x0000000008006dcc                USBD_LL_Suspend
 .text.USBD_LL_Resume
                0x0000000008006df4       0x2a Middlewares/ST/STM32_USB_Device_Library/Core/Src/usbd_core.o
                0x0000000008006df4                USBD_LL_Resume
 .text.USBD_LL_SOF
                0x0000000008006e1e       0x34 Middlewares/ST/STM32_USB_Device_Library/Core/Src/usbd_core.o
                0x0000000008006e1e                USBD_LL_SOF
 *fill*         0x0000000008006e52        0x2 
 .text.USBD_StdDevReq
                0x0000000008006e54       0xd4 Middlewares/ST/STM32_USB_Device_Library/Core/Src/usbd_ctlreq.o
                0x0000000008006e54                USBD_StdDevReq
 .text.USBD_StdItfReq
                0x0000000008006f28       0x8c Middlewares/ST/STM32_USB_Device_Library/Core/Src/usbd_ctlreq.o
                0x0000000008006f28                USBD_StdItfReq
 .text.USBD_StdEPReq
                0x0000000008006fb4      0x2ba Middlewares/ST/STM32_USB_Device_Library/Core/Src/usbd_ctlreq.o
                0x0000000008006fb4                USBD_StdEPReq
 *fill*         0x000000000800726e        0x2 
 .text.USBD_GetDescriptor
                0x0000000008007270      0x2d0 Middlewares/ST/STM32_USB_Device_Library/Core/Src/usbd_ctlreq.o
 .text.USBD_SetAddress
                0x0000000008007540       0x84 Middlewares/ST/STM32_USB_Device_Library/Core/Src/usbd_ctlreq.o
 .text.USBD_SetConfig
                0x00000000080075c4      0x11c Middlewares/ST/STM32_USB_Device_Library/Core/Src/usbd_ctlreq.o
 .text.USBD_GetConfig
                0x00000000080076e0       0x68 Middlewares/ST/STM32_USB_Device_Library/Core/Src/usbd_ctlreq.o
 .text.USBD_GetStatus
                0x0000000008007748       0x66 Middlewares/ST/STM32_USB_Device_Library/Core/Src/usbd_ctlreq.o
 .text.USBD_SetFeature
                0x00000000080077ae       0x28 Middlewares/ST/STM32_USB_Device_Library/Core/Src/usbd_ctlreq.o
 .text.USBD_ClrFeature
                0x00000000080077d6       0x42 Middlewares/ST/STM32_USB_Device_Library/Core/Src/usbd_ctlreq.o
 .text.USBD_ParseSetupRequest
                0x0000000008007818       0x78 Middlewares/ST/STM32_USB_Device_Library/Core/Src/usbd_ctlreq.o
                0x0000000008007818                USBD_ParseSetupRequest
 .text.USBD_CtlError
                0x0000000008007890       0x22 Middlewares/ST/STM32_USB_Device_Library/Core/Src/usbd_ctlreq.o
                0x0000000008007890                USBD_CtlError
 .text.USBD_GetString
                0x00000000080078b2       0x84 Middlewares/ST/STM32_USB_Device_Library/Core/Src/usbd_ctlreq.o
                0x00000000080078b2                USBD_GetString
 .text.USBD_GetLen
                0x0000000008007936       0x2e Middlewares/ST/STM32_USB_Device_Library/Core/Src/usbd_ctlreq.o
 .text.USBD_CtlSendData
                0x0000000008007964       0x38 Middlewares/ST/STM32_USB_Device_Library/Core/Src/usbd_ioreq.o
                0x0000000008007964                USBD_CtlSendData
 .text.USBD_CtlContinueSendData
                0x000000000800799c       0x24 Middlewares/ST/STM32_USB_Device_Library/Core/Src/usbd_ioreq.o
                0x000000000800799c                USBD_CtlContinueSendData
 .text.USBD_CtlPrepareRx
                0x00000000080079c0       0x3c Middlewares/ST/STM32_USB_Device_Library/Core/Src/usbd_ioreq.o
                0x00000000080079c0                USBD_CtlPrepareRx
 .text.USBD_CtlContinueRx
                0x00000000080079fc       0x24 Middlewares/ST/STM32_USB_Device_Library/Core/Src/usbd_ioreq.o
                0x00000000080079fc                USBD_CtlContinueRx
 .text.USBD_CtlSendStatus
                0x0000000008007a20       0x26 Middlewares/ST/STM32_USB_Device_Library/Core/Src/usbd_ioreq.o
                0x0000000008007a20                USBD_CtlSendStatus
 .text.USBD_CtlReceiveStatus
                0x0000000008007a46       0x26 Middlewares/ST/STM32_USB_Device_Library/Core/Src/usbd_ioreq.o
                0x0000000008007a46                USBD_CtlReceiveStatus
 .text.MX_USB_DEVICE_Init
                0x0000000008007a6c       0x60 USB_DEVICE/App/usb_device.o
                0x0000000008007a6c                MX_USB_DEVICE_Init
 .text.CDC_Init_FS
                0x0000000008007acc       0x28 USB_DEVICE/App/usbd_cdc_if.o
 .text.CDC_DeInit_FS
                0x0000000008007af4        0xe USB_DEVICE/App/usbd_cdc_if.o
 *fill*         0x0000000008007b02        0x2 
 .text.CDC_Control_FS
                0x0000000008007b04       0xbc USB_DEVICE/App/usbd_cdc_if.o
 .text.CDC_Receive_FS
                0x0000000008007bc0       0x50 USB_DEVICE/App/usbd_cdc_if.o
 .text.CDC_Transmit_FS
                0x0000000008007c10       0x4c USB_DEVICE/App/usbd_cdc_if.o
                0x0000000008007c10                CDC_Transmit_FS
 .text.USBD_FS_DeviceDescriptor
                0x0000000008007c5c       0x24 USB_DEVICE/App/usbd_desc.o
                0x0000000008007c5c                USBD_FS_DeviceDescriptor
 .text.USBD_FS_LangIDStrDescriptor
                0x0000000008007c80       0x24 USB_DEVICE/App/usbd_desc.o
                0x0000000008007c80                USBD_FS_LangIDStrDescriptor
 .text.USBD_FS_ProductStrDescriptor
                0x0000000008007ca4       0x3c USB_DEVICE/App/usbd_desc.o
                0x0000000008007ca4                USBD_FS_ProductStrDescriptor
 .text.USBD_FS_ManufacturerStrDescriptor
                0x0000000008007ce0       0x28 USB_DEVICE/App/usbd_desc.o
                0x0000000008007ce0                USBD_FS_ManufacturerStrDescriptor
 .text.USBD_FS_SerialStrDescriptor
                0x0000000008007d08       0x24 USB_DEVICE/App/usbd_desc.o
                0x0000000008007d08                USBD_FS_SerialStrDescriptor
 .text.USBD_FS_ConfigStrDescriptor
                0x0000000008007d2c       0x3c USB_DEVICE/App/usbd_desc.o
                0x0000000008007d2c                USBD_FS_ConfigStrDescriptor
 .text.USBD_FS_InterfaceStrDescriptor
                0x0000000008007d68       0x3c USB_DEVICE/App/usbd_desc.o
                0x0000000008007d68                USBD_FS_InterfaceStrDescriptor
 .text.Get_SerialNum
                0x0000000008007da4       0x58 USB_DEVICE/App/usbd_desc.o
 .text.IntToUnicode
                0x0000000008007dfc       0x7a USB_DEVICE/App/usbd_desc.o
 *fill*         0x0000000008007e76        0x2 
 .text.HAL_PCD_MspInit
                0x0000000008007e78       0x4c USB_DEVICE/Target/usbd_conf.o
                0x0000000008007e78                HAL_PCD_MspInit
 .text.HAL_PCD_SetupStageCallback
                0x0000000008007ec4       0x24 USB_DEVICE/Target/usbd_conf.o
                0x0000000008007ec4                HAL_PCD_SetupStageCallback
 .text.HAL_PCD_DataOutStageCallback
                0x0000000008007ee8       0x36 USB_DEVICE/Target/usbd_conf.o
                0x0000000008007ee8                HAL_PCD_DataOutStageCallback
 .text.HAL_PCD_DataInStageCallback
                0x0000000008007f1e       0x34 USB_DEVICE/Target/usbd_conf.o
                0x0000000008007f1e                HAL_PCD_DataInStageCallback
 .text.HAL_PCD_SOFCallback
                0x0000000008007f52       0x1c USB_DEVICE/Target/usbd_conf.o
                0x0000000008007f52                HAL_PCD_SOFCallback
 .text.HAL_PCD_ResetCallback
                0x0000000008007f6e       0x3c USB_DEVICE/Target/usbd_conf.o
                0x0000000008007f6e                HAL_PCD_ResetCallback
 *fill*         0x0000000008007faa        0x2 
 .text.HAL_PCD_SuspendCallback
                0x0000000008007fac       0x34 USB_DEVICE/Target/usbd_conf.o
                0x0000000008007fac                HAL_PCD_SuspendCallback
 .text.HAL_PCD_ResumeCallback
                0x0000000008007fe0       0x1c USB_DEVICE/Target/usbd_conf.o
                0x0000000008007fe0                HAL_PCD_ResumeCallback
 .text.USBD_LL_Init
                0x0000000008007ffc       0xb4 USB_DEVICE/Target/usbd_conf.o
                0x0000000008007ffc                USBD_LL_Init
 .text.USBD_LL_Start
                0x00000000080080b0       0x36 USB_DEVICE/Target/usbd_conf.o
                0x00000000080080b0                USBD_LL_Start
 .text.USBD_LL_OpenEP
                0x00000000080080e6       0x4c USB_DEVICE/Target/usbd_conf.o
                0x00000000080080e6                USBD_LL_OpenEP
 .text.USBD_LL_CloseEP
                0x0000000008008132       0x3e USB_DEVICE/Target/usbd_conf.o
                0x0000000008008132                USBD_LL_CloseEP
 .text.USBD_LL_StallEP
                0x0000000008008170       0x3e USB_DEVICE/Target/usbd_conf.o
                0x0000000008008170                USBD_LL_StallEP
 .text.USBD_LL_ClearStallEP
                0x00000000080081ae       0x3e USB_DEVICE/Target/usbd_conf.o
                0x00000000080081ae                USBD_LL_ClearStallEP
 .text.USBD_LL_IsStallEP
                0x00000000080081ec       0x58 USB_DEVICE/Target/usbd_conf.o
                0x00000000080081ec                USBD_LL_IsStallEP
 .text.USBD_LL_SetUSBAddress
                0x0000000008008244       0x3e USB_DEVICE/Target/usbd_conf.o
                0x0000000008008244                USBD_LL_SetUSBAddress
 .text.USBD_LL_Transmit
                0x0000000008008282       0x46 USB_DEVICE/Target/usbd_conf.o
                0x0000000008008282                USBD_LL_Transmit
 .text.USBD_LL_PrepareReceive
                0x00000000080082c8       0x46 USB_DEVICE/Target/usbd_conf.o
                0x00000000080082c8                USBD_LL_PrepareReceive
 .text.USBD_LL_GetRxDataSize
                0x000000000800830e       0x26 USB_DEVICE/Target/usbd_conf.o
                0x000000000800830e                USBD_LL_GetRxDataSize
 .text.USBD_static_malloc
                0x0000000008008334       0x18 USB_DEVICE/Target/usbd_conf.o
                0x0000000008008334                USBD_static_malloc
 .text.USBD_static_free
                0x000000000800834c       0x12 USB_DEVICE/Target/usbd_conf.o
                0x000000000800834c                USBD_static_free
 .text.HAL_PCDEx_SetConnectionState
                0x000000000800835e       0x16 USB_DEVICE/Target/usbd_conf.o
                0x000000000800835e                HAL_PCDEx_SetConnectionState
 .text.USBD_Get_USB_Status
                0x0000000008008374       0x58 USB_DEVICE/Target/usbd_conf.o
 .text.__libc_init_array
                0x00000000080083cc       0x48 c:/st/stm32cubeide_1.1.0/stm32cubeide/plugins/com.st.stm32cube.ide.mcu.externaltools.gnu-tools-for-stm32.7-2018-q2-update.win32_1.5.0.202011040924/tools/bin/../lib/gcc/arm-none-eabi/7.3.1/../../../../arm-none-eabi/lib/thumb/v7-m\libc_nano.a(lib_a-init.o)
                0x00000000080083cc                __libc_init_array
 .text.memcpy   0x0000000008008414       0x16 c:/st/stm32cubeide_1.1.0/stm32cubeide/plugins/com.st.stm32cube.ide.mcu.externaltools.gnu-tools-for-stm32.7-2018-q2-update.win32_1.5.0.202011040924/tools/bin/../lib/gcc/arm-none-eabi/7.3.1/../../../../arm-none-eabi/lib/thumb/v7-m\libc_nano.a(lib_a-memcpy-stub.o)
                0x0000000008008414                memcpy
 .text.memset   0x000000000800842a       0x10 c:/st/stm32cubeide_1.1.0/stm32cubeide/plugins/com.st.stm32cube.ide.mcu.externaltools.gnu-tools-for-stm32.7-2018-q2-update.win32_1.5.0.202011040924/tools/bin/../lib/gcc/arm-none-eabi/7.3.1/../../../../arm-none-eabi/lib/thumb/v7-m\libc_nano.a(lib_a-memset.o)
                0x000000000800842a                memset
 *(.glue_7)
 .glue_7        0x000000000800843a        0x0 linker stubs
 *(.glue_7t)
 .glue_7t       0x000000000800843a        0x0 linker stubs
 *(.eh_frame)
 *fill*         0x000000000800843a        0x2 
 .eh_frame      0x000000000800843c        0x0 c:/st/stm32cubeide_1.1.0/stm32cubeide/plugins/com.st.stm32cube.ide.mcu.externaltools.gnu-tools-for-stm32.7-2018-q2-update.win32_1.5.0.202011040924/tools/bin/../lib/gcc/arm-none-eabi/7.3.1/thumb/v7-m/crtbegin.o
 *(.init)
 .init          0x000000000800843c        0x4 c:/st/stm32cubeide_1.1.0/stm32cubeide/plugins/com.st.stm32cube.ide.mcu.externaltools.gnu-tools-for-stm32.7-2018-q2-update.win32_1.5.0.202011040924/tools/bin/../lib/gcc/arm-none-eabi/7.3.1/thumb/v7-m/crti.o
                0x000000000800843c                _init
 .init          0x0000000008008440        0x8 c:/st/stm32cubeide_1.1.0/stm32cubeide/plugins/com.st.stm32cube.ide.mcu.externaltools.gnu-tools-for-stm32.7-2018-q2-update.win32_1.5.0.202011040924/tools/bin/../lib/gcc/arm-none-eabi/7.3.1/thumb/v7-m/crtn.o
 *(.fini)
 .fini          0x0000000008008448        0x4 c:/st/stm32cubeide_1.1.0/stm32cubeide/plugins/com.st.stm32cube.ide.mcu.externaltools.gnu-tools-for-stm32.7-2018-q2-update.win32_1.5.0.202011040924/tools/bin/../lib/gcc/arm-none-eabi/7.3.1/thumb/v7-m/crti.o
                0x0000000008008448                _fini
 .fini          0x000000000800844c        0x8 c:/st/stm32cubeide_1.1.0/stm32cubeide/plugins/com.st.stm32cube.ide.mcu.externaltools.gnu-tools-for-stm32.7-2018-q2-update.win32_1.5.0.202011040924/tools/bin/../lib/gcc/arm-none-eabi/7.3.1/thumb/v7-m/crtn.o
                0x0000000008008454                . = ALIGN (0x4)
                0x0000000008008454                _etext = .

.vfp11_veneer   0x0000000008008454        0x0
 .vfp11_veneer  0x0000000008008454        0x0 linker stubs

.v4_bx          0x0000000008008454        0x0
 .v4_bx         0x0000000008008454        0x0 linker stubs

.iplt           0x0000000008008454        0x0
 .iplt          0x0000000008008454        0x0 c:/st/stm32cubeide_1.1.0/stm32cubeide/plugins/com.st.stm32cube.ide.mcu.externaltools.gnu-tools-for-stm32.7-2018-q2-update.win32_1.5.0.202011040924/tools/bin/../lib/gcc/arm-none-eabi/7.3.1/thumb/v7-m/crtbegin.o

.rodata         0x0000000008008454       0x64
                0x0000000008008454                . = ALIGN (0x4)
 *(.rodata)
 .rodata        0x0000000008008454       0x12 Drivers/STM32F1xx_HAL_Driver/Src/stm32f1xx_hal_rcc.o
 *fill*         0x0000000008008466        0x2 
 .rodata        0x0000000008008468       0x3e USB_DEVICE/App/usbd_desc.o
 *(.rodata*)
 *fill*         0x00000000080084a6        0x2 
 .rodata.AHBPrescTable
                0x00000000080084a8       0x10 Core/Src/system_stm32f1xx.o
                0x00000000080084a8                AHBPrescTable
                0x00000000080084b8                . = ALIGN (0x4)

.rel.dyn        0x00000000080084b8        0x0
 .rel.iplt      0x00000000080084b8        0x0 c:/st/stm32cubeide_1.1.0/stm32cubeide/plugins/com.st.stm32cube.ide.mcu.externaltools.gnu-tools-for-stm32.7-2018-q2-update.win32_1.5.0.202011040924/tools/bin/../lib/gcc/arm-none-eabi/7.3.1/thumb/v7-m/crtbegin.o

.ARM.extab      0x00000000080084b8        0x0
                0x00000000080084b8                . = ALIGN (0x4)
 *(.ARM.extab* .gnu.linkonce.armextab.*)
                0x00000000080084b8                . = ALIGN (0x4)

.ARM            0x00000000080084b8        0x0
                0x00000000080084b8                . = ALIGN (0x4)
                0x00000000080084b8                __exidx_start = .
 *(.ARM.exidx*)
                0x00000000080084b8                __exidx_end = .
                0x00000000080084b8                . = ALIGN (0x4)

.preinit_array  0x00000000080084b8        0x0
                0x00000000080084b8                . = ALIGN (0x4)
                0x00000000080084b8                PROVIDE (__preinit_array_start = .)
 *(.preinit_array*)
                0x00000000080084b8                PROVIDE (__preinit_array_end = .)
                0x00000000080084b8                . = ALIGN (0x4)

.init_array     0x00000000080084b8        0x4
                0x00000000080084b8                . = ALIGN (0x4)
                0x00000000080084b8                PROVIDE (__init_array_start = .)
 *(SORT_BY_NAME(.init_array.*))
 *(.init_array*)
 .init_array    0x00000000080084b8        0x4 c:/st/stm32cubeide_1.1.0/stm32cubeide/plugins/com.st.stm32cube.ide.mcu.externaltools.gnu-tools-for-stm32.7-2018-q2-update.win32_1.5.0.202011040924/tools/bin/../lib/gcc/arm-none-eabi/7.3.1/thumb/v7-m/crtbegin.o
                0x00000000080084bc                PROVIDE (__init_array_end = .)
                0x00000000080084bc                . = ALIGN (0x4)

.fini_array     0x00000000080084bc        0x4
                0x00000000080084bc                . = ALIGN (0x4)
                [!provide]                        PROVIDE (__fini_array_start = .)
 *(SORT_BY_NAME(.fini_array.*))
 *(.fini_array*)
 .fini_array    0x00000000080084bc        0x4 c:/st/stm32cubeide_1.1.0/stm32cubeide/plugins/com.st.stm32cube.ide.mcu.externaltools.gnu-tools-for-stm32.7-2018-q2-update.win32_1.5.0.202011040924/tools/bin/../lib/gcc/arm-none-eabi/7.3.1/thumb/v7-m/crtbegin.o
                [!provide]                        PROVIDE (__fini_array_end = .)
                0x00000000080084c0                . = ALIGN (0x4)
                0x00000000080084c0                _sidata = LOADADDR (.data)

.data           0x0000000020000000      0x184 load address 0x00000000080084c0
                0x0000000020000000                . = ALIGN (0x4)
                0x0000000020000000                _sdata = .
 *(.data)
 *(.data*)
 .data.ADDR_HOST_P0_AND_TX
                0x0000000020000000        0x5 Core/Src/nRF24L01_STM32.o
 *fill*         0x0000000020000005        0x3 
 .data.SystemCoreClock
                0x0000000020000008        0x4 Core/Src/system_stm32f1xx.o
                0x0000000020000008                SystemCoreClock
 .data.uwTickPrio
                0x000000002000000c        0x4 Drivers/STM32F1xx_HAL_Driver/Src/stm32f1xx_hal.o
                0x000000002000000c                uwTickPrio
 .data.uwTickFreq
                0x0000000020000010        0x1 Drivers/STM32F1xx_HAL_Driver/Src/stm32f1xx_hal.o
                0x0000000020000010                uwTickFreq
 *fill*         0x0000000020000011        0x3 
 .data.USBD_CDC_DeviceQualifierDesc
                0x0000000020000014        0xa Middlewares/ST/STM32_USB_Device_Library/Class/CDC/Src/usbd_cdc.o
 *fill*         0x000000002000001e        0x2 
 .data.USBD_CDC
                0x0000000020000020       0x38 Middlewares/ST/STM32_USB_Device_Library/Class/CDC/Src/usbd_cdc.o
                0x0000000020000020                USBD_CDC
 .data.USBD_CDC_CfgHSDesc
                0x0000000020000058       0x43 Middlewares/ST/STM32_USB_Device_Library/Class/CDC/Src/usbd_cdc.o
                0x0000000020000058                USBD_CDC_CfgHSDesc
 *fill*         0x000000002000009b        0x1 
 .data.USBD_CDC_CfgFSDesc
                0x000000002000009c       0x43 Middlewares/ST/STM32_USB_Device_Library/Class/CDC/Src/usbd_cdc.o
                0x000000002000009c                USBD_CDC_CfgFSDesc
 *fill*         0x00000000200000df        0x1 
 .data.USBD_CDC_OtherSpeedCfgDesc
                0x00000000200000e0       0x43 Middlewares/ST/STM32_USB_Device_Library/Class/CDC/Src/usbd_cdc.o
                0x00000000200000e0                USBD_CDC_OtherSpeedCfgDesc
 *fill*         0x0000000020000123        0x1 
 .data.USBD_Interface_fops_FS
                0x0000000020000124       0x10 USB_DEVICE/App/usbd_cdc_if.o
                0x0000000020000124                USBD_Interface_fops_FS
 .data.FS_Desc  0x0000000020000134       0x1c USB_DEVICE/App/usbd_desc.o
                0x0000000020000134                FS_Desc
 .data.USBD_FS_DeviceDesc
                0x0000000020000150       0x12 USB_DEVICE/App/usbd_desc.o
                0x0000000020000150                USBD_FS_DeviceDesc
 *fill*         0x0000000020000162        0x2 
 .data.USBD_LangIDDesc
                0x0000000020000164        0x4 USB_DEVICE/App/usbd_desc.o
                0x0000000020000164                USBD_LangIDDesc
 .data.USBD_StringSerial
                0x0000000020000168       0x1a USB_DEVICE/App/usbd_desc.o
                0x0000000020000168                USBD_StringSerial
                0x0000000020000184                . = ALIGN (0x4)
 *fill*         0x0000000020000182        0x2 
                0x0000000020000184                _edata = .

.igot.plt       0x0000000020000184        0x0 load address 0x0000000008008644
 .igot.plt      0x0000000020000184        0x0 c:/st/stm32cubeide_1.1.0/stm32cubeide/plugins/com.st.stm32cube.ide.mcu.externaltools.gnu-tools-for-stm32.7-2018-q2-update.win32_1.5.0.202011040924/tools/bin/../lib/gcc/arm-none-eabi/7.3.1/thumb/v7-m/crtbegin.o
                0x0000000020000184                . = ALIGN (0x4)

.bss            0x0000000020000184     0x13e0 load address 0x0000000008008644
                0x0000000020000184                _sbss = .
                0x0000000020000184                __bss_start__ = _sbss
 *(.bss)
 .bss           0x0000000020000184       0x1c c:/st/stm32cubeide_1.1.0/stm32cubeide/plugins/com.st.stm32cube.ide.mcu.externaltools.gnu-tools-for-stm32.7-2018-q2-update.win32_1.5.0.202011040924/tools/bin/../lib/gcc/arm-none-eabi/7.3.1/thumb/v7-m/crtbegin.o
 *(.bss*)
 .bss.cor_atual
                0x00000000200001a0        0x1 Core/Src/ledControl.o
 *fill*         0x00000000200001a1        0x3 
 .bss.tx_buf    0x00000000200001a4       0x20 Core/Src/main.o
 .bss.nRFint_guard
                0x00000000200001c4        0x1 Core/Src/main.o
 .bss.rx_payloadWidth
                0x00000000200001c5        0x1 Core/Src/main.o
                0x00000000200001c5                rx_payloadWidth
 .bss.rx_newPayload
                0x00000000200001c6        0x1 Core/Src/main.o
                0x00000000200001c6                rx_newPayload
 *fill*         0x00000000200001c7        0x1 
 .bss.rf_tx_buffer
                0x00000000200001c8      0x100 Core/Src/main.o
                0x00000000200001c8                rf_tx_buffer
 .bss.rf_tx_buffer_count
                0x00000000200002c8        0x4 Core/Src/main.o
                0x00000000200002c8                rf_tx_buffer_count
 .bss.rf_tx_SendMsg
                0x00000000200002cc        0x1 Core/Src/main.o
                0x00000000200002cc                rf_tx_SendMsg
 .bss.rfBridgeON
                0x00000000200002cd        0x1 Core/Src/main.o
                0x00000000200002cd                rfBridgeON
 .bss.rx_newData
                0x00000000200002ce        0x1 Core/Src/main.o
                0x00000000200002ce                rx_newData
 .bss.autoAck_enabled
                0x00000000200002cf        0x1 Core/Src/main.o
                0x00000000200002cf                autoAck_enabled
 .bss.status    0x00000000200002d0        0x1 Core/Src/nRF24L01_STM32.o
 .bss.TX_OK     0x00000000200002d1        0x1 Core/Src/nRF24L01_STM32.o
 .bss.RX_OK     0x00000000200002d2        0x1 Core/Src/nRF24L01_STM32.o
 .bss.autoAck_enable
                0x00000000200002d3        0x1 Core/Src/nRF24L01_STM32.o
 .bss.cfgidx.7829
                0x00000000200002d4        0x1 Middlewares/ST/STM32_USB_Device_Library/Core/Src/usbd_ctlreq.o
 *fill*         0x00000000200002d5        0x3 
 .bss.mem.7897  0x00000000200002d8      0x220 USB_DEVICE/Target/usbd_conf.o
 *(COMMON)
 COMMON         0x00000000200004f8       0x16 Core/Src/ledControl.o
                0x00000000200004f8                pin_G
                0x00000000200004fc                port_B
                0x0000000020000500                port_G
                0x0000000020000504                pin_B
                0x0000000020000508                port_R
                0x000000002000050c                pin_R
 *fill*         0x000000002000050e        0x2 
 COMMON         0x0000000020000510       0xd0 Core/Src/main.o
                0x0000000020000510                _spi
                0x0000000020000568                rx_buf
                0x0000000020000588                hspi1
 COMMON         0x00000000200005e0        0x4 Drivers/STM32F1xx_HAL_Driver/Src/stm32f1xx_hal.o
                0x00000000200005e0                uwTick
 COMMON         0x00000000200005e4      0x2c4 USB_DEVICE/App/usb_device.o
                0x00000000200005e4                hUsbDeviceFS
 COMMON         0x00000000200008a8      0x7d0 USB_DEVICE/App/usbd_cdc_if.o
                0x00000000200008a8                UserRxBufferFS
                0x0000000020000c90                UserTxBufferFS
 COMMON         0x0000000020001078      0x200 USB_DEVICE/App/usbd_desc.o
                0x0000000020001078                USBD_StrDesc
 COMMON         0x0000000020001278      0x2ec USB_DEVICE/Target/usbd_conf.o
                0x0000000020001278                hpcd_USB_FS
                0x0000000020001564                . = ALIGN (0x4)
                0x0000000020001564                _ebss = .
                0x0000000020001564                __bss_end__ = _ebss

._user_heap_stack
                0x0000000020001564      0x604 load address 0x0000000008008644
                0x0000000020001568                . = ALIGN (0x8)
 *fill*         0x0000000020001564        0x4 
                0x0000000020001568                PROVIDE (end = .)
                [!provide]                        PROVIDE (_end = .)
                0x0000000020001768                . = (. + _Min_Heap_Size)
 *fill*         0x0000000020001568      0x200 
                0x0000000020001b68                . = (. + _Min_Stack_Size)
 *fill*         0x0000000020001768      0x400 
                0x0000000020001b68                . = ALIGN (0x8)

/DISCARD/
 libc.a(*)
 libm.a(*)
 libgcc.a(*)

.ARM.attributes
                0x0000000000000000       0x29
 *(.ARM.attributes)
 .ARM.attributes
                0x0000000000000000       0x1d c:/st/stm32cubeide_1.1.0/stm32cubeide/plugins/com.st.stm32cube.ide.mcu.externaltools.gnu-tools-for-stm32.7-2018-q2-update.win32_1.5.0.202011040924/tools/bin/../lib/gcc/arm-none-eabi/7.3.1/thumb/v7-m/crti.o
 .ARM.attributes
                0x000000000000001d       0x2d c:/st/stm32cubeide_1.1.0/stm32cubeide/plugins/com.st.stm32cube.ide.mcu.externaltools.gnu-tools-for-stm32.7-2018-q2-update.win32_1.5.0.202011040924/tools/bin/../lib/gcc/arm-none-eabi/7.3.1/thumb/v7-m/crtbegin.o
 .ARM.attributes
                0x000000000000004a       0x33 Core/Src/dwt_stm32_delay.o
 .ARM.attributes
                0x000000000000007d       0x33 Core/Src/ledControl.o
 .ARM.attributes
                0x00000000000000b0       0x33 Core/Src/main.o
 .ARM.attributes
                0x00000000000000e3       0x33 Core/Src/nRF24L01_STM32.o
 .ARM.attributes
                0x0000000000000116       0x33 Core/Src/stm32f1xx_hal_msp.o
 .ARM.attributes
                0x0000000000000149       0x33 Core/Src/stm32f1xx_it.o
 .ARM.attributes
                0x000000000000017c       0x33 Core/Src/system_stm32f1xx.o
 .ARM.attributes
                0x00000000000001af       0x21 Core/Startup/startup_stm32f103c8tx.o
 .ARM.attributes
                0x00000000000001d0       0x33 Drivers/STM32F1xx_HAL_Driver/Src/stm32f1xx_hal.o
 .ARM.attributes
                0x0000000000000203       0x33 Drivers/STM32F1xx_HAL_Driver/Src/stm32f1xx_hal_cortex.o
 .ARM.attributes
                0x0000000000000236       0x33 Drivers/STM32F1xx_HAL_Driver/Src/stm32f1xx_hal_gpio.o
 .ARM.attributes
                0x0000000000000269       0x33 Drivers/STM32F1xx_HAL_Driver/Src/stm32f1xx_hal_pcd.o
 .ARM.attributes
                0x000000000000029c       0x33 Drivers/STM32F1xx_HAL_Driver/Src/stm32f1xx_hal_pcd_ex.o
 .ARM.attributes
                0x00000000000002cf       0x33 Drivers/STM32F1xx_HAL_Driver/Src/stm32f1xx_hal_rcc.o
 .ARM.attributes
                0x0000000000000302       0x33 Drivers/STM32F1xx_HAL_Driver/Src/stm32f1xx_hal_rcc_ex.o
 .ARM.attributes
                0x0000000000000335       0x33 Drivers/STM32F1xx_HAL_Driver/Src/stm32f1xx_hal_spi.o
 .ARM.attributes
                0x0000000000000368       0x33 Drivers/STM32F1xx_HAL_Driver/Src/stm32f1xx_ll_usb.o
 .ARM.attributes
                0x000000000000039b       0x33 Middlewares/ST/STM32_USB_Device_Library/Class/CDC/Src/usbd_cdc.o
 .ARM.attributes
                0x00000000000003ce       0x33 Middlewares/ST/STM32_USB_Device_Library/Core/Src/usbd_core.o
 .ARM.attributes
                0x0000000000000401       0x33 Middlewares/ST/STM32_USB_Device_Library/Core/Src/usbd_ctlreq.o
 .ARM.attributes
                0x0000000000000434       0x33 Middlewares/ST/STM32_USB_Device_Library/Core/Src/usbd_ioreq.o
 .ARM.attributes
                0x0000000000000467       0x33 USB_DEVICE/App/usb_device.o
 .ARM.attributes
                0x000000000000049a       0x33 USB_DEVICE/App/usbd_cdc_if.o
 .ARM.attributes
                0x00000000000004cd       0x33 USB_DEVICE/App/usbd_desc.o
 .ARM.attributes
                0x0000000000000500       0x33 USB_DEVICE/Target/usbd_conf.o
 .ARM.attributes
                0x0000000000000533       0x2d c:/st/stm32cubeide_1.1.0/stm32cubeide/plugins/com.st.stm32cube.ide.mcu.externaltools.gnu-tools-for-stm32.7-2018-q2-update.win32_1.5.0.202011040924/tools/bin/../lib/gcc/arm-none-eabi/7.3.1/../../../../arm-none-eabi/lib/thumb/v7-m\libc_nano.a(lib_a-init.o)
 .ARM.attributes
                0x0000000000000560       0x2d c:/st/stm32cubeide_1.1.0/stm32cubeide/plugins/com.st.stm32cube.ide.mcu.externaltools.gnu-tools-for-stm32.7-2018-q2-update.win32_1.5.0.202011040924/tools/bin/../lib/gcc/arm-none-eabi/7.3.1/../../../../arm-none-eabi/lib/thumb/v7-m\libc_nano.a(lib_a-memcpy-stub.o)
 .ARM.attributes
                0x000000000000058d       0x2d c:/st/stm32cubeide_1.1.0/stm32cubeide/plugins/com.st.stm32cube.ide.mcu.externaltools.gnu-tools-for-stm32.7-2018-q2-update.win32_1.5.0.202011040924/tools/bin/../lib/gcc/arm-none-eabi/7.3.1/../../../../arm-none-eabi/lib/thumb/v7-m\libc_nano.a(lib_a-memset.o)
 .ARM.attributes
                0x00000000000005ba       0x1d c:/st/stm32cubeide_1.1.0/stm32cubeide/plugins/com.st.stm32cube.ide.mcu.externaltools.gnu-tools-for-stm32.7-2018-q2-update.win32_1.5.0.202011040924/tools/bin/../lib/gcc/arm-none-eabi/7.3.1/thumb/v7-m/crtn.o
OUTPUT(nrf-ShieldHost-STM_LED_v02.1.elf elf32-littlearm)

.debug_info     0x0000000000000000    0x17014
 .debug_info    0x0000000000000000      0x326 Core/Src/dwt_stm32_delay.o
 .debug_info    0x0000000000000326      0x3af Core/Src/ledControl.o
 .debug_info    0x00000000000006d5     0x1a8c Core/Src/main.o
 .debug_info    0x0000000000002161      0xcd5 Core/Src/nRF24L01_STM32.o
 .debug_info    0x0000000000002e36      0x950 Core/Src/stm32f1xx_hal_msp.o
 .debug_info    0x0000000000003786      0xb93 Core/Src/stm32f1xx_it.o
 .debug_info    0x0000000000004319      0x43e Core/Src/system_stm32f1xx.o
 .debug_info    0x0000000000004757       0x22 Core/Startup/startup_stm32f103c8tx.o
 .debug_info    0x0000000000004779      0x714 Drivers/STM32F1xx_HAL_Driver/Src/stm32f1xx_hal.o
 .debug_info    0x0000000000004e8d      0xb51 Drivers/STM32F1xx_HAL_Driver/Src/stm32f1xx_hal_cortex.o
 .debug_info    0x00000000000059de      0x69b Drivers/STM32F1xx_HAL_Driver/Src/stm32f1xx_hal_gpio.o
 .debug_info    0x0000000000006079     0x122f Drivers/STM32F1xx_HAL_Driver/Src/stm32f1xx_hal_pcd.o
 .debug_info    0x00000000000072a8      0x785 Drivers/STM32F1xx_HAL_Driver/Src/stm32f1xx_hal_pcd_ex.o
 .debug_info    0x0000000000007a2d      0x80f Drivers/STM32F1xx_HAL_Driver/Src/stm32f1xx_hal_rcc.o
 .debug_info    0x000000000000823c      0x444 Drivers/STM32F1xx_HAL_Driver/Src/stm32f1xx_hal_rcc_ex.o
 .debug_info    0x0000000000008680     0x1572 Drivers/STM32F1xx_HAL_Driver/Src/stm32f1xx_hal_spi.o
 .debug_info    0x0000000000009bf2     0x17e7 Drivers/STM32F1xx_HAL_Driver/Src/stm32f1xx_ll_usb.o
 .debug_info    0x000000000000b3d9     0x1ca3 Middlewares/ST/STM32_USB_Device_Library/Class/CDC/Src/usbd_cdc.o
 .debug_info    0x000000000000d07c     0x16e9 Middlewares/ST/STM32_USB_Device_Library/Core/Src/usbd_core.o
 .debug_info    0x000000000000e765     0x1659 Middlewares/ST/STM32_USB_Device_Library/Core/Src/usbd_ctlreq.o
 .debug_info    0x000000000000fdbe     0x144a Middlewares/ST/STM32_USB_Device_Library/Core/Src/usbd_ioreq.o
 .debug_info    0x0000000000011208     0x13be USB_DEVICE/App/usb_device.o
 .debug_info    0x00000000000125c6     0x1579 USB_DEVICE/App/usbd_cdc_if.o
 .debug_info    0x0000000000013b3f     0x122e USB_DEVICE/App/usbd_desc.o
 .debug_info    0x0000000000014d6d     0x22a7 USB_DEVICE/Target/usbd_conf.o

.debug_abbrev   0x0000000000000000     0x3263
 .debug_abbrev  0x0000000000000000       0xd9 Core/Src/dwt_stm32_delay.o
 .debug_abbrev  0x00000000000000d9      0x168 Core/Src/ledControl.o
 .debug_abbrev  0x0000000000000241      0x2f5 Core/Src/main.o
 .debug_abbrev  0x0000000000000536      0x254 Core/Src/nRF24L01_STM32.o
 .debug_abbrev  0x000000000000078a      0x19d Core/Src/stm32f1xx_hal_msp.o
 .debug_abbrev  0x0000000000000927      0x194 Core/Src/stm32f1xx_it.o
 .debug_abbrev  0x0000000000000abb      0x134 Core/Src/system_stm32f1xx.o
 .debug_abbrev  0x0000000000000bef       0x12 Core/Startup/startup_stm32f103c8tx.o
 .debug_abbrev  0x0000000000000c01      0x1c7 Drivers/STM32F1xx_HAL_Driver/Src/stm32f1xx_hal.o
 .debug_abbrev  0x0000000000000dc8      0x2d5 Drivers/STM32F1xx_HAL_Driver/Src/stm32f1xx_hal_cortex.o
 .debug_abbrev  0x000000000000109d      0x1c0 Drivers/STM32F1xx_HAL_Driver/Src/stm32f1xx_hal_gpio.o
 .debug_abbrev  0x000000000000125d      0x268 Drivers/STM32F1xx_HAL_Driver/Src/stm32f1xx_hal_pcd.o
 .debug_abbrev  0x00000000000014c5      0x188 Drivers/STM32F1xx_HAL_Driver/Src/stm32f1xx_hal_pcd_ex.o
 .debug_abbrev  0x000000000000164d      0x243 Drivers/STM32F1xx_HAL_Driver/Src/stm32f1xx_hal_rcc.o
 .debug_abbrev  0x0000000000001890      0x175 Drivers/STM32F1xx_HAL_Driver/Src/stm32f1xx_hal_rcc_ex.o
 .debug_abbrev  0x0000000000001a05      0x240 Drivers/STM32F1xx_HAL_Driver/Src/stm32f1xx_hal_spi.o
 .debug_abbrev  0x0000000000001c45      0x1d2 Drivers/STM32F1xx_HAL_Driver/Src/stm32f1xx_ll_usb.o
 .debug_abbrev  0x0000000000001e17      0x2d6 Middlewares/ST/STM32_USB_Device_Library/Class/CDC/Src/usbd_cdc.o
 .debug_abbrev  0x00000000000020ed      0x28e Middlewares/ST/STM32_USB_Device_Library/Core/Src/usbd_core.o
 .debug_abbrev  0x000000000000237b      0x2be Middlewares/ST/STM32_USB_Device_Library/Core/Src/usbd_ctlreq.o
 .debug_abbrev  0x0000000000002639      0x20d Middlewares/ST/STM32_USB_Device_Library/Core/Src/usbd_ioreq.o
 .debug_abbrev  0x0000000000002846      0x1df USB_DEVICE/App/usb_device.o
 .debug_abbrev  0x0000000000002a25      0x2a6 USB_DEVICE/App/usbd_cdc_if.o
 .debug_abbrev  0x0000000000002ccb      0x2bd USB_DEVICE/App/usbd_desc.o
 .debug_abbrev  0x0000000000002f88      0x2db USB_DEVICE/Target/usbd_conf.o

.debug_aranges  0x0000000000000000      0xd78
 .debug_aranges
                0x0000000000000000       0x20 Core/Src/dwt_stm32_delay.o
 .debug_aranges
                0x0000000000000020       0x40 Core/Src/ledControl.o
 .debug_aranges
                0x0000000000000060       0x80 Core/Src/main.o
 .debug_aranges
                0x00000000000000e0       0x90 Core/Src/nRF24L01_STM32.o
 .debug_aranges
                0x0000000000000170       0x30 Core/Src/stm32f1xx_hal_msp.o
 .debug_aranges
                0x00000000000001a0       0x68 Core/Src/stm32f1xx_it.o
 .debug_aranges
                0x0000000000000208       0x28 Core/Src/system_stm32f1xx.o
 .debug_aranges
                0x0000000000000230       0x28 Core/Startup/startup_stm32f103c8tx.o
 .debug_aranges
                0x0000000000000258       0xe0 Drivers/STM32F1xx_HAL_Driver/Src/stm32f1xx_hal.o
 .debug_aranges
                0x0000000000000338      0x100 Drivers/STM32F1xx_HAL_Driver/Src/stm32f1xx_hal_cortex.o
 .debug_aranges
                0x0000000000000438       0x58 Drivers/STM32F1xx_HAL_Driver/Src/stm32f1xx_hal_gpio.o
 .debug_aranges
                0x0000000000000490      0x138 Drivers/STM32F1xx_HAL_Driver/Src/stm32f1xx_hal_pcd.o
 .debug_aranges
                0x00000000000005c8       0x38 Drivers/STM32F1xx_HAL_Driver/Src/stm32f1xx_hal_pcd_ex.o
 .debug_aranges
                0x0000000000000600       0x90 Drivers/STM32F1xx_HAL_Driver/Src/stm32f1xx_hal_rcc.o
 .debug_aranges
                0x0000000000000690       0x30 Drivers/STM32F1xx_HAL_Driver/Src/stm32f1xx_hal_rcc_ex.o
 .debug_aranges
                0x00000000000006c0      0x1d0 Drivers/STM32F1xx_HAL_Driver/Src/stm32f1xx_hal_spi.o
 .debug_aranges
                0x0000000000000890       0xf0 Drivers/STM32F1xx_HAL_Driver/Src/stm32f1xx_ll_usb.o
 .debug_aranges
                0x0000000000000980       0x90 Middlewares/ST/STM32_USB_Device_Library/Class/CDC/Src/usbd_cdc.o
 .debug_aranges
                0x0000000000000a10       0xb8 Middlewares/ST/STM32_USB_Device_Library/Core/Src/usbd_core.o
 .debug_aranges
                0x0000000000000ac8       0x88 Middlewares/ST/STM32_USB_Device_Library/Core/Src/usbd_ctlreq.o
 .debug_aranges
                0x0000000000000b50       0x50 Middlewares/ST/STM32_USB_Device_Library/Core/Src/usbd_ioreq.o
 .debug_aranges
                0x0000000000000ba0       0x20 USB_DEVICE/App/usb_device.o
 .debug_aranges
                0x0000000000000bc0       0x40 USB_DEVICE/App/usbd_cdc_if.o
 .debug_aranges
                0x0000000000000c00       0x60 USB_DEVICE/App/usbd_desc.o
 .debug_aranges
                0x0000000000000c60      0x118 USB_DEVICE/Target/usbd_conf.o

.debug_ranges   0x0000000000000000      0xbf0
 .debug_ranges  0x0000000000000000       0x10 Core/Src/dwt_stm32_delay.o
 .debug_ranges  0x0000000000000010       0x30 Core/Src/ledControl.o
 .debug_ranges  0x0000000000000040       0x70 Core/Src/main.o
 .debug_ranges  0x00000000000000b0       0x80 Core/Src/nRF24L01_STM32.o
 .debug_ranges  0x0000000000000130       0x20 Core/Src/stm32f1xx_hal_msp.o
 .debug_ranges  0x0000000000000150       0x58 Core/Src/stm32f1xx_it.o
 .debug_ranges  0x00000000000001a8       0x18 Core/Src/system_stm32f1xx.o
 .debug_ranges  0x00000000000001c0       0x20 Core/Startup/startup_stm32f103c8tx.o
 .debug_ranges  0x00000000000001e0       0xd0 Drivers/STM32F1xx_HAL_Driver/Src/stm32f1xx_hal.o
 .debug_ranges  0x00000000000002b0       0xf0 Drivers/STM32F1xx_HAL_Driver/Src/stm32f1xx_hal_cortex.o
 .debug_ranges  0x00000000000003a0       0x48 Drivers/STM32F1xx_HAL_Driver/Src/stm32f1xx_hal_gpio.o
 .debug_ranges  0x00000000000003e8      0x128 Drivers/STM32F1xx_HAL_Driver/Src/stm32f1xx_hal_pcd.o
 .debug_ranges  0x0000000000000510       0x28 Drivers/STM32F1xx_HAL_Driver/Src/stm32f1xx_hal_pcd_ex.o
 .debug_ranges  0x0000000000000538       0x80 Drivers/STM32F1xx_HAL_Driver/Src/stm32f1xx_hal_rcc.o
 .debug_ranges  0x00000000000005b8       0x20 Drivers/STM32F1xx_HAL_Driver/Src/stm32f1xx_hal_rcc_ex.o
 .debug_ranges  0x00000000000005d8      0x1c0 Drivers/STM32F1xx_HAL_Driver/Src/stm32f1xx_hal_spi.o
 .debug_ranges  0x0000000000000798       0xe0 Drivers/STM32F1xx_HAL_Driver/Src/stm32f1xx_ll_usb.o
 .debug_ranges  0x0000000000000878       0x80 Middlewares/ST/STM32_USB_Device_Library/Class/CDC/Src/usbd_cdc.o
 .debug_ranges  0x00000000000008f8       0xa8 Middlewares/ST/STM32_USB_Device_Library/Core/Src/usbd_core.o
 .debug_ranges  0x00000000000009a0       0x78 Middlewares/ST/STM32_USB_Device_Library/Core/Src/usbd_ctlreq.o
 .debug_ranges  0x0000000000000a18       0x40 Middlewares/ST/STM32_USB_Device_Library/Core/Src/usbd_ioreq.o
 .debug_ranges  0x0000000000000a58       0x10 USB_DEVICE/App/usb_device.o
 .debug_ranges  0x0000000000000a68       0x30 USB_DEVICE/App/usbd_cdc_if.o
 .debug_ranges  0x0000000000000a98       0x50 USB_DEVICE/App/usbd_desc.o
 .debug_ranges  0x0000000000000ae8      0x108 USB_DEVICE/Target/usbd_conf.o

.debug_macro    0x0000000000000000    0x1a4a9
 .debug_macro   0x0000000000000000      0x1bc Core/Src/dwt_stm32_delay.o
 .debug_macro   0x00000000000001bc      0xa5a Core/Src/dwt_stm32_delay.o
 .debug_macro   0x0000000000000c16      0x21b Core/Src/dwt_stm32_delay.o
 .debug_macro   0x0000000000000e31       0x2e Core/Src/dwt_stm32_delay.o
 .debug_macro   0x0000000000000e5f       0x22 Core/Src/dwt_stm32_delay.o
 .debug_macro   0x0000000000000e81       0x22 Core/Src/dwt_stm32_delay.o
 .debug_macro   0x0000000000000ea3       0x8e Core/Src/dwt_stm32_delay.o
 .debug_macro   0x0000000000000f31       0x51 Core/Src/dwt_stm32_delay.o
 .debug_macro   0x0000000000000f82       0xef Core/Src/dwt_stm32_delay.o
 .debug_macro   0x0000000000001071       0x6a Core/Src/dwt_stm32_delay.o
 .debug_macro   0x00000000000010db      0x1df Core/Src/dwt_stm32_delay.o
 .debug_macro   0x00000000000012ba       0x1c Core/Src/dwt_stm32_delay.o
 .debug_macro   0x00000000000012d6       0x22 Core/Src/dwt_stm32_delay.o
 .debug_macro   0x00000000000012f8       0xc3 Core/Src/dwt_stm32_delay.o
 .debug_macro   0x00000000000013bb      0xd23 Core/Src/dwt_stm32_delay.o
 .debug_macro   0x00000000000020de     0xe097 Core/Src/dwt_stm32_delay.o
 .debug_macro   0x0000000000010175       0x43 Core/Src/dwt_stm32_delay.o
 .debug_macro   0x00000000000101b8     0x3468 Core/Src/dwt_stm32_delay.o
 .debug_macro   0x0000000000013620      0x174 Core/Src/dwt_stm32_delay.o
 .debug_macro   0x0000000000013794       0x5c Core/Src/dwt_stm32_delay.o
 .debug_macro   0x00000000000137f0      0x5be Core/Src/dwt_stm32_delay.o
 .debug_macro   0x0000000000013dae      0x289 Core/Src/dwt_stm32_delay.o
 .debug_macro   0x0000000000014037      0x1cb Core/Src/dwt_stm32_delay.o
 .debug_macro   0x0000000000014202      0x114 Core/Src/dwt_stm32_delay.o
 .debug_macro   0x0000000000014316      0x1b2 Core/Src/dwt_stm32_delay.o
 .debug_macro   0x00000000000144c8       0x27 Core/Src/dwt_stm32_delay.o
 .debug_macro   0x00000000000144ef      0x136 Core/Src/dwt_stm32_delay.o
 .debug_macro   0x0000000000014625      0x1bc Core/Src/dwt_stm32_delay.o
 .debug_macro   0x00000000000147e1       0x34 Core/Src/dwt_stm32_delay.o
 .debug_macro   0x0000000000014815       0x3c Core/Src/dwt_stm32_delay.o
 .debug_macro   0x0000000000014851       0x57 Core/Src/dwt_stm32_delay.o
 .debug_macro   0x00000000000148a8       0x88 Core/Src/dwt_stm32_delay.o
 .debug_macro   0x0000000000014930      0x241 Core/Src/dwt_stm32_delay.o
 .debug_macro   0x0000000000014b71      0x141 Core/Src/dwt_stm32_delay.o
 .debug_macro   0x0000000000014cb2      0x217 Core/Src/dwt_stm32_delay.o
 .debug_macro   0x0000000000014ec9       0x65 Core/Src/dwt_stm32_delay.o
 .debug_macro   0x0000000000014f2e      0x249 Core/Src/dwt_stm32_delay.o
 .debug_macro   0x0000000000015177       0x83 Core/Src/dwt_stm32_delay.o
 .debug_macro   0x00000000000151fa      0x1bc Core/Src/ledControl.o
 .debug_macro   0x00000000000153b6      0x428 Core/Src/main.o
 .debug_macro   0x00000000000157de      0x230 Core/Src/main.o
 .debug_macro   0x0000000000015a0e       0x88 Core/Src/main.o
 .debug_macro   0x0000000000015a96       0x94 Core/Src/main.o
 .debug_macro   0x0000000000015b2a       0x46 Core/Src/main.o
 .debug_macro   0x0000000000015b70       0x18 Core/Src/main.o
 .debug_macro   0x0000000000015b88       0x3c Core/Src/main.o
 .debug_macro   0x0000000000015bc4       0x34 Core/Src/main.o
 .debug_macro   0x0000000000015bf8       0x16 Core/Src/main.o
 .debug_macro   0x0000000000015c0e       0x35 Core/Src/main.o
 .debug_macro   0x0000000000015c43      0x32a Core/Src/main.o
 .debug_macro   0x0000000000015f6d       0x10 Core/Src/main.o
 .debug_macro   0x0000000000015f7d       0x52 Core/Src/main.o
 .debug_macro   0x0000000000015fcf       0x1f Core/Src/main.o
 .debug_macro   0x0000000000015fee       0x43 Core/Src/main.o
 .debug_macro   0x0000000000016031       0x20 Core/Src/main.o
 .debug_macro   0x0000000000016051      0x1a3 Core/Src/main.o
 .debug_macro   0x00000000000161f4       0x10 Core/Src/main.o
 .debug_macro   0x0000000000016204       0x1c Core/Src/main.o
 .debug_macro   0x0000000000016220       0x52 Core/Src/main.o
 .debug_macro   0x0000000000016272       0x40 Core/Src/main.o
 .debug_macro   0x00000000000162b2       0x10 Core/Src/main.o
 .debug_macro   0x00000000000162c2       0x40 Core/Src/main.o
 .debug_macro   0x0000000000016302       0xd7 Core/Src/main.o
 .debug_macro   0x00000000000163d9       0x1c Core/Src/main.o
 .debug_macro   0x00000000000163f5       0x3d Core/Src/main.o
 .debug_macro   0x0000000000016432       0x16 Core/Src/main.o
 .debug_macro   0x0000000000016448      0x145 Core/Src/main.o
 .debug_macro   0x000000000001658d       0x16 Core/Src/main.o
 .debug_macro   0x00000000000165a3       0x16 Core/Src/main.o
 .debug_macro   0x00000000000165b9       0x29 Core/Src/main.o
 .debug_macro   0x00000000000165e2       0x16 Core/Src/main.o
 .debug_macro   0x00000000000165f8       0x20 Core/Src/main.o
 .debug_macro   0x0000000000016618       0x60 Core/Src/main.o
 .debug_macro   0x0000000000016678      0x1c8 Core/Src/main.o
 .debug_macro   0x0000000000016840       0x8f Core/Src/main.o
 .debug_macro   0x00000000000168cf      0x1d4 Core/Src/nRF24L01_STM32.o
 .debug_macro   0x0000000000016aa3      0x1e7 Core/Src/stm32f1xx_hal_msp.o
 .debug_macro   0x0000000000016c8a      0x1f1 Core/Src/stm32f1xx_it.o
 .debug_macro   0x0000000000016e7b      0x1b8 Core/Src/system_stm32f1xx.o
 .debug_macro   0x0000000000017033      0x1d6 Drivers/STM32F1xx_HAL_Driver/Src/stm32f1xx_hal.o
 .debug_macro   0x0000000000017209      0x1b2 Drivers/STM32F1xx_HAL_Driver/Src/stm32f1xx_hal_cortex.o
 .debug_macro   0x00000000000173bb      0x21d Drivers/STM32F1xx_HAL_Driver/Src/stm32f1xx_hal_gpio.o
 .debug_macro   0x00000000000175d8      0x1be Drivers/STM32F1xx_HAL_Driver/Src/stm32f1xx_hal_pcd.o
 .debug_macro   0x0000000000017796      0x1b2 Drivers/STM32F1xx_HAL_Driver/Src/stm32f1xx_hal_pcd_ex.o
 .debug_macro   0x0000000000017948      0x1c4 Drivers/STM32F1xx_HAL_Driver/Src/stm32f1xx_hal_rcc.o
 .debug_macro   0x0000000000017b0c      0x1b2 Drivers/STM32F1xx_HAL_Driver/Src/stm32f1xx_hal_rcc_ex.o
 .debug_macro   0x0000000000017cbe      0x1ba Drivers/STM32F1xx_HAL_Driver/Src/stm32f1xx_hal_spi.o
 .debug_macro   0x0000000000017e78      0x1b2 Drivers/STM32F1xx_HAL_Driver/Src/stm32f1xx_ll_usb.o
 .debug_macro   0x000000000001802a      0x3f4 Middlewares/ST/STM32_USB_Device_Library/Class/CDC/Src/usbd_cdc.o
 .debug_macro   0x000000000001841e       0x97 Middlewares/ST/STM32_USB_Device_Library/Class/CDC/Src/usbd_cdc.o
 .debug_macro   0x00000000000184b5       0xfd Middlewares/ST/STM32_USB_Device_Library/Class/CDC/Src/usbd_cdc.o
 .debug_macro   0x00000000000185b2       0xbd Middlewares/ST/STM32_USB_Device_Library/Class/CDC/Src/usbd_cdc.o
 .debug_macro   0x000000000001866f       0x56 Middlewares/ST/STM32_USB_Device_Library/Class/CDC/Src/usbd_cdc.o
 .debug_macro   0x00000000000186c5      0x3db Middlewares/ST/STM32_USB_Device_Library/Core/Src/usbd_core.o
 .debug_macro   0x0000000000018aa0      0x1ce Middlewares/ST/STM32_USB_Device_Library/Core/Src/usbd_core.o
 .debug_macro   0x0000000000018c6e      0x3e5 Middlewares/ST/STM32_USB_Device_Library/Core/Src/usbd_ctlreq.o
 .debug_macro   0x0000000000019053      0x3e1 Middlewares/ST/STM32_USB_Device_Library/Core/Src/usbd_ioreq.o
 .debug_macro   0x0000000000019434      0x41b USB_DEVICE/App/usb_device.o
 .debug_macro   0x000000000001984f       0x22 USB_DEVICE/App/usb_device.o
 .debug_macro   0x0000000000019871      0x406 USB_DEVICE/App/usbd_cdc_if.o
 .debug_macro   0x0000000000019c77      0x418 USB_DEVICE/App/usbd_desc.o
 .debug_macro   0x000000000001a08f       0x1c USB_DEVICE/App/usbd_desc.o
 .debug_macro   0x000000000001a0ab      0x3fe USB_DEVICE/Target/usbd_conf.o

.debug_line     0x0000000000000000     0xeaf2
 .debug_line    0x0000000000000000      0x69d Core/Src/dwt_stm32_delay.o
 .debug_line    0x000000000000069d      0x6da Core/Src/ledControl.o
 .debug_line    0x0000000000000d77      0xbbf Core/Src/main.o
 .debug_line    0x0000000000001936      0x855 Core/Src/nRF24L01_STM32.o
 .debug_line    0x000000000000218b      0x6f5 Core/Src/stm32f1xx_hal_msp.o
 .debug_line    0x0000000000002880      0x779 Core/Src/stm32f1xx_it.o
 .debug_line    0x0000000000002ff9      0x6bd Core/Src/system_stm32f1xx.o
 .debug_line    0x00000000000036b6       0x84 Core/Startup/startup_stm32f103c8tx.o
 .debug_line    0x000000000000373a      0x867 Drivers/STM32F1xx_HAL_Driver/Src/stm32f1xx_hal.o
 .debug_line    0x0000000000003fa1      0x93e Drivers/STM32F1xx_HAL_Driver/Src/stm32f1xx_hal_cortex.o
 .debug_line    0x00000000000048df      0x863 Drivers/STM32F1xx_HAL_Driver/Src/stm32f1xx_hal_gpio.o
 .debug_line    0x0000000000005142      0xccb Drivers/STM32F1xx_HAL_Driver/Src/stm32f1xx_hal_pcd.o
 .debug_line    0x0000000000005e0d      0x6d8 Drivers/STM32F1xx_HAL_Driver/Src/stm32f1xx_hal_pcd_ex.o
 .debug_line    0x00000000000064e5      0x927 Drivers/STM32F1xx_HAL_Driver/Src/stm32f1xx_hal_rcc.o
 .debug_line    0x0000000000006e0c      0x745 Drivers/STM32F1xx_HAL_Driver/Src/stm32f1xx_hal_rcc_ex.o
 .debug_line    0x0000000000007551     0x1052 Drivers/STM32F1xx_HAL_Driver/Src/stm32f1xx_hal_spi.o
 .debug_line    0x00000000000085a3      0xd00 Drivers/STM32F1xx_HAL_Driver/Src/stm32f1xx_ll_usb.o
 .debug_line    0x00000000000092a3      0xb7a Middlewares/ST/STM32_USB_Device_Library/Class/CDC/Src/usbd_cdc.o
 .debug_line    0x0000000000009e1d      0xbb5 Middlewares/ST/STM32_USB_Device_Library/Core/Src/usbd_core.o
 .debug_line    0x000000000000a9d2      0xc3e Middlewares/ST/STM32_USB_Device_Library/Core/Src/usbd_ctlreq.o
 .debug_line    0x000000000000b610      0xa1e Middlewares/ST/STM32_USB_Device_Library/Core/Src/usbd_ioreq.o
 .debug_line    0x000000000000c02e      0xa00 USB_DEVICE/App/usb_device.o
 .debug_line    0x000000000000ca2e      0xa36 USB_DEVICE/App/usbd_cdc_if.o
 .debug_line    0x000000000000d464      0xa52 USB_DEVICE/App/usbd_desc.o
 .debug_line    0x000000000000deb6      0xc3c USB_DEVICE/Target/usbd_conf.o

.debug_str      0x0000000000000000    0x87117
 .debug_str     0x0000000000000000    0x7e1ac Core/Src/dwt_stm32_delay.o
                                      0x7e4fd (size before relaxing)
 .debug_str     0x000000000007e1ac       0xed Core/Src/ledControl.o
                                      0x7e4fd (size before relaxing)
 .debug_str     0x000000000007e299     0x60d0 Core/Src/main.o
                                      0x84853 (size before relaxing)
 .debug_str     0x0000000000084369      0x1f2 Core/Src/nRF24L01_STM32.o
                                      0x7f1ed (size before relaxing)
 .debug_str     0x000000000008455b       0x77 Core/Src/stm32f1xx_hal_msp.o
                                      0x7f19c (size before relaxing)
 .debug_str     0x00000000000845d2      0x38a Core/Src/stm32f1xx_it.o
                                      0x7f476 (size before relaxing)
 .debug_str     0x000000000008495c       0xc2 Core/Src/system_stm32f1xx.o
                                      0x7e4f1 (size before relaxing)
 .debug_str     0x0000000000084a1e       0x36 Core/Startup/startup_stm32f103c8tx.o
                                         0x8e (size before relaxing)
 .debug_str     0x0000000000084a54      0x54f Drivers/STM32F1xx_HAL_Driver/Src/stm32f1xx_hal.o
                                      0x7eb08 (size before relaxing)
 .debug_str     0x0000000000084fa3      0x284 Drivers/STM32F1xx_HAL_Driver/Src/stm32f1xx_hal_cortex.o
                                      0x7eb10 (size before relaxing)
 .debug_str     0x0000000000085227      0x324 Drivers/STM32F1xx_HAL_Driver/Src/stm32f1xx_hal_gpio.o
                                      0x7e83b (size before relaxing)
 .debug_str     0x000000000008554b      0x3e5 Drivers/STM32F1xx_HAL_Driver/Src/stm32f1xx_hal_pcd.o
                                      0x7ebca (size before relaxing)
 .debug_str     0x0000000000085930      0x18d Drivers/STM32F1xx_HAL_Driver/Src/stm32f1xx_hal_pcd_ex.o
                                      0x7e917 (size before relaxing)
 .debug_str     0x0000000000085abd      0x24f Drivers/STM32F1xx_HAL_Driver/Src/stm32f1xx_hal_rcc.o
                                      0x7e874 (size before relaxing)
 .debug_str     0x0000000000085d0c       0xb9 Drivers/STM32F1xx_HAL_Driver/Src/stm32f1xx_hal_rcc_ex.o
                                      0x7e601 (size before relaxing)
 .debug_str     0x0000000000085dc5      0x548 Drivers/STM32F1xx_HAL_Driver/Src/stm32f1xx_hal_spi.o
                                      0x7ed7c (size before relaxing)
 .debug_str     0x000000000008630d      0x2ad Drivers/STM32F1xx_HAL_Driver/Src/stm32f1xx_ll_usb.o
                                      0x7e94a (size before relaxing)
 .debug_str     0x00000000000865ba      0x293 Middlewares/ST/STM32_USB_Device_Library/Class/CDC/Src/usbd_cdc.o
                                      0x848c5 (size before relaxing)
 .debug_str     0x000000000008684d      0x1b5 Middlewares/ST/STM32_USB_Device_Library/Core/Src/usbd_core.o
                                      0x84206 (size before relaxing)
 .debug_str     0x0000000000086a02      0x134 Middlewares/ST/STM32_USB_Device_Library/Core/Src/usbd_ctlreq.o
                                      0x8418c (size before relaxing)
 .debug_str     0x0000000000086b36       0xc9 Middlewares/ST/STM32_USB_Device_Library/Core/Src/usbd_ioreq.o
                                      0x84114 (size before relaxing)
 .debug_str     0x0000000000086bff       0xc2 USB_DEVICE/App/usb_device.o
                                      0x8447a (size before relaxing)
 .debug_str     0x0000000000086cc1       0xb2 USB_DEVICE/App/usbd_cdc_if.o
                                      0x844de (size before relaxing)
 .debug_str     0x0000000000086d73      0x250 USB_DEVICE/App/usbd_desc.o
                                      0x84083 (size before relaxing)
 .debug_str     0x0000000000086fc3      0x154 USB_DEVICE/Target/usbd_conf.o
                                      0x84ceb (size before relaxing)

.comment        0x0000000000000000       0x7b
 .comment       0x0000000000000000       0x7b Core/Src/dwt_stm32_delay.o
                                         0x7c (size before relaxing)
 .comment       0x000000000000007b       0x7c Core/Src/ledControl.o
 .comment       0x000000000000007b       0x7c Core/Src/main.o
 .comment       0x000000000000007b       0x7c Core/Src/nRF24L01_STM32.o
 .comment       0x000000000000007b       0x7c Core/Src/stm32f1xx_hal_msp.o
 .comment       0x000000000000007b       0x7c Core/Src/stm32f1xx_it.o
 .comment       0x000000000000007b       0x7c Core/Src/system_stm32f1xx.o
 .comment       0x000000000000007b       0x7c Drivers/STM32F1xx_HAL_Driver/Src/stm32f1xx_hal.o
 .comment       0x000000000000007b       0x7c Drivers/STM32F1xx_HAL_Driver/Src/stm32f1xx_hal_cortex.o
 .comment       0x000000000000007b       0x7c Drivers/STM32F1xx_HAL_Driver/Src/stm32f1xx_hal_gpio.o
 .comment       0x000000000000007b       0x7c Drivers/STM32F1xx_HAL_Driver/Src/stm32f1xx_hal_pcd.o
 .comment       0x000000000000007b       0x7c Drivers/STM32F1xx_HAL_Driver/Src/stm32f1xx_hal_pcd_ex.o
 .comment       0x000000000000007b       0x7c Drivers/STM32F1xx_HAL_Driver/Src/stm32f1xx_hal_rcc.o
 .comment       0x000000000000007b       0x7c Drivers/STM32F1xx_HAL_Driver/Src/stm32f1xx_hal_rcc_ex.o
 .comment       0x000000000000007b       0x7c Drivers/STM32F1xx_HAL_Driver/Src/stm32f1xx_hal_spi.o
 .comment       0x000000000000007b       0x7c Drivers/STM32F1xx_HAL_Driver/Src/stm32f1xx_ll_usb.o
 .comment       0x000000000000007b       0x7c Middlewares/ST/STM32_USB_Device_Library/Class/CDC/Src/usbd_cdc.o
 .comment       0x000000000000007b       0x7c Middlewares/ST/STM32_USB_Device_Library/Core/Src/usbd_core.o
 .comment       0x000000000000007b       0x7c Middlewares/ST/STM32_USB_Device_Library/Core/Src/usbd_ctlreq.o
 .comment       0x000000000000007b       0x7c Middlewares/ST/STM32_USB_Device_Library/Core/Src/usbd_ioreq.o
 .comment       0x000000000000007b       0x7c USB_DEVICE/App/usb_device.o
 .comment       0x000000000000007b       0x7c USB_DEVICE/App/usbd_cdc_if.o
 .comment       0x000000000000007b       0x7c USB_DEVICE/App/usbd_desc.o
 .comment       0x000000000000007b       0x7c USB_DEVICE/Target/usbd_conf.o

.debug_frame    0x0000000000000000     0x3494
 .debug_frame   0x0000000000000000       0x30 Core/Src/dwt_stm32_delay.o
 .debug_frame   0x0000000000000030       0xc0 Core/Src/ledControl.o
 .debug_frame   0x00000000000000f0      0x1c0 Core/Src/main.o
 .debug_frame   0x00000000000002b0      0x234 Core/Src/nRF24L01_STM32.o
 .debug_frame   0x00000000000004e4       0x80 Core/Src/stm32f1xx_hal_msp.o
 .debug_frame   0x0000000000000564      0x128 Core/Src/stm32f1xx_it.o
 .debug_frame   0x000000000000068c       0x58 Core/Src/system_stm32f1xx.o
 .debug_frame   0x00000000000006e4      0x334 Drivers/STM32F1xx_HAL_Driver/Src/stm32f1xx_hal.o
 .debug_frame   0x0000000000000a18      0x428 Drivers/STM32F1xx_HAL_Driver/Src/stm32f1xx_hal_cortex.o
 .debug_frame   0x0000000000000e40      0x14c Drivers/STM32F1xx_HAL_Driver/Src/stm32f1xx_hal_gpio.o
 .debug_frame   0x0000000000000f8c      0x578 Drivers/STM32F1xx_HAL_Driver/Src/stm32f1xx_hal_pcd.o
 .debug_frame   0x0000000000001504       0xb0 Drivers/STM32F1xx_HAL_Driver/Src/stm32f1xx_hal_pcd_ex.o
 .debug_frame   0x00000000000015b4      0x21c Drivers/STM32F1xx_HAL_Driver/Src/stm32f1xx_hal_rcc.o
 .debug_frame   0x00000000000017d0       0x84 Drivers/STM32F1xx_HAL_Driver/Src/stm32f1xx_hal_rcc_ex.o
 .debug_frame   0x0000000000001854      0x824 Drivers/STM32F1xx_HAL_Driver/Src/stm32f1xx_hal_spi.o
 .debug_frame   0x0000000000002078      0x450 Drivers/STM32F1xx_HAL_Driver/Src/stm32f1xx_ll_usb.o
 .debug_frame   0x00000000000024c8      0x248 Middlewares/ST/STM32_USB_Device_Library/Class/CDC/Src/usbd_cdc.o
 .debug_frame   0x0000000000002710      0x300 Middlewares/ST/STM32_USB_Device_Library/Core/Src/usbd_core.o
 .debug_frame   0x0000000000002a10      0x218 Middlewares/ST/STM32_USB_Device_Library/Core/Src/usbd_ctlreq.o
 .debug_frame   0x0000000000002c28      0x10c Middlewares/ST/STM32_USB_Device_Library/Core/Src/usbd_ioreq.o
 .debug_frame   0x0000000000002d34       0x2c USB_DEVICE/App/usb_device.o
 .debug_frame   0x0000000000002d60       0xbc USB_DEVICE/App/usbd_cdc_if.o
 .debug_frame   0x0000000000002e1c      0x160 USB_DEVICE/App/usbd_desc.o
 .debug_frame   0x0000000000002f7c      0x4a4 USB_DEVICE/Target/usbd_conf.o
 .debug_frame   0x0000000000003420       0x2c c:/st/stm32cubeide_1.1.0/stm32cubeide/plugins/com.st.stm32cube.ide.mcu.externaltools.gnu-tools-for-stm32.7-2018-q2-update.win32_1.5.0.202011040924/tools/bin/../lib/gcc/arm-none-eabi/7.3.1/../../../../arm-none-eabi/lib/thumb/v7-m\libc_nano.a(lib_a-init.o)
 .debug_frame   0x000000000000344c       0x28 c:/st/stm32cubeide_1.1.0/stm32cubeide/plugins/com.st.stm32cube.ide.mcu.externaltools.gnu-tools-for-stm32.7-2018-q2-update.win32_1.5.0.202011040924/tools/bin/../lib/gcc/arm-none-eabi/7.3.1/../../../../arm-none-eabi/lib/thumb/v7-m\libc_nano.a(lib_a-memcpy-stub.o)
 .debug_frame   0x0000000000003474       0x20 c:/st/stm32cubeide_1.1.0/stm32cubeide/plugins/com.st.stm32cube.ide.mcu.externaltools.gnu-tools-for-stm32.7-2018-q2-update.win32_1.5.0.202011040924/tools/bin/../lib/gcc/arm-none-eabi/7.3.1/../../../../arm-none-eabi/lib/thumb/v7-m\libc_nano.a(lib_a-memset.o)
