Archive member included to satisfy reference by file (symbol)

c:/st/stm32cubeide_1.1.0/stm32cubeide/plugins/com.st.stm32cube.ide.mcu.externaltools.gnu-tools-for-stm32.7-2018-q2-update.win32_1.5.0.202011040924/tools/bin/../lib/gcc/arm-none-eabi/7.3.1/../../../../arm-none-eabi/lib/thumb/v7-m\libc_nano.a(lib_a-errno.o)
                              Core/Src/syscalls.o (__errno)
c:/st/stm32cubeide_1.1.0/stm32cubeide/plugins/com.st.stm32cube.ide.mcu.externaltools.gnu-tools-for-stm32.7-2018-q2-update.win32_1.5.0.202011040924/tools/bin/../lib/gcc/arm-none-eabi/7.3.1/../../../../arm-none-eabi/lib/thumb/v7-m\libc_nano.a(lib_a-exit.o)
                              c:/st/stm32cubeide_1.1.0/stm32cubeide/plugins/com.st.stm32cube.ide.mcu.externaltools.gnu-tools-for-stm32.7-2018-q2-update.win32_1.5.0.202011040924/tools/bin/../lib/gcc/arm-none-eabi/7.3.1/../../../../arm-none-eabi/lib/thumb/v7-m/crt0.o (exit)
c:/st/stm32cubeide_1.1.0/stm32cubeide/plugins/com.st.stm32cube.ide.mcu.externaltools.gnu-tools-for-stm32.7-2018-q2-update.win32_1.5.0.202011040924/tools/bin/../lib/gcc/arm-none-eabi/7.3.1/../../../../arm-none-eabi/lib/thumb/v7-m\libc_nano.a(lib_a-impure.o)
                              c:/st/stm32cubeide_1.1.0/stm32cubeide/plugins/com.st.stm32cube.ide.mcu.externaltools.gnu-tools-for-stm32.7-2018-q2-update.win32_1.5.0.202011040924/tools/bin/../lib/gcc/arm-none-eabi/7.3.1/../../../../arm-none-eabi/lib/thumb/v7-m\libc_nano.a(lib_a-exit.o) (_global_impure_ptr)
c:/st/stm32cubeide_1.1.0/stm32cubeide/plugins/com.st.stm32cube.ide.mcu.externaltools.gnu-tools-for-stm32.7-2018-q2-update.win32_1.5.0.202011040924/tools/bin/../lib/gcc/arm-none-eabi/7.3.1/../../../../arm-none-eabi/lib/thumb/v7-m\libc_nano.a(lib_a-init.o)
                              c:/st/stm32cubeide_1.1.0/stm32cubeide/plugins/com.st.stm32cube.ide.mcu.externaltools.gnu-tools-for-stm32.7-2018-q2-update.win32_1.5.0.202011040924/tools/bin/../lib/gcc/arm-none-eabi/7.3.1/../../../../arm-none-eabi/lib/thumb/v7-m/crt0.o (__libc_init_array)
c:/st/stm32cubeide_1.1.0/stm32cubeide/plugins/com.st.stm32cube.ide.mcu.externaltools.gnu-tools-for-stm32.7-2018-q2-update.win32_1.5.0.202011040924/tools/bin/../lib/gcc/arm-none-eabi/7.3.1/../../../../arm-none-eabi/lib/thumb/v7-m\libc_nano.a(lib_a-memcpy-stub.o)
                              Core/Src/main.o (memcpy)
c:/st/stm32cubeide_1.1.0/stm32cubeide/plugins/com.st.stm32cube.ide.mcu.externaltools.gnu-tools-for-stm32.7-2018-q2-update.win32_1.5.0.202011040924/tools/bin/../lib/gcc/arm-none-eabi/7.3.1/../../../../arm-none-eabi/lib/thumb/v7-m\libc_nano.a(lib_a-memset.o)
                              c:/st/stm32cubeide_1.1.0/stm32cubeide/plugins/com.st.stm32cube.ide.mcu.externaltools.gnu-tools-for-stm32.7-2018-q2-update.win32_1.5.0.202011040924/tools/bin/../lib/gcc/arm-none-eabi/7.3.1/../../../../arm-none-eabi/lib/thumb/v7-m/crt0.o (memset)

Allocating common symbols
Common symbol       size              file

_spi                0x58              Core/Src/main.o
hUsbDeviceFS        0x2c4             USB_DEVICE/App/usb_device.o
pin_G               0x2               Core/Src/ledControl.o
port_B              0x4               Core/Src/ledControl.o
port_G              0x4               Core/Src/ledControl.o
uwTick              0x4               Drivers/STM32F1xx_HAL_Driver/Src/stm32f1xx_hal.o
pFlash              0x20              Drivers/STM32F1xx_HAL_Driver/Src/stm32f1xx_hal_flash.o
UserRxBufferFS      0x3e8             USB_DEVICE/App/usbd_cdc_if.o
UserTxBufferFS      0x3e8             USB_DEVICE/App/usbd_cdc_if.o
rx_buf              0x20              Core/Src/main.o
pin_B               0x2               Core/Src/ledControl.o
hspi1               0x58              Core/Src/main.o
port_R              0x4               Core/Src/ledControl.o
hpcd_USB_FS         0x26c             USB_DEVICE/Target/usbd_conf.o
USBD_StrDesc        0x200             USB_DEVICE/App/usbd_desc.o
pin_R               0x2               Core/Src/ledControl.o

Discarded input sections

 .text          0x0000000000000000        0x0 c:/st/stm32cubeide_1.1.0/stm32cubeide/plugins/com.st.stm32cube.ide.mcu.externaltools.gnu-tools-for-stm32.7-2018-q2-update.win32_1.5.0.202011040924/tools/bin/../lib/gcc/arm-none-eabi/7.3.1/thumb/v7-m/crti.o
 .data          0x0000000000000000        0x0 c:/st/stm32cubeide_1.1.0/stm32cubeide/plugins/com.st.stm32cube.ide.mcu.externaltools.gnu-tools-for-stm32.7-2018-q2-update.win32_1.5.0.202011040924/tools/bin/../lib/gcc/arm-none-eabi/7.3.1/thumb/v7-m/crti.o
 .bss           0x0000000000000000        0x0 c:/st/stm32cubeide_1.1.0/stm32cubeide/plugins/com.st.stm32cube.ide.mcu.externaltools.gnu-tools-for-stm32.7-2018-q2-update.win32_1.5.0.202011040924/tools/bin/../lib/gcc/arm-none-eabi/7.3.1/thumb/v7-m/crti.o
[...]
Memory Configuration

Name             Origin             Length             Attributes
RAM              0x0000000020000000 0x0000000000005000 xrw
FLASH            0x0000000008000000 0x0000000000010000 xr
*default*        0x0000000000000000 0xffffffffffffffff

Linker script and memory map

LOAD c:/st/stm32cubeide_1.1.0/stm32cubeide/plugins/com.st.stm32cube.ide.mcu.externaltools.gnu-tools-for-stm32.7-2018-q2-update.win32_1.5.0.202011040924/tools/bin/../lib/gcc/arm-none-eabi/7.3.1/thumb/v7-m/crti.o
LOAD c:/st/stm32cubeide_1.1.0/stm32cubeide/plugins/com.st.stm32cube.ide.mcu.externaltools.gnu-tools-for-stm32.7-2018-q2-update.win32_1.5.0.202011040924/tools/bin/../lib/gcc/arm-none-eabi/7.3.1/thumb/v7-m/crtbegin.o
LOAD c:/st/stm32cubeide_1.1.0/stm32cubeide/plugins/com.st.stm32cube.ide.mcu.externaltools.gnu-tools-for-stm32.7-2018-q2-update.win32_1.5.0.202011040924/tools/bin/../lib/gcc/arm-none-eabi/7.3.1/../../../../arm-none-eabi/lib/thumb/v7-m/crt0.o
LOAD Core/Src/dwt_stm32_delay.o
LOAD Core/Src/ledControl.o
LOAD Core/Src/main.o
LOAD Core/Src/nRF24L01_STM32.o
LOAD Core/Src/stm32f1xx_hal_msp.o
LOAD Core/Src/stm32f1xx_it.o
LOAD Core/Src/syscalls.o
LOAD Core/Src/sysmem.o
LOAD Core/Src/system_stm32f1xx.o
LOAD Core/Startup/startup_stm32f103c8tx.o
LOAD Drivers/STM32F1xx_HAL_Driver/Src/stm32f1xx_hal.o
LOAD Drivers/STM32F1xx_HAL_Driver/Src/stm32f1xx_hal_cortex.o
LOAD Drivers/STM32F1xx_HAL_Driver/Src/stm32f1xx_hal_dma.o
LOAD Drivers/STM32F1xx_HAL_Driver/Src/stm32f1xx_hal_exti.o
LOAD Drivers/STM32F1xx_HAL_Driver/Src/stm32f1xx_hal_flash.o
LOAD Drivers/STM32F1xx_HAL_Driver/Src/stm32f1xx_hal_flash_ex.o
LOAD Drivers/STM32F1xx_HAL_Driver/Src/stm32f1xx_hal_gpio.o
LOAD Drivers/STM32F1xx_HAL_Driver/Src/stm32f1xx_hal_gpio_ex.o
LOAD Drivers/STM32F1xx_HAL_Driver/Src/stm32f1xx_hal_pcd.o
LOAD Drivers/STM32F1xx_HAL_Driver/Src/stm32f1xx_hal_pcd_ex.o
LOAD Drivers/STM32F1xx_HAL_Driver/Src/stm32f1xx_hal_pwr.o
LOAD Drivers/STM32F1xx_HAL_Driver/Src/stm32f1xx_hal_rcc.o
LOAD Drivers/STM32F1xx_HAL_Driver/Src/stm32f1xx_hal_rcc_ex.o
LOAD Drivers/STM32F1xx_HAL_Driver/Src/stm32f1xx_hal_spi.o
LOAD Drivers/STM32F1xx_HAL_Driver/Src/stm32f1xx_hal_tim.o
LOAD Drivers/STM32F1xx_HAL_Driver/Src/stm32f1xx_hal_tim_ex.o
LOAD Drivers/STM32F1xx_HAL_Driver/Src/stm32f1xx_ll_usb.o
LOAD Middlewares/ST/STM32_USB_Device_Library/Class/CDC/Src/usbd_cdc.o
LOAD Middlewares/ST/STM32_USB_Device_Library/Core/Src/usbd_core.o
LOAD Middlewares/ST/STM32_USB_Device_Library/Core/Src/usbd_ctlreq.o
LOAD Middlewares/ST/STM32_USB_Device_Library/Core/Src/usbd_ioreq.o
LOAD USB_DEVICE/App/usb_device.o
LOAD USB_DEVICE/App/usbd_cdc_if.o
LOAD USB_DEVICE/App/usbd_desc.o
LOAD USB_DEVICE/Target/usbd_conf.o
START GROUP
LOAD c:/st/stm32cubeide_1.1.0/stm32cubeide/plugins/com.st.stm32cube.ide.mcu.externaltools.gnu-tools-for-stm32.7-2018-q2-update.win32_1.5.0.202011040924/tools/bin/../lib/gcc/arm-none-eabi/7.3.1/../../../../arm-none-eabi/lib/thumb/v7-m\libc_nano.a
LOAD c:/st/stm32cubeide_1.1.0/stm32cubeide/plugins/com.st.stm32cube.ide.mcu.externaltools.gnu-tools-for-stm32.7-2018-q2-update.win32_1.5.0.202011040924/tools/bin/../lib/gcc/arm-none-eabi/7.3.1/../../../../arm-none-eabi/lib/thumb/v7-m\libm.a
END GROUP
START GROUP
LOAD c:/st/stm32cubeide_1.1.0/stm32cubeide/plugins/com.st.stm32cube.ide.mcu.externaltools.gnu-tools-for-stm32.7-2018-q2-update.win32_1.5.0.202011040924/tools/bin/../lib/gcc/arm-none-eabi/7.3.1/thumb/v7-m\libgcc.a
LOAD c:/st/stm32cubeide_1.1.0/stm32cubeide/plugins/com.st.stm32cube.ide.mcu.externaltools.gnu-tools-for-stm32.7-2018-q2-update.win32_1.5.0.202011040924/tools/bin/../lib/gcc/arm-none-eabi/7.3.1/../../../../arm-none-eabi/lib/thumb/v7-m\libc_nano.a
END GROUP
START GROUP
LOAD c:/st/stm32cubeide_1.1.0/stm32cubeide/plugins/com.st.stm32cube.ide.mcu.externaltools.gnu-tools-for-stm32.7-2018-q2-update.win32_1.5.0.202011040924/tools/bin/../lib/gcc/arm-none-eabi/7.3.1/thumb/v7-m\libgcc.a
LOAD c:/st/stm32cubeide_1.1.0/stm32cubeide/plugins/com.st.stm32cube.ide.mcu.externaltools.gnu-tools-for-stm32.7-2018-q2-update.win32_1.5.0.202011040924/tools/bin/../lib/gcc/arm-none-eabi/7.3.1/../../../../arm-none-eabi/lib/thumb/v7-m\libc_nano.a
LOAD c:/st/stm32cubeide_1.1.0/stm32cubeide/plugins/com.st.stm32cube.ide.mcu.externaltools.gnu-tools-for-stm32.7-2018-q2-update.win32_1.5.0.202011040924/tools/bin/../lib/gcc/arm-none-eabi/7.3.1/../../../../arm-none-eabi/lib/thumb/v7-m\libnosys.a
END GROUP
START GROUP
LOAD c:/st/stm32cubeide_1.1.0/stm32cubeide/plugins/com.st.stm32cube.ide.mcu.externaltools.gnu-tools-for-stm32.7-2018-q2-update.win32_1.5.0.202011040924/tools/bin/../lib/gcc/arm-none-eabi/7.3.1/thumb/v7-m\libgcc.a
LOAD c:/st/stm32cubeide_1.1.0/stm32cubeide/plugins/com.st.stm32cube.ide.mcu.externaltools.gnu-tools-for-stm32.7-2018-q2-update.win32_1.5.0.202011040924/tools/bin/../lib/gcc/arm-none-eabi/7.3.1/../../../../arm-none-eabi/lib/thumb/v7-m\libc_nano.a
LOAD c:/st/stm32cubeide_1.1.0/stm32cubeide/plugins/com.st.stm32cube.ide.mcu.externaltools.gnu-tools-for-stm32.7-2018-q2-update.win32_1.5.0.202011040924/tools/bin/../lib/gcc/arm-none-eabi/7.3.1/../../../../arm-none-eabi/lib/thumb/v7-m\libnosys.a
END GROUP
LOAD c:/st/stm32cubeide_1.1.0/stm32cubeide/plugins/com.st.stm32cube.ide.mcu.externaltools.gnu-tools-for-stm32.7-2018-q2-update.win32_1.5.0.202011040924/tools/bin/../lib/gcc/arm-none-eabi/7.3.1/thumb/v7-m/crtend.o
LOAD c:/st/stm32cubeide_1.1.0/stm32cubeide/plugins/com.st.stm32cube.ide.mcu.externaltools.gnu-tools-for-stm32.7-2018-q2-update.win32_1.5.0.202011040924/tools/bin/../lib/gcc/arm-none-eabi/7.3.1/thumb/v7-m/crtn.o
                0x0000000020005000                _estack = (ORIGIN (RAM) + LENGTH (RAM))
                0x0000000000000200                _Min_Heap_Size = 0x200
                0x0000000000000400                _Min_Stack_Size = 0x400

.isr_vector     0x0000000008000000      0x10c
                0x0000000008000000                . = ALIGN (0x4)
 *(.isr_vector)
 .isr_vector    0x0000000008000000      0x10c Core/Startup/startup_stm32f103c8tx.o
                0x0000000008000000                g_pfnVectors
                0x000000000800010c                . = ALIGN (0x4)

.text           0x000000000800010c     0x6a7c
                0x000000000800010c                . = ALIGN (0x4)
 *(.text)
 .text          0x000000000800010c       0x40 c:/st/stm32cubeide_1.1.0/stm32cubeide/plugins/com.st.stm32cube.ide.mcu.externaltools.gnu-tools-for-stm32.7-2018-q2-update.win32_1.5.0.202011040924/tools/bin/../lib/gcc/arm-none-eabi/7.3.1/thumb/v7-m/crtbegin.o
 *(.text*)
 .text.DWT_Delay_Init
                0x000000000800014c       0x60 Core/Src/dwt_stm32_delay.o
                0x000000000800014c                DWT_Delay_Init
 .text.init_led
                0x00000000080001ac       0x58 Core/Src/ledControl.o
                0x00000000080001ac                init_led
 .text.acende_led
                0x0000000008000204       0x78 Core/Src/ledControl.o
                0x0000000008000204                acende_led
 .text.apaga_led
                0x000000000800027c        0xe Core/Src/ledControl.o
                0x000000000800027c                apaga_led
 *fill*         0x000000000800028a        0x2 
 .text.toggle_led
                0x000000000800028c       0x2c Core/Src/ledControl.o
                0x000000000800028c                toggle_led
 .text.main     0x00000000080002b8       0xdc Core/Src/main.o
                0x00000000080002b8                main
 .text.SystemClock_Config
                0x0000000008000394       0xb4 Core/Src/main.o
                0x0000000008000394                SystemClock_Config
 .text.MX_SPI1_Init
                0x0000000008000448       0x6c Core/Src/main.o
 .text.MX_GPIO_Init
                0x00000000080004b4      0x120 Core/Src/main.o
 .text.IRQ_read
                0x00000000080005d4       0x2c Core/Src/main.o
                0x00000000080005d4                IRQ_read
 .text.rx_task  0x0000000008000600       0x48 Core/Src/main.o
                0x0000000008000600                rx_task
 .text.get_Msg_fromHost
                0x0000000008000648       0xd0 Core/Src/main.o
                0x0000000008000648                get_Msg_fromHost
 .text.tx_task  0x0000000008000718       0xa4 Core/Src/main.o
                0x0000000008000718                tx_task
 .text.rfSendBuffer
                0x00000000080007bc       0x54 Core/Src/main.o
                0x00000000080007bc                rfSendBuffer
 .text.waitForIRQ
                0x0000000008000810       0x20 Core/Src/main.o
                0x0000000008000810                waitForIRQ
 .text.Error_Handler
                0x0000000008000830        0xc Core/Src/main.o
                0x0000000008000830                Error_Handler
 .text.DWT_Delay_us
                0x000000000800083c       0x44 Core/Src/nRF24L01_STM32.o
 .text.nRF24L01_STM32
                0x0000000008000880       0x30 Core/Src/nRF24L01_STM32.o
                0x0000000008000880                nRF24L01_STM32
 .text.init     0x00000000080008b0      0x1e4 Core/Src/nRF24L01_STM32.o
                0x00000000080008b0                init
 .text.SPI_Write_Reg
                0x0000000008000a94       0x58 Core/Src/nRF24L01_STM32.o
                0x0000000008000a94                SPI_Write_Reg
 .text.SPI_Write_Buf_Reg
                0x0000000008000aec       0x58 Core/Src/nRF24L01_STM32.o
                0x0000000008000aec                SPI_Write_Buf_Reg
 .text.SPI_Write_Buf
                0x0000000008000b44       0x50 Core/Src/nRF24L01_STM32.o
                0x0000000008000b44                SPI_Write_Buf
 .text.SPI_Write
                0x0000000008000b94       0x50 Core/Src/nRF24L01_STM32.o
 .text.SPI_Read
                0x0000000008000be4       0x54 Core/Src/nRF24L01_STM32.o
                0x0000000008000be4                SPI_Read
 .text.SPI_Read_Status
                0x0000000008000c38       0x48 Core/Src/nRF24L01_STM32.o
                0x0000000008000c38                SPI_Read_Status
 .text.SPI_Read_Buf
                0x0000000008000c80       0x50 Core/Src/nRF24L01_STM32.o
                0x0000000008000c80                SPI_Read_Buf
 .text.RX_Mode  0x0000000008000cd0       0x4c Core/Src/nRF24L01_STM32.o
                0x0000000008000cd0                RX_Mode
 .text.RF_IRQ   0x0000000008000d1c       0xd8 Core/Src/nRF24L01_STM32.o
                0x0000000008000d1c                RF_IRQ
 .text.TX_Mode  0x0000000008000df4       0x94 Core/Src/nRF24L01_STM32.o
                0x0000000008000df4                TX_Mode
 .text.HAL_MspInit
                0x0000000008000e88       0x64 Core/Src/stm32f1xx_hal_msp.o
                0x0000000008000e88                HAL_MspInit
 .text.HAL_SPI_MspInit
                0x0000000008000eec       0x94 Core/Src/stm32f1xx_hal_msp.o
                0x0000000008000eec                HAL_SPI_MspInit
 .text.NMI_Handler
                0x0000000008000f80        0xc Core/Src/stm32f1xx_it.o
                0x0000000008000f80                NMI_Handler
 .text.HardFault_Handler
                0x0000000008000f8c        0x6 Core/Src/stm32f1xx_it.o
                0x0000000008000f8c                HardFault_Handler
 .text.MemManage_Handler
                0x0000000008000f92        0x6 Core/Src/stm32f1xx_it.o
                0x0000000008000f92                MemManage_Handler
 .text.BusFault_Handler
                0x0000000008000f98        0x6 Core/Src/stm32f1xx_it.o
                0x0000000008000f98                BusFault_Handler
 .text.UsageFault_Handler
                0x0000000008000f9e        0x6 Core/Src/stm32f1xx_it.o
                0x0000000008000f9e                UsageFault_Handler
 .text.SVC_Handler
                0x0000000008000fa4        0xc Core/Src/stm32f1xx_it.o
                0x0000000008000fa4                SVC_Handler
 .text.DebugMon_Handler
                0x0000000008000fb0        0xc Core/Src/stm32f1xx_it.o
                0x0000000008000fb0                DebugMon_Handler
 .text.PendSV_Handler
                0x0000000008000fbc        0xc Core/Src/stm32f1xx_it.o
                0x0000000008000fbc                PendSV_Handler
 .text.SysTick_Handler
                0x0000000008000fc8        0xc Core/Src/stm32f1xx_it.o
                0x0000000008000fc8                SysTick_Handler
 .text.USB_LP_CAN1_RX0_IRQHandler
                0x0000000008000fd4       0x14 Core/Src/stm32f1xx_it.o
                0x0000000008000fd4                USB_LP_CAN1_RX0_IRQHandler
 .text.SystemInit
                0x0000000008000fe8       0x68 Core/Src/system_stm32f1xx.o
                0x0000000008000fe8                SystemInit
 .text.Reset_Handler
                0x0000000008001050       0x48 Core/Startup/startup_stm32f103c8tx.o
                0x0000000008001050                Reset_Handler
 .text.Default_Handler
                0x0000000008001098        0x2 Core/Startup/startup_stm32f103c8tx.o
                0x0000000008001098                RTC_Alarm_IRQHandler
                0x0000000008001098                EXTI2_IRQHandler
                0x0000000008001098                TIM1_CC_IRQHandler
                0x0000000008001098                PVD_IRQHandler
                0x0000000008001098                EXTI3_IRQHandler
                0x0000000008001098                EXTI0_IRQHandler
                0x0000000008001098                I2C2_EV_IRQHandler
                0x0000000008001098                ADC1_2_IRQHandler
                0x0000000008001098                SPI1_IRQHandler
                0x0000000008001098                TAMPER_IRQHandler
                0x0000000008001098                DMA1_Channel4_IRQHandler
                0x0000000008001098                USART3_IRQHandler
                0x0000000008001098                RTC_IRQHandler
                0x0000000008001098                DMA1_Channel7_IRQHandler
                0x0000000008001098                CAN1_RX1_IRQHandler
                0x0000000008001098                TIM4_IRQHandler
                0x0000000008001098                I2C1_EV_IRQHandler
                0x0000000008001098                DMA1_Channel6_IRQHandler
                0x0000000008001098                TIM3_IRQHandler
                0x0000000008001098                RCC_IRQHandler
                0x0000000008001098                TIM1_TRG_COM_IRQHandler
                0x0000000008001098                DMA1_Channel1_IRQHandler
                0x0000000008001098                Default_Handler
                0x0000000008001098                EXTI15_10_IRQHandler
                0x0000000008001098                EXTI9_5_IRQHandler
                0x0000000008001098                SPI2_IRQHandler
                0x0000000008001098                DMA1_Channel5_IRQHandler
                0x0000000008001098                EXTI4_IRQHandler
                0x0000000008001098                USB_HP_CAN1_TX_IRQHandler
                0x0000000008001098                DMA1_Channel3_IRQHandler
                0x0000000008001098                TIM1_UP_IRQHandler
                0x0000000008001098                WWDG_IRQHandler
                0x0000000008001098                TIM2_IRQHandler
                0x0000000008001098                TIM1_BRK_IRQHandler
                0x0000000008001098                EXTI1_IRQHandler
                0x0000000008001098                USART2_IRQHandler
                0x0000000008001098                I2C2_ER_IRQHandler
                0x0000000008001098                DMA1_Channel2_IRQHandler
                0x0000000008001098                CAN1_SCE_IRQHandler
                0x0000000008001098                FLASH_IRQHandler
                0x0000000008001098                USART1_IRQHandler
                0x0000000008001098                I2C1_ER_IRQHandler
                0x0000000008001098                USBWakeUp_IRQHandler
 *fill*         0x000000000800109a        0x2 
 .text.HAL_Init
                0x000000000800109c       0x2c Drivers/STM32F1xx_HAL_Driver/Src/stm32f1xx_hal.o
                0x000000000800109c                HAL_Init
 .text.HAL_InitTick
                0x00000000080010c8       0x60 Drivers/STM32F1xx_HAL_Driver/Src/stm32f1xx_hal.o
                0x00000000080010c8                HAL_InitTick
 .text.HAL_IncTick
                0x0000000008001128       0x24 Drivers/STM32F1xx_HAL_Driver/Src/stm32f1xx_hal.o
                0x0000000008001128                HAL_IncTick
 .text.HAL_GetTick
                0x000000000800114c       0x14 Drivers/STM32F1xx_HAL_Driver/Src/stm32f1xx_hal.o
                0x000000000800114c                HAL_GetTick
 .text.HAL_Delay
                0x0000000008001160       0x44 Drivers/STM32F1xx_HAL_Driver/Src/stm32f1xx_hal.o
                0x0000000008001160                HAL_Delay
 .text.__NVIC_SetPriorityGrouping
                0x00000000080011a4       0x48 Drivers/STM32F1xx_HAL_Driver/Src/stm32f1xx_hal_cortex.o
 .text.__NVIC_GetPriorityGrouping
                0x00000000080011ec       0x1c Drivers/STM32F1xx_HAL_Driver/Src/stm32f1xx_hal_cortex.o
 .text.__NVIC_EnableIRQ
                0x0000000008001208       0x38 Drivers/STM32F1xx_HAL_Driver/Src/stm32f1xx_hal_cortex.o
 .text.__NVIC_SetPriority
                0x0000000008001240       0x54 Drivers/STM32F1xx_HAL_Driver/Src/stm32f1xx_hal_cortex.o
 .text.NVIC_EncodePriority
                0x0000000008001294       0x64 Drivers/STM32F1xx_HAL_Driver/Src/stm32f1xx_hal_cortex.o
 .text.SysTick_Config
                0x00000000080012f8       0x44 Drivers/STM32F1xx_HAL_Driver/Src/stm32f1xx_hal_cortex.o
 .text.HAL_NVIC_SetPriorityGrouping
                0x000000000800133c       0x16 Drivers/STM32F1xx_HAL_Driver/Src/stm32f1xx_hal_cortex.o
                0x000000000800133c                HAL_NVIC_SetPriorityGrouping
 .text.HAL_NVIC_SetPriority
                0x0000000008001352       0x38 Drivers/STM32F1xx_HAL_Driver/Src/stm32f1xx_hal_cortex.o
                0x0000000008001352                HAL_NVIC_SetPriority
 .text.HAL_NVIC_EnableIRQ
                0x000000000800138a       0x1c Drivers/STM32F1xx_HAL_Driver/Src/stm32f1xx_hal_cortex.o
                0x000000000800138a                HAL_NVIC_EnableIRQ
 .text.HAL_SYSTICK_Config
                0x00000000080013a6       0x18 Drivers/STM32F1xx_HAL_Driver/Src/stm32f1xx_hal_cortex.o
                0x00000000080013a6                HAL_SYSTICK_Config
 *fill*         0x00000000080013be        0x2 
 .text.HAL_GPIO_Init
                0x00000000080013c0      0x2b4 Drivers/STM32F1xx_HAL_Driver/Src/stm32f1xx_hal_gpio.o
                0x00000000080013c0                HAL_GPIO_Init
 .text.HAL_GPIO_ReadPin
                0x0000000008001674       0x2e Drivers/STM32F1xx_HAL_Driver/Src/stm32f1xx_hal_gpio.o
                0x0000000008001674                HAL_GPIO_ReadPin
 .text.HAL_GPIO_WritePin
                0x00000000080016a2       0x30 Drivers/STM32F1xx_HAL_Driver/Src/stm32f1xx_hal_gpio.o
                0x00000000080016a2                HAL_GPIO_WritePin
 .text.HAL_GPIO_TogglePin
                0x00000000080016d2       0x30 Drivers/STM32F1xx_HAL_Driver/Src/stm32f1xx_hal_gpio.o
                0x00000000080016d2                HAL_GPIO_TogglePin
 .text.HAL_PCD_Init
                0x0000000008001702      0x1c2 Drivers/STM32F1xx_HAL_Driver/Src/stm32f1xx_hal_pcd.o
                0x0000000008001702                HAL_PCD_Init
 .text.HAL_PCD_Start
                0x00000000080018c4       0x4c Drivers/STM32F1xx_HAL_Driver/Src/stm32f1xx_hal_pcd.o
                0x00000000080018c4                HAL_PCD_Start
 .text.HAL_PCD_IRQHandler
                0x0000000008001910      0x21c Drivers/STM32F1xx_HAL_Driver/Src/stm32f1xx_hal_pcd.o
                0x0000000008001910                HAL_PCD_IRQHandler
 .text.HAL_PCD_SetAddress
                0x0000000008001b2c       0x4a Drivers/STM32F1xx_HAL_Driver/Src/stm32f1xx_hal_pcd.o
                0x0000000008001b2c                HAL_PCD_SetAddress
 .text.HAL_PCD_EP_Open
                0x0000000008001b76       0xc0 Drivers/STM32F1xx_HAL_Driver/Src/stm32f1xx_hal_pcd.o
                0x0000000008001b76                HAL_PCD_EP_Open
 .text.HAL_PCD_EP_Close
                0x0000000008001c36       0x84 Drivers/STM32F1xx_HAL_Driver/Src/stm32f1xx_hal_pcd.o
                0x0000000008001c36                HAL_PCD_EP_Close
 .text.HAL_PCD_EP_Receive
                0x0000000008001cba       0x74 Drivers/STM32F1xx_HAL_Driver/Src/stm32f1xx_hal_pcd.o
                0x0000000008001cba                HAL_PCD_EP_Receive
 .text.HAL_PCD_EP_GetRxCount
                0x0000000008001d2e       0x28 Drivers/STM32F1xx_HAL_Driver/Src/stm32f1xx_hal_pcd.o
                0x0000000008001d2e                HAL_PCD_EP_GetRxCount
 .text.HAL_PCD_EP_Transmit
                0x0000000008001d56       0x72 Drivers/STM32F1xx_HAL_Driver/Src/stm32f1xx_hal_pcd.o
                0x0000000008001d56                HAL_PCD_EP_Transmit
 .text.HAL_PCD_EP_SetStall
                0x0000000008001dc8       0xb4 Drivers/STM32F1xx_HAL_Driver/Src/stm32f1xx_hal_pcd.o
                0x0000000008001dc8                HAL_PCD_EP_SetStall
 .text.HAL_PCD_EP_ClrStall
                0x0000000008001e7c       0x9c Drivers/STM32F1xx_HAL_Driver/Src/stm32f1xx_hal_pcd.o
                0x0000000008001e7c                HAL_PCD_EP_ClrStall
 .text.PCD_EP_ISR_Handler
                0x0000000008001f18      0x534 Drivers/STM32F1xx_HAL_Driver/Src/stm32f1xx_hal_pcd.o
 .text.HAL_PCDEx_PMAConfig
                0x000000000800244c       0x78 Drivers/STM32F1xx_HAL_Driver/Src/stm32f1xx_hal_pcd_ex.o
                0x000000000800244c                HAL_PCDEx_PMAConfig
 .text.HAL_RCC_OscConfig
                0x00000000080024c4      0x500 Drivers/STM32F1xx_HAL_Driver/Src/stm32f1xx_hal_rcc.o
                0x00000000080024c4                HAL_RCC_OscConfig
 .text.HAL_RCC_ClockConfig
                0x00000000080029c4      0x1d4 Drivers/STM32F1xx_HAL_Driver/Src/stm32f1xx_hal_rcc.o
                0x00000000080029c4                HAL_RCC_ClockConfig
 .text.HAL_RCC_GetSysClockFreq
                0x0000000008002b98       0xc4 Drivers/STM32F1xx_HAL_Driver/Src/stm32f1xx_hal_rcc.o
                0x0000000008002b98                HAL_RCC_GetSysClockFreq
 .text.HAL_RCC_GetHCLKFreq
                0x0000000008002c5c       0x14 Drivers/STM32F1xx_HAL_Driver/Src/stm32f1xx_hal_rcc.o
                0x0000000008002c5c                HAL_RCC_GetHCLKFreq
 .text.RCC_Delay
                0x0000000008002c70       0x3c Drivers/STM32F1xx_HAL_Driver/Src/stm32f1xx_hal_rcc.o
 .text.HAL_RCCEx_PeriphCLKConfig
                0x0000000008002cac      0x16c Drivers/STM32F1xx_HAL_Driver/Src/stm32f1xx_hal_rcc_ex.o
                0x0000000008002cac                HAL_RCCEx_PeriphCLKConfig
 .text.HAL_SPI_Init
                0x0000000008002e18       0xc2 Drivers/STM32F1xx_HAL_Driver/Src/stm32f1xx_hal_spi.o
                0x0000000008002e18                HAL_SPI_Init
 .text.HAL_SPI_Transmit
                0x0000000008002eda      0x268 Drivers/STM32F1xx_HAL_Driver/Src/stm32f1xx_hal_spi.o
                0x0000000008002eda                HAL_SPI_Transmit
 .text.HAL_SPI_Receive
                0x0000000008003142      0x212 Drivers/STM32F1xx_HAL_Driver/Src/stm32f1xx_hal_spi.o
                0x0000000008003142                HAL_SPI_Receive
 .text.HAL_SPI_TransmitReceive
                0x0000000008003354      0x344 Drivers/STM32F1xx_HAL_Driver/Src/stm32f1xx_hal_spi.o
                0x0000000008003354                HAL_SPI_TransmitReceive
 .text.SPI_WaitFlagStateUntilTimeout
                0x0000000008003698       0xd4 Drivers/STM32F1xx_HAL_Driver/Src/stm32f1xx_hal_spi.o
 .text.SPI_EndRxTransaction
                0x000000000800376c       0xa4 Drivers/STM32F1xx_HAL_Driver/Src/stm32f1xx_hal_spi.o
 .text.SPI_EndRxTxTransaction
                0x0000000008003810       0x3c Drivers/STM32F1xx_HAL_Driver/Src/stm32f1xx_hal_spi.o
 .text.USB_CoreInit
                0x000000000800384c       0x20 Drivers/STM32F1xx_HAL_Driver/Src/stm32f1xx_ll_usb.o
                0x000000000800384c                USB_CoreInit
 .text.USB_EnableGlobalInt
                0x000000000800386c       0x2e Drivers/STM32F1xx_HAL_Driver/Src/stm32f1xx_ll_usb.o
                0x000000000800386c                USB_EnableGlobalInt
 .text.USB_DisableGlobalInt
                0x000000000800389a       0x38 Drivers/STM32F1xx_HAL_Driver/Src/stm32f1xx_ll_usb.o
                0x000000000800389a                USB_DisableGlobalInt
 .text.USB_SetCurrentMode
                0x00000000080038d2       0x18 Drivers/STM32F1xx_HAL_Driver/Src/stm32f1xx_ll_usb.o
                0x00000000080038d2                USB_SetCurrentMode
 .text.USB_DevInit
                0x00000000080038ea       0x48 Drivers/STM32F1xx_HAL_Driver/Src/stm32f1xx_ll_usb.o
                0x00000000080038ea                USB_DevInit
 *fill*         0x0000000008003932        0x2 
 .text.USB_ActivateEndpoint
                0x0000000008003934      0x5dc Drivers/STM32F1xx_HAL_Driver/Src/stm32f1xx_ll_usb.o
                0x0000000008003934                USB_ActivateEndpoint
 .text.USB_DeactivateEndpoint
                0x0000000008003f10      0x32c Drivers/STM32F1xx_HAL_Driver/Src/stm32f1xx_ll_usb.o
                0x0000000008003f10                USB_DeactivateEndpoint
 .text.USB_EPStartXfer
                0x000000000800423c      0x570 Drivers/STM32F1xx_HAL_Driver/Src/stm32f1xx_ll_usb.o
                0x000000000800423c                USB_EPStartXfer
 .text.USB_EPSetStall
                0x00000000080047ac       0x84 Drivers/STM32F1xx_HAL_Driver/Src/stm32f1xx_ll_usb.o
                0x00000000080047ac                USB_EPSetStall
 .text.USB_EPClearStall
                0x0000000008004830      0x128 Drivers/STM32F1xx_HAL_Driver/Src/stm32f1xx_ll_usb.o
                0x0000000008004830                USB_EPClearStall
 .text.USB_SetDevAddress
                0x0000000008004958       0x26 Drivers/STM32F1xx_HAL_Driver/Src/stm32f1xx_ll_usb.o
                0x0000000008004958                USB_SetDevAddress
 .text.USB_DevConnect
                0x000000000800497e       0x14 Drivers/STM32F1xx_HAL_Driver/Src/stm32f1xx_ll_usb.o
                0x000000000800497e                USB_DevConnect
 .text.USB_DevDisconnect
                0x0000000008004992       0x14 Drivers/STM32F1xx_HAL_Driver/Src/stm32f1xx_ll_usb.o
                0x0000000008004992                USB_DevDisconnect
 .text.USB_ReadInterrupts
                0x00000000080049a6       0x1e Drivers/STM32F1xx_HAL_Driver/Src/stm32f1xx_ll_usb.o
                0x00000000080049a6                USB_ReadInterrupts
 .text.USB_EP0_OutStart
                0x00000000080049c4       0x16 Drivers/STM32F1xx_HAL_Driver/Src/stm32f1xx_ll_usb.o
                0x00000000080049c4                USB_EP0_OutStart
 .text.USB_WritePMA
                0x00000000080049da       0x88 Drivers/STM32F1xx_HAL_Driver/Src/stm32f1xx_ll_usb.o
                0x00000000080049da                USB_WritePMA
 .text.USB_ReadPMA
                0x0000000008004a62       0x9e Drivers/STM32F1xx_HAL_Driver/Src/stm32f1xx_ll_usb.o
                0x0000000008004a62                USB_ReadPMA
 .text.USBD_CDC_Init
                0x0000000008004b00       0xf4 Middlewares/ST/STM32_USB_Device_Library/Class/CDC/Src/usbd_cdc.o
 .text.USBD_CDC_DeInit
                0x0000000008004bf4       0x6e Middlewares/ST/STM32_USB_Device_Library/Class/CDC/Src/usbd_cdc.o
 .text.USBD_CDC_Setup
                0x0000000008004c62      0x140 Middlewares/ST/STM32_USB_Device_Library/Class/CDC/Src/usbd_cdc.o
 .text.USBD_CDC_DataIn
                0x0000000008004da2       0xa0 Middlewares/ST/STM32_USB_Device_Library/Class/CDC/Src/usbd_cdc.o
 .text.USBD_CDC_DataOut
                0x0000000008004e42       0x56 Middlewares/ST/STM32_USB_Device_Library/Class/CDC/Src/usbd_cdc.o
 .text.USBD_CDC_EP0_RxReady
                0x0000000008004e98       0x50 Middlewares/ST/STM32_USB_Device_Library/Class/CDC/Src/usbd_cdc.o
 .text.USBD_CDC_GetFSCfgDesc
                0x0000000008004ee8       0x20 Middlewares/ST/STM32_USB_Device_Library/Class/CDC/Src/usbd_cdc.o
 .text.USBD_CDC_GetHSCfgDesc
                0x0000000008004f08       0x20 Middlewares/ST/STM32_USB_Device_Library/Class/CDC/Src/usbd_cdc.o
 .text.USBD_CDC_GetOtherSpeedCfgDesc
                0x0000000008004f28       0x20 Middlewares/ST/STM32_USB_Device_Library/Class/CDC/Src/usbd_cdc.o
 .text.USBD_CDC_GetDeviceQualifierDescriptor
                0x0000000008004f48       0x20 Middlewares/ST/STM32_USB_Device_Library/Class/CDC/Src/usbd_cdc.o
                0x0000000008004f48                USBD_CDC_GetDeviceQualifierDescriptor
 .text.USBD_CDC_RegisterInterface
                0x0000000008004f68       0x2c Middlewares/ST/STM32_USB_Device_Library/Class/CDC/Src/usbd_cdc.o
                0x0000000008004f68                USBD_CDC_RegisterInterface
 .text.USBD_CDC_SetTxBuffer
                0x0000000008004f94       0x32 Middlewares/ST/STM32_USB_Device_Library/Class/CDC/Src/usbd_cdc.o
                0x0000000008004f94                USBD_CDC_SetTxBuffer
 .text.USBD_CDC_SetRxBuffer
                0x0000000008004fc6       0x26 Middlewares/ST/STM32_USB_Device_Library/Class/CDC/Src/usbd_cdc.o
                0x0000000008004fc6                USBD_CDC_SetRxBuffer
 .text.USBD_CDC_TransmitPacket
                0x0000000008004fec       0x5e Middlewares/ST/STM32_USB_Device_Library/Class/CDC/Src/usbd_cdc.o
                0x0000000008004fec                USBD_CDC_TransmitPacket
 .text.USBD_CDC_ReceivePacket
                0x000000000800504a       0x54 Middlewares/ST/STM32_USB_Device_Library/Class/CDC/Src/usbd_cdc.o
                0x000000000800504a                USBD_CDC_ReceivePacket
 .text.USBD_Init
                0x000000000800509e       0x56 Middlewares/ST/STM32_USB_Device_Library/Core/Src/usbd_core.o
                0x000000000800509e                USBD_Init
 .text.USBD_RegisterClass
                0x00000000080050f4       0x32 Middlewares/ST/STM32_USB_Device_Library/Core/Src/usbd_core.o
                0x00000000080050f4                USBD_RegisterClass
 .text.USBD_Start
                0x0000000008005126       0x18 Middlewares/ST/STM32_USB_Device_Library/Core/Src/usbd_core.o
                0x0000000008005126                USBD_Start
 .text.USBD_RunTestMode
                0x000000000800513e       0x14 Middlewares/ST/STM32_USB_Device_Library/Core/Src/usbd_core.o
                0x000000000800513e                USBD_RunTestMode
 .text.USBD_SetClassConfig
                0x0000000008005152       0x3e Middlewares/ST/STM32_USB_Device_Library/Core/Src/usbd_core.o
                0x0000000008005152                USBD_SetClassConfig
 .text.USBD_ClrClassConfig
                0x0000000008005190       0x26 Middlewares/ST/STM32_USB_Device_Library/Core/Src/usbd_core.o
                0x0000000008005190                USBD_ClrClassConfig
 .text.USBD_LL_SetupStage
                0x00000000080051b6       0x96 Middlewares/ST/STM32_USB_Device_Library/Core/Src/usbd_core.o
                0x00000000080051b6                USBD_LL_SetupStage
 .text.USBD_LL_DataOutStage
                0x000000000800524c       0xe2 Middlewares/ST/STM32_USB_Device_Library/Core/Src/usbd_core.o
                0x000000000800524c                USBD_LL_DataOutStage
 .text.USBD_LL_DataInStage
                0x000000000800532e      0x14a Middlewares/ST/STM32_USB_Device_Library/Core/Src/usbd_core.o
                0x000000000800532e                USBD_LL_DataInStage
 .text.USBD_LL_Reset
                0x0000000008005478       0x82 Middlewares/ST/STM32_USB_Device_Library/Core/Src/usbd_core.o
                0x0000000008005478                USBD_LL_Reset
 .text.USBD_LL_SetSpeed
                0x00000000080054fa       0x1e Middlewares/ST/STM32_USB_Device_Library/Core/Src/usbd_core.o
                0x00000000080054fa                USBD_LL_SetSpeed
 .text.USBD_LL_Suspend
                0x0000000008005518       0x28 Middlewares/ST/STM32_USB_Device_Library/Core/Src/usbd_core.o
                0x0000000008005518                USBD_LL_Suspend
 .text.USBD_LL_Resume
                0x0000000008005540       0x2a Middlewares/ST/STM32_USB_Device_Library/Core/Src/usbd_core.o
                0x0000000008005540                USBD_LL_Resume
 .text.USBD_LL_SOF
                0x000000000800556a       0x34 Middlewares/ST/STM32_USB_Device_Library/Core/Src/usbd_core.o
                0x000000000800556a                USBD_LL_SOF
 *fill*         0x000000000800559e        0x2 
 .text.USBD_StdDevReq
                0x00000000080055a0       0xd4 Middlewares/ST/STM32_USB_Device_Library/Core/Src/usbd_ctlreq.o
                0x00000000080055a0                USBD_StdDevReq
 .text.USBD_StdItfReq
                0x0000000008005674       0x8c Middlewares/ST/STM32_USB_Device_Library/Core/Src/usbd_ctlreq.o
                0x0000000008005674                USBD_StdItfReq
 .text.USBD_StdEPReq
                0x0000000008005700      0x2ba Middlewares/ST/STM32_USB_Device_Library/Core/Src/usbd_ctlreq.o
                0x0000000008005700                USBD_StdEPReq
 *fill*         0x00000000080059ba        0x2 
 .text.USBD_GetDescriptor
                0x00000000080059bc      0x2d0 Middlewares/ST/STM32_USB_Device_Library/Core/Src/usbd_ctlreq.o
 .text.USBD_SetAddress
                0x0000000008005c8c       0x84 Middlewares/ST/STM32_USB_Device_Library/Core/Src/usbd_ctlreq.o
 .text.USBD_SetConfig
                0x0000000008005d10      0x11c Middlewares/ST/STM32_USB_Device_Library/Core/Src/usbd_ctlreq.o
 .text.USBD_GetConfig
                0x0000000008005e2c       0x68 Middlewares/ST/STM32_USB_Device_Library/Core/Src/usbd_ctlreq.o
 .text.USBD_GetStatus
                0x0000000008005e94       0x66 Middlewares/ST/STM32_USB_Device_Library/Core/Src/usbd_ctlreq.o
 .text.USBD_SetFeature
                0x0000000008005efa       0x28 Middlewares/ST/STM32_USB_Device_Library/Core/Src/usbd_ctlreq.o
 .text.USBD_ClrFeature
                0x0000000008005f22       0x42 Middlewares/ST/STM32_USB_Device_Library/Core/Src/usbd_ctlreq.o
 .text.USBD_ParseSetupRequest
                0x0000000008005f64       0x78 Middlewares/ST/STM32_USB_Device_Library/Core/Src/usbd_ctlreq.o
                0x0000000008005f64                USBD_ParseSetupRequest
 .text.USBD_CtlError
                0x0000000008005fdc       0x22 Middlewares/ST/STM32_USB_Device_Library/Core/Src/usbd_ctlreq.o
                0x0000000008005fdc                USBD_CtlError
 .text.USBD_GetString
                0x0000000008005ffe       0x84 Middlewares/ST/STM32_USB_Device_Library/Core/Src/usbd_ctlreq.o
                0x0000000008005ffe                USBD_GetString
 .text.USBD_GetLen
                0x0000000008006082       0x2e Middlewares/ST/STM32_USB_Device_Library/Core/Src/usbd_ctlreq.o
 .text.USBD_CtlSendData
                0x00000000080060b0       0x38 Middlewares/ST/STM32_USB_Device_Library/Core/Src/usbd_ioreq.o
                0x00000000080060b0                USBD_CtlSendData
 .text.USBD_CtlContinueSendData
                0x00000000080060e8       0x24 Middlewares/ST/STM32_USB_Device_Library/Core/Src/usbd_ioreq.o
                0x00000000080060e8                USBD_CtlContinueSendData
 .text.USBD_CtlPrepareRx
                0x000000000800610c       0x3c Middlewares/ST/STM32_USB_Device_Library/Core/Src/usbd_ioreq.o
                0x000000000800610c                USBD_CtlPrepareRx
 .text.USBD_CtlContinueRx
                0x0000000008006148       0x24 Middlewares/ST/STM32_USB_Device_Library/Core/Src/usbd_ioreq.o
                0x0000000008006148                USBD_CtlContinueRx
 .text.USBD_CtlSendStatus
                0x000000000800616c       0x26 Middlewares/ST/STM32_USB_Device_Library/Core/Src/usbd_ioreq.o
                0x000000000800616c                USBD_CtlSendStatus
 .text.USBD_CtlReceiveStatus
                0x0000000008006192       0x26 Middlewares/ST/STM32_USB_Device_Library/Core/Src/usbd_ioreq.o
                0x0000000008006192                USBD_CtlReceiveStatus
 .text.MX_USB_DEVICE_Init
                0x00000000080061b8       0x60 USB_DEVICE/App/usb_device.o
                0x00000000080061b8                MX_USB_DEVICE_Init
 .text.CDC_Init_FS
                0x0000000008006218       0x28 USB_DEVICE/App/usbd_cdc_if.o
 .text.CDC_DeInit_FS
                0x0000000008006240        0xe USB_DEVICE/App/usbd_cdc_if.o
 *fill*         0x000000000800624e        0x2 
 .text.CDC_Control_FS
                0x0000000008006250       0xbc USB_DEVICE/App/usbd_cdc_if.o
 .text.CDC_Receive_FS
                0x000000000800630c       0x50 USB_DEVICE/App/usbd_cdc_if.o
 .text.CDC_Transmit_FS
                0x000000000800635c       0x4c USB_DEVICE/App/usbd_cdc_if.o
                0x000000000800635c                CDC_Transmit_FS
 .text.USBD_FS_DeviceDescriptor
                0x00000000080063a8       0x24 USB_DEVICE/App/usbd_desc.o
                0x00000000080063a8                USBD_FS_DeviceDescriptor
 .text.USBD_FS_LangIDStrDescriptor
                0x00000000080063cc       0x24 USB_DEVICE/App/usbd_desc.o
                0x00000000080063cc                USBD_FS_LangIDStrDescriptor
 .text.USBD_FS_ProductStrDescriptor
                0x00000000080063f0       0x3c USB_DEVICE/App/usbd_desc.o
                0x00000000080063f0                USBD_FS_ProductStrDescriptor
 .text.USBD_FS_ManufacturerStrDescriptor
                0x000000000800642c       0x28 USB_DEVICE/App/usbd_desc.o
                0x000000000800642c                USBD_FS_ManufacturerStrDescriptor
 .text.USBD_FS_SerialStrDescriptor
                0x0000000008006454       0x24 USB_DEVICE/App/usbd_desc.o
                0x0000000008006454                USBD_FS_SerialStrDescriptor
 .text.USBD_FS_ConfigStrDescriptor
                0x0000000008006478       0x3c USB_DEVICE/App/usbd_desc.o
                0x0000000008006478                USBD_FS_ConfigStrDescriptor
 .text.USBD_FS_InterfaceStrDescriptor
                0x00000000080064b4       0x3c USB_DEVICE/App/usbd_desc.o
                0x00000000080064b4                USBD_FS_InterfaceStrDescriptor
 .text.Get_SerialNum
                0x00000000080064f0       0x58 USB_DEVICE/App/usbd_desc.o
 .text.IntToUnicode
                0x0000000008006548       0x7a USB_DEVICE/App/usbd_desc.o
 *fill*         0x00000000080065c2        0x2 
 .text.HAL_PCD_MspInit
                0x00000000080065c4       0x4c USB_DEVICE/Target/usbd_conf.o
                0x00000000080065c4                HAL_PCD_MspInit
 .text.HAL_PCD_SetupStageCallback
                0x0000000008006610       0x24 USB_DEVICE/Target/usbd_conf.o
                0x0000000008006610                HAL_PCD_SetupStageCallback
 .text.HAL_PCD_DataOutStageCallback
                0x0000000008006634       0x30 USB_DEVICE/Target/usbd_conf.o
                0x0000000008006634                HAL_PCD_DataOutStageCallback
 .text.HAL_PCD_DataInStageCallback
                0x0000000008006664       0x2e USB_DEVICE/Target/usbd_conf.o
                0x0000000008006664                HAL_PCD_DataInStageCallback
 .text.HAL_PCD_SOFCallback
                0x0000000008006692       0x1c USB_DEVICE/Target/usbd_conf.o
                0x0000000008006692                HAL_PCD_SOFCallback
 .text.HAL_PCD_ResetCallback
                0x00000000080066ae       0x3c USB_DEVICE/Target/usbd_conf.o
                0x00000000080066ae                HAL_PCD_ResetCallback
 *fill*         0x00000000080066ea        0x2 
 .text.HAL_PCD_SuspendCallback
                0x00000000080066ec       0x34 USB_DEVICE/Target/usbd_conf.o
                0x00000000080066ec                HAL_PCD_SuspendCallback
 .text.HAL_PCD_ResumeCallback
                0x0000000008006720       0x1c USB_DEVICE/Target/usbd_conf.o
                0x0000000008006720                HAL_PCD_ResumeCallback
 .text.USBD_LL_Init
                0x000000000800673c       0xb4 USB_DEVICE/Target/usbd_conf.o
                0x000000000800673c                USBD_LL_Init
 .text.USBD_LL_Start
                0x00000000080067f0       0x36 USB_DEVICE/Target/usbd_conf.o
                0x00000000080067f0                USBD_LL_Start
 .text.USBD_LL_OpenEP
                0x0000000008006826       0x4c USB_DEVICE/Target/usbd_conf.o
                0x0000000008006826                USBD_LL_OpenEP
 .text.USBD_LL_CloseEP
                0x0000000008006872       0x3e USB_DEVICE/Target/usbd_conf.o
                0x0000000008006872                USBD_LL_CloseEP
 .text.USBD_LL_StallEP
                0x00000000080068b0       0x3e USB_DEVICE/Target/usbd_conf.o
                0x00000000080068b0                USBD_LL_StallEP
 .text.USBD_LL_ClearStallEP
                0x00000000080068ee       0x3e USB_DEVICE/Target/usbd_conf.o
                0x00000000080068ee                USBD_LL_ClearStallEP
 .text.USBD_LL_IsStallEP
                0x000000000800692c       0x4a USB_DEVICE/Target/usbd_conf.o
                0x000000000800692c                USBD_LL_IsStallEP
 .text.USBD_LL_SetUSBAddress
                0x0000000008006976       0x3e USB_DEVICE/Target/usbd_conf.o
                0x0000000008006976                USBD_LL_SetUSBAddress
 .text.USBD_LL_Transmit
                0x00000000080069b4       0x46 USB_DEVICE/Target/usbd_conf.o
                0x00000000080069b4                USBD_LL_Transmit
 .text.USBD_LL_PrepareReceive
                0x00000000080069fa       0x46 USB_DEVICE/Target/usbd_conf.o
                0x00000000080069fa                USBD_LL_PrepareReceive
 .text.USBD_LL_GetRxDataSize
                0x0000000008006a40       0x26 USB_DEVICE/Target/usbd_conf.o
                0x0000000008006a40                USBD_LL_GetRxDataSize
 *fill*         0x0000000008006a66        0x2 
 .text.USBD_static_malloc
                0x0000000008006a68       0x18 USB_DEVICE/Target/usbd_conf.o
                0x0000000008006a68                USBD_static_malloc
 .text.USBD_static_free
                0x0000000008006a80       0x12 USB_DEVICE/Target/usbd_conf.o
                0x0000000008006a80                USBD_static_free
 .text.HAL_PCDEx_SetConnectionState
                0x0000000008006a92       0x16 USB_DEVICE/Target/usbd_conf.o
                0x0000000008006a92                HAL_PCDEx_SetConnectionState
 .text.USBD_Get_USB_Status
                0x0000000008006aa8       0x58 USB_DEVICE/Target/usbd_conf.o
 .text.__libc_init_array
                0x0000000008006b00       0x48 c:/st/stm32cubeide_1.1.0/stm32cubeide/plugins/com.st.stm32cube.ide.mcu.externaltools.gnu-tools-for-stm32.7-2018-q2-update.win32_1.5.0.202011040924/tools/bin/../lib/gcc/arm-none-eabi/7.3.1/../../../../arm-none-eabi/lib/thumb/v7-m\libc_nano.a(lib_a-init.o)
                0x0000000008006b00                __libc_init_array
 .text.memcpy   0x0000000008006b48       0x16 c:/st/stm32cubeide_1.1.0/stm32cubeide/plugins/com.st.stm32cube.ide.mcu.externaltools.gnu-tools-for-stm32.7-2018-q2-update.win32_1.5.0.202011040924/tools/bin/../lib/gcc/arm-none-eabi/7.3.1/../../../../arm-none-eabi/lib/thumb/v7-m\libc_nano.a(lib_a-memcpy-stub.o)
                0x0000000008006b48                memcpy
 .text.memset   0x0000000008006b5e       0x10 c:/st/stm32cubeide_1.1.0/stm32cubeide/plugins/com.st.stm32cube.ide.mcu.externaltools.gnu-tools-for-stm32.7-2018-q2-update.win32_1.5.0.202011040924/tools/bin/../lib/gcc/arm-none-eabi/7.3.1/../../../../arm-none-eabi/lib/thumb/v7-m\libc_nano.a(lib_a-memset.o)
                0x0000000008006b5e                memset
 *(.glue_7)
 .glue_7        0x0000000008006b6e        0x0 linker stubs
 *(.glue_7t)
 .glue_7t       0x0000000008006b6e        0x0 linker stubs
 *(.eh_frame)
 *fill*         0x0000000008006b6e        0x2 
 .eh_frame      0x0000000008006b70        0x0 c:/st/stm32cubeide_1.1.0/stm32cubeide/plugins/com.st.stm32cube.ide.mcu.externaltools.gnu-tools-for-stm32.7-2018-q2-update.win32_1.5.0.202011040924/tools/bin/../lib/gcc/arm-none-eabi/7.3.1/thumb/v7-m/crtbegin.o
 *(.init)
 .init          0x0000000008006b70        0x4 c:/st/stm32cubeide_1.1.0/stm32cubeide/plugins/com.st.stm32cube.ide.mcu.externaltools.gnu-tools-for-stm32.7-2018-q2-update.win32_1.5.0.202011040924/tools/bin/../lib/gcc/arm-none-eabi/7.3.1/thumb/v7-m/crti.o
                0x0000000008006b70                _init
 .init          0x0000000008006b74        0x8 c:/st/stm32cubeide_1.1.0/stm32cubeide/plugins/com.st.stm32cube.ide.mcu.externaltools.gnu-tools-for-stm32.7-2018-q2-update.win32_1.5.0.202011040924/tools/bin/../lib/gcc/arm-none-eabi/7.3.1/thumb/v7-m/crtn.o
 *(.fini)
 .fini          0x0000000008006b7c        0x4 c:/st/stm32cubeide_1.1.0/stm32cubeide/plugins/com.st.stm32cube.ide.mcu.externaltools.gnu-tools-for-stm32.7-2018-q2-update.win32_1.5.0.202011040924/tools/bin/../lib/gcc/arm-none-eabi/7.3.1/thumb/v7-m/crti.o
                0x0000000008006b7c                _fini
 .fini          0x0000000008006b80        0x8 c:/st/stm32cubeide_1.1.0/stm32cubeide/plugins/com.st.stm32cube.ide.mcu.externaltools.gnu-tools-for-stm32.7-2018-q2-update.win32_1.5.0.202011040924/tools/bin/../lib/gcc/arm-none-eabi/7.3.1/thumb/v7-m/crtn.o
                0x0000000008006b88                . = ALIGN (0x4)
                0x0000000008006b88                _etext = .

.vfp11_veneer   0x0000000008006b88        0x0
 .vfp11_veneer  0x0000000008006b88        0x0 linker stubs

.v4_bx          0x0000000008006b88        0x0
 .v4_bx         0x0000000008006b88        0x0 linker stubs

.iplt           0x0000000008006b88        0x0
 .iplt          0x0000000008006b88        0x0 c:/st/stm32cubeide_1.1.0/stm32cubeide/plugins/com.st.stm32cube.ide.mcu.externaltools.gnu-tools-for-stm32.7-2018-q2-update.win32_1.5.0.202011040924/tools/bin/../lib/gcc/arm-none-eabi/7.3.1/thumb/v7-m/crtbegin.o

.rodata         0x0000000008006b88       0x64
                0x0000000008006b88                . = ALIGN (0x4)
 *(.rodata)
 .rodata        0x0000000008006b88       0x12 Drivers/STM32F1xx_HAL_Driver/Src/stm32f1xx_hal_rcc.o
 *fill*         0x0000000008006b9a        0x2 
 .rodata        0x0000000008006b9c       0x3e USB_DEVICE/App/usbd_desc.o
 *(.rodata*)
 *fill*         0x0000000008006bda        0x2 
 .rodata.AHBPrescTable
                0x0000000008006bdc       0x10 Core/Src/system_stm32f1xx.o
                0x0000000008006bdc                AHBPrescTable
                0x0000000008006bec                . = ALIGN (0x4)

.rel.dyn        0x0000000008006bec        0x0
 .rel.iplt      0x0000000008006bec        0x0 c:/st/stm32cubeide_1.1.0/stm32cubeide/plugins/com.st.stm32cube.ide.mcu.externaltools.gnu-tools-for-stm32.7-2018-q2-update.win32_1.5.0.202011040924/tools/bin/../lib/gcc/arm-none-eabi/7.3.1/thumb/v7-m/crtbegin.o

.ARM.extab      0x0000000008006bec        0x0
                0x0000000008006bec                . = ALIGN (0x4)
 *(.ARM.extab* .gnu.linkonce.armextab.*)
                0x0000000008006bec                . = ALIGN (0x4)

.ARM            0x0000000008006bec        0x0
                0x0000000008006bec                . = ALIGN (0x4)
                0x0000000008006bec                __exidx_start = .
 *(.ARM.exidx*)
                0x0000000008006bec                __exidx_end = .
                0x0000000008006bec                . = ALIGN (0x4)

.preinit_array  0x0000000008006bec        0x0
                0x0000000008006bec                . = ALIGN (0x4)
                0x0000000008006bec                PROVIDE (__preinit_array_start = .)
 *(.preinit_array*)
                0x0000000008006bec                PROVIDE (__preinit_array_end = .)
                0x0000000008006bec                . = ALIGN (0x4)

.init_array     0x0000000008006bec        0x4
                0x0000000008006bec                . = ALIGN (0x4)
                0x0000000008006bec                PROVIDE (__init_array_start = .)
 *(SORT_BY_NAME(.init_array.*))
 *(.init_array*)
 .init_array    0x0000000008006bec        0x4 c:/st/stm32cubeide_1.1.0/stm32cubeide/plugins/com.st.stm32cube.ide.mcu.externaltools.gnu-tools-for-stm32.7-2018-q2-update.win32_1.5.0.202011040924/tools/bin/../lib/gcc/arm-none-eabi/7.3.1/thumb/v7-m/crtbegin.o
                0x0000000008006bf0                PROVIDE (__init_array_end = .)
                0x0000000008006bf0                . = ALIGN (0x4)

.fini_array     0x0000000008006bf0        0x4
                0x0000000008006bf0                . = ALIGN (0x4)
                [!provide]                        PROVIDE (__fini_array_start = .)
 *(SORT_BY_NAME(.fini_array.*))
 *(.fini_array*)
 .fini_array    0x0000000008006bf0        0x4 c:/st/stm32cubeide_1.1.0/stm32cubeide/plugins/com.st.stm32cube.ide.mcu.externaltools.gnu-tools-for-stm32.7-2018-q2-update.win32_1.5.0.202011040924/tools/bin/../lib/gcc/arm-none-eabi/7.3.1/thumb/v7-m/crtbegin.o
                [!provide]                        PROVIDE (__fini_array_end = .)
                0x0000000008006bf4                . = ALIGN (0x4)
                0x0000000008006bf4                _sidata = LOADADDR (.data)

.data           0x0000000020000000      0x188 load address 0x0000000008006bf4
                0x0000000020000000                . = ALIGN (0x4)
                0x0000000020000000                _sdata = .
 *(.data)
 *(.data*)
 .data.autoAck_enabled
                0x0000000020000000        0x1 Core/Src/main.o
                0x0000000020000000                autoAck_enabled
 *fill*         0x0000000020000001        0x3 
 .data.ADDR_HOST_P0_AND_TX
                0x0000000020000004        0x5 Core/Src/nRF24L01_STM32.o
 *fill*         0x0000000020000009        0x3 
 .data.SystemCoreClock
                0x000000002000000c        0x4 Core/Src/system_stm32f1xx.o
                0x000000002000000c                SystemCoreClock
 .data.uwTickPrio
                0x0000000020000010        0x4 Drivers/STM32F1xx_HAL_Driver/Src/stm32f1xx_hal.o
                0x0000000020000010                uwTickPrio
 .data.uwTickFreq
                0x0000000020000014        0x1 Drivers/STM32F1xx_HAL_Driver/Src/stm32f1xx_hal.o
                0x0000000020000014                uwTickFreq
 *fill*         0x0000000020000015        0x3 
 .data.USBD_CDC_DeviceQualifierDesc
                0x0000000020000018        0xa Middlewares/ST/STM32_USB_Device_Library/Class/CDC/Src/usbd_cdc.o
 *fill*         0x0000000020000022        0x2 
 .data.USBD_CDC
                0x0000000020000024       0x38 Middlewares/ST/STM32_USB_Device_Library/Class/CDC/Src/usbd_cdc.o
                0x0000000020000024                USBD_CDC
 .data.USBD_CDC_CfgHSDesc
                0x000000002000005c       0x43 Middlewares/ST/STM32_USB_Device_Library/Class/CDC/Src/usbd_cdc.o
                0x000000002000005c                USBD_CDC_CfgHSDesc
 *fill*         0x000000002000009f        0x1 
 .data.USBD_CDC_CfgFSDesc
                0x00000000200000a0       0x43 Middlewares/ST/STM32_USB_Device_Library/Class/CDC/Src/usbd_cdc.o
                0x00000000200000a0                USBD_CDC_CfgFSDesc
 *fill*         0x00000000200000e3        0x1 
 .data.USBD_CDC_OtherSpeedCfgDesc
                0x00000000200000e4       0x43 Middlewares/ST/STM32_USB_Device_Library/Class/CDC/Src/usbd_cdc.o
                0x00000000200000e4                USBD_CDC_OtherSpeedCfgDesc
 *fill*         0x0000000020000127        0x1 
 .data.USBD_Interface_fops_FS
                0x0000000020000128       0x10 USB_DEVICE/App/usbd_cdc_if.o
                0x0000000020000128                USBD_Interface_fops_FS
 .data.FS_Desc  0x0000000020000138       0x1c USB_DEVICE/App/usbd_desc.o
                0x0000000020000138                FS_Desc
 .data.USBD_FS_DeviceDesc
                0x0000000020000154       0x12 USB_DEVICE/App/usbd_desc.o
                0x0000000020000154                USBD_FS_DeviceDesc
 *fill*         0x0000000020000166        0x2 
 .data.USBD_LangIDDesc
                0x0000000020000168        0x4 USB_DEVICE/App/usbd_desc.o
                0x0000000020000168                USBD_LangIDDesc
 .data.USBD_StringSerial
                0x000000002000016c       0x1a USB_DEVICE/App/usbd_desc.o
                0x000000002000016c                USBD_StringSerial
                0x0000000020000188                . = ALIGN (0x4)
 *fill*         0x0000000020000186        0x2 
                0x0000000020000188                _edata = .

.igot.plt       0x0000000020000188        0x0 load address 0x0000000008006d7c
 .igot.plt      0x0000000020000188        0x0 c:/st/stm32cubeide_1.1.0/stm32cubeide/plugins/com.st.stm32cube.ide.mcu.externaltools.gnu-tools-for-stm32.7-2018-q2-update.win32_1.5.0.202011040924/tools/bin/../lib/gcc/arm-none-eabi/7.3.1/thumb/v7-m/crtbegin.o
                0x0000000020000188                . = ALIGN (0x4)

.bss            0x0000000020000188     0x135c load address 0x0000000008006d7c
                0x0000000020000188                _sbss = .
                0x0000000020000188                __bss_start__ = _sbss
 *(.bss)
 .bss           0x0000000020000188       0x1c c:/st/stm32cubeide_1.1.0/stm32cubeide/plugins/com.st.stm32cube.ide.mcu.externaltools.gnu-tools-for-stm32.7-2018-q2-update.win32_1.5.0.202011040924/tools/bin/../lib/gcc/arm-none-eabi/7.3.1/thumb/v7-m/crtbegin.o
 *(.bss*)
 .bss.cor_atual
                0x00000000200001a4        0x1 Core/Src/ledControl.o
 *fill*         0x00000000200001a5        0x3 
 .bss.tx_buf    0x00000000200001a8       0x20 Core/Src/main.o
 .bss.nRFint_guard
                0x00000000200001c8        0x1 Core/Src/main.o
 .bss.rx_payloadWidth
                0x00000000200001c9        0x1 Core/Src/main.o
                0x00000000200001c9                rx_payloadWidth
 .bss.rx_newPayload
                0x00000000200001ca        0x1 Core/Src/main.o
                0x00000000200001ca                rx_newPayload
 *fill*         0x00000000200001cb        0x1 
 .bss.rf_tx_buffer
                0x00000000200001cc      0x100 Core/Src/main.o
                0x00000000200001cc                rf_tx_buffer
 .bss.rf_tx_buffer_count
                0x00000000200002cc        0x4 Core/Src/main.o
                0x00000000200002cc                rf_tx_buffer_count
 .bss.rf_tx_SendMsg
                0x00000000200002d0        0x1 Core/Src/main.o
                0x00000000200002d0                rf_tx_SendMsg
 .bss.rfBridgeON
                0x00000000200002d1        0x1 Core/Src/main.o
                0x00000000200002d1                rfBridgeON
 .bss.rx_newData
                0x00000000200002d2        0x1 Core/Src/main.o
                0x00000000200002d2                rx_newData
 .bss.status    0x00000000200002d3        0x1 Core/Src/nRF24L01_STM32.o
 .bss.TX_OK     0x00000000200002d4        0x1 Core/Src/nRF24L01_STM32.o
 .bss.RX_OK     0x00000000200002d5        0x1 Core/Src/nRF24L01_STM32.o
 .bss.autoAck_enable
                0x00000000200002d6        0x1 Core/Src/nRF24L01_STM32.o
 .bss.cfgidx.7824
                0x00000000200002d7        0x1 Middlewares/ST/STM32_USB_Device_Library/Core/Src/usbd_ctlreq.o
 .bss.mem.7892  0x00000000200002d8      0x220 USB_DEVICE/Target/usbd_conf.o
 *(COMMON)
 COMMON         0x00000000200004f8       0x16 Core/Src/ledControl.o
                0x00000000200004f8                pin_G
                0x00000000200004fc                port_B
                0x0000000020000500                port_G
                0x0000000020000504                pin_B
                0x0000000020000508                port_R
                0x000000002000050c                pin_R
 *fill*         0x000000002000050e        0x2 
 COMMON         0x0000000020000510       0xd0 Core/Src/main.o
                0x0000000020000510                _spi
                0x0000000020000568                rx_buf
                0x0000000020000588                hspi1
 COMMON         0x00000000200005e0        0x4 Drivers/STM32F1xx_HAL_Driver/Src/stm32f1xx_hal.o
                0x00000000200005e0                uwTick
 COMMON         0x00000000200005e4      0x2c4 USB_DEVICE/App/usb_device.o
                0x00000000200005e4                hUsbDeviceFS
 COMMON         0x00000000200008a8      0x7d0 USB_DEVICE/App/usbd_cdc_if.o
                0x00000000200008a8                UserRxBufferFS
                0x0000000020000c90                UserTxBufferFS
 COMMON         0x0000000020001078      0x200 USB_DEVICE/App/usbd_desc.o
                0x0000000020001078                USBD_StrDesc
 COMMON         0x0000000020001278      0x26c USB_DEVICE/Target/usbd_conf.o
                0x0000000020001278                hpcd_USB_FS
                0x00000000200014e4                . = ALIGN (0x4)
                0x00000000200014e4                _ebss = .
                0x00000000200014e4                __bss_end__ = _ebss

._user_heap_stack
                0x00000000200014e4      0x604 load address 0x0000000008006d7c
                0x00000000200014e8                . = ALIGN (0x8)
 *fill*         0x00000000200014e4        0x4 
                0x00000000200014e8                PROVIDE (end = .)
                [!provide]                        PROVIDE (_end = .)
                0x00000000200016e8                . = (. + _Min_Heap_Size)
 *fill*         0x00000000200014e8      0x200 
                0x0000000020001ae8                . = (. + _Min_Stack_Size)
 *fill*         0x00000000200016e8      0x400 
                0x0000000020001ae8                . = ALIGN (0x8)

/DISCARD/
 libc.a(*)
 libm.a(*)
 libgcc.a(*)

.ARM.attributes
                0x0000000000000000       0x29
 *(.ARM.attributes)
 .ARM.attributes
                0x0000000000000000       0x1d c:/st/stm32cubeide_1.1.0/stm32cubeide/plugins/com.st.stm32cube.ide.mcu.externaltools.gnu-tools-for-stm32.7-2018-q2-update.win32_1.5.0.202011040924/tools/bin/../lib/gcc/arm-none-eabi/7.3.1/thumb/v7-m/crti.o
 .ARM.attributes
                0x000000000000001d       0x2d c:/st/stm32cubeide_1.1.0/stm32cubeide/plugins/com.st.stm32cube.ide.mcu.externaltools.gnu-tools-for-stm32.7-2018-q2-update.win32_1.5.0.202011040924/tools/bin/../lib/gcc/arm-none-eabi/7.3.1/thumb/v7-m/crtbegin.o
 .ARM.attributes
                0x000000000000004a       0x33 Core/Src/dwt_stm32_delay.o
 .ARM.attributes
                0x000000000000007d       0x33 Core/Src/ledControl.o
 .ARM.attributes
                0x00000000000000b0       0x33 Core/Src/main.o
 .ARM.attributes
                0x00000000000000e3       0x33 Core/Src/nRF24L01_STM32.o
 .ARM.attributes
                0x0000000000000116       0x33 Core/Src/stm32f1xx_hal_msp.o
 .ARM.attributes
                0x0000000000000149       0x33 Core/Src/stm32f1xx_it.o
 .ARM.attributes
                0x000000000000017c       0x33 Core/Src/system_stm32f1xx.o
 .ARM.attributes
                0x00000000000001af       0x21 Core/Startup/startup_stm32f103c8tx.o
 .ARM.attributes
                0x00000000000001d0       0x33 Drivers/STM32F1xx_HAL_Driver/Src/stm32f1xx_hal.o
 .ARM.attributes
                0x0000000000000203       0x33 Drivers/STM32F1xx_HAL_Driver/Src/stm32f1xx_hal_cortex.o
 .ARM.attributes
                0x0000000000000236       0x33 Drivers/STM32F1xx_HAL_Driver/Src/stm32f1xx_hal_gpio.o
 .ARM.attributes
                0x0000000000000269       0x33 Drivers/STM32F1xx_HAL_Driver/Src/stm32f1xx_hal_pcd.o
 .ARM.attributes
                0x000000000000029c       0x33 Drivers/STM32F1xx_HAL_Driver/Src/stm32f1xx_hal_pcd_ex.o
 .ARM.attributes
                0x00000000000002cf       0x33 Drivers/STM32F1xx_HAL_Driver/Src/stm32f1xx_hal_rcc.o
 .ARM.attributes
                0x0000000000000302       0x33 Drivers/STM32F1xx_HAL_Driver/Src/stm32f1xx_hal_rcc_ex.o
 .ARM.attributes
                0x0000000000000335       0x33 Drivers/STM32F1xx_HAL_Driver/Src/stm32f1xx_hal_spi.o
 .ARM.attributes
                0x0000000000000368       0x33 Drivers/STM32F1xx_HAL_Driver/Src/stm32f1xx_ll_usb.o
 .ARM.attributes
                0x000000000000039b       0x33 Middlewares/ST/STM32_USB_Device_Library/Class/CDC/Src/usbd_cdc.o
 .ARM.attributes
                0x00000000000003ce       0x33 Middlewares/ST/STM32_USB_Device_Library/Core/Src/usbd_core.o
 .ARM.attributes
                0x0000000000000401       0x33 Middlewares/ST/STM32_USB_Device_Library/Core/Src/usbd_ctlreq.o
 .ARM.attributes
                0x0000000000000434       0x33 Middlewares/ST/STM32_USB_Device_Library/Core/Src/usbd_ioreq.o
 .ARM.attributes
                0x0000000000000467       0x33 USB_DEVICE/App/usb_device.o
 .ARM.attributes
                0x000000000000049a       0x33 USB_DEVICE/App/usbd_cdc_if.o
 .ARM.attributes
                0x00000000000004cd       0x33 USB_DEVICE/App/usbd_desc.o
 .ARM.attributes
                0x0000000000000500       0x33 USB_DEVICE/Target/usbd_conf.o
 .ARM.attributes
                0x0000000000000533       0x2d c:/st/stm32cubeide_1.1.0/stm32cubeide/plugins/com.st.stm32cube.ide.mcu.externaltools.gnu-tools-for-stm32.7-2018-q2-update.win32_1.5.0.202011040924/tools/bin/../lib/gcc/arm-none-eabi/7.3.1/../../../../arm-none-eabi/lib/thumb/v7-m\libc_nano.a(lib_a-init.o)
 .ARM.attributes
                0x0000000000000560       0x2d c:/st/stm32cubeide_1.1.0/stm32cubeide/plugins/com.st.stm32cube.ide.mcu.externaltools.gnu-tools-for-stm32.7-2018-q2-update.win32_1.5.0.202011040924/tools/bin/../lib/gcc/arm-none-eabi/7.3.1/../../../../arm-none-eabi/lib/thumb/v7-m\libc_nano.a(lib_a-memcpy-stub.o)
 .ARM.attributes
                0x000000000000058d       0x2d c:/st/stm32cubeide_1.1.0/stm32cubeide/plugins/com.st.stm32cube.ide.mcu.externaltools.gnu-tools-for-stm32.7-2018-q2-update.win32_1.5.0.202011040924/tools/bin/../lib/gcc/arm-none-eabi/7.3.1/../../../../arm-none-eabi/lib/thumb/v7-m\libc_nano.a(lib_a-memset.o)
 .ARM.attributes
                0x00000000000005ba       0x1d c:/st/stm32cubeide_1.1.0/stm32cubeide/plugins/com.st.stm32cube.ide.mcu.externaltools.gnu-tools-for-stm32.7-2018-q2-update.win32_1.5.0.202011040924/tools/bin/../lib/gcc/arm-none-eabi/7.3.1/thumb/v7-m/crtn.o
OUTPUT(nrf-ShieldHost-STM_LED_v02.elf elf32-littlearm)

.debug_info     0x0000000000000000    0x1678f
 .debug_info    0x0000000000000000      0x31b Core/Src/dwt_stm32_delay.o
 .debug_info    0x000000000000031b      0x3a4 Core/Src/ledControl.o
 .debug_info    0x00000000000006bf     0x1a82 Core/Src/main.o
 .debug_info    0x0000000000002141      0xcca Core/Src/nRF24L01_STM32.o
 .debug_info    0x0000000000002e0b      0x945 Core/Src/stm32f1xx_hal_msp.o
 .debug_info    0x0000000000003750      0xb6e Core/Src/stm32f1xx_it.o
 .debug_info    0x00000000000042be      0x433 Core/Src/system_stm32f1xx.o
 .debug_info    0x00000000000046f1       0x22 Core/Startup/startup_stm32f103c8tx.o
 .debug_info    0x0000000000004713      0x6fe Drivers/STM32F1xx_HAL_Driver/Src/stm32f1xx_hal.o
 .debug_info    0x0000000000004e11      0xb46 Drivers/STM32F1xx_HAL_Driver/Src/stm32f1xx_hal_cortex.o
 .debug_info    0x0000000000005957      0x681 Drivers/STM32F1xx_HAL_Driver/Src/stm32f1xx_hal_gpio.o
 .debug_info    0x0000000000005fd8      0xe38 Drivers/STM32F1xx_HAL_Driver/Src/stm32f1xx_hal_pcd.o
 .debug_info    0x0000000000006e10      0x760 Drivers/STM32F1xx_HAL_Driver/Src/stm32f1xx_hal_pcd_ex.o
 .debug_info    0x0000000000007570      0x804 Drivers/STM32F1xx_HAL_Driver/Src/stm32f1xx_hal_rcc.o
 .debug_info    0x0000000000007d74      0x439 Drivers/STM32F1xx_HAL_Driver/Src/stm32f1xx_hal_rcc_ex.o
 .debug_info    0x00000000000081ad     0x153a Drivers/STM32F1xx_HAL_Driver/Src/stm32f1xx_hal_spi.o
 .debug_info    0x00000000000096e7     0x14f9 Drivers/STM32F1xx_HAL_Driver/Src/stm32f1xx_ll_usb.o
 .debug_info    0x000000000000abe0     0x1c7e Middlewares/ST/STM32_USB_Device_Library/Class/CDC/Src/usbd_cdc.o
 .debug_info    0x000000000000c85e     0x16de Middlewares/ST/STM32_USB_Device_Library/Core/Src/usbd_core.o
 .debug_info    0x000000000000df3c     0x164e Middlewares/ST/STM32_USB_Device_Library/Core/Src/usbd_ctlreq.o
 .debug_info    0x000000000000f58a     0x143f Middlewares/ST/STM32_USB_Device_Library/Core/Src/usbd_ioreq.o
 .debug_info    0x00000000000109c9     0x13b3 USB_DEVICE/App/usb_device.o
 .debug_info    0x0000000000011d7c     0x156e USB_DEVICE/App/usbd_cdc_if.o
 .debug_info    0x00000000000132ea     0x1223 USB_DEVICE/App/usbd_desc.o
 .debug_info    0x000000000001450d     0x2282 USB_DEVICE/Target/usbd_conf.o

.debug_abbrev   0x0000000000000000     0x3262
 .debug_abbrev  0x0000000000000000       0xd9 Core/Src/dwt_stm32_delay.o
 .debug_abbrev  0x00000000000000d9      0x168 Core/Src/ledControl.o
 .debug_abbrev  0x0000000000000241      0x2f5 Core/Src/main.o
 .debug_abbrev  0x0000000000000536      0x254 Core/Src/nRF24L01_STM32.o
 .debug_abbrev  0x000000000000078a      0x19d Core/Src/stm32f1xx_hal_msp.o
 .debug_abbrev  0x0000000000000927      0x194 Core/Src/stm32f1xx_it.o
 .debug_abbrev  0x0000000000000abb      0x134 Core/Src/system_stm32f1xx.o
 .debug_abbrev  0x0000000000000bef       0x12 Core/Startup/startup_stm32f103c8tx.o
 .debug_abbrev  0x0000000000000c01      0x1d8 Drivers/STM32F1xx_HAL_Driver/Src/stm32f1xx_hal.o
 .debug_abbrev  0x0000000000000dd9      0x2d5 Drivers/STM32F1xx_HAL_Driver/Src/stm32f1xx_hal_cortex.o
 .debug_abbrev  0x00000000000010ae      0x1c0 Drivers/STM32F1xx_HAL_Driver/Src/stm32f1xx_hal_gpio.o
 .debug_abbrev  0x000000000000126e      0x263 Drivers/STM32F1xx_HAL_Driver/Src/stm32f1xx_hal_pcd.o
 .debug_abbrev  0x00000000000014d1      0x188 Drivers/STM32F1xx_HAL_Driver/Src/stm32f1xx_hal_pcd_ex.o
 .debug_abbrev  0x0000000000001659      0x243 Drivers/STM32F1xx_HAL_Driver/Src/stm32f1xx_hal_rcc.o
 .debug_abbrev  0x000000000000189c      0x175 Drivers/STM32F1xx_HAL_Driver/Src/stm32f1xx_hal_rcc_ex.o
 .debug_abbrev  0x0000000000001a11      0x240 Drivers/STM32F1xx_HAL_Driver/Src/stm32f1xx_hal_spi.o
 .debug_abbrev  0x0000000000001c51      0x1c5 Drivers/STM32F1xx_HAL_Driver/Src/stm32f1xx_ll_usb.o
 .debug_abbrev  0x0000000000001e16      0x2d6 Middlewares/ST/STM32_USB_Device_Library/Class/CDC/Src/usbd_cdc.o
 .debug_abbrev  0x00000000000020ec      0x28e Middlewares/ST/STM32_USB_Device_Library/Core/Src/usbd_core.o
 .debug_abbrev  0x000000000000237a      0x2be Middlewares/ST/STM32_USB_Device_Library/Core/Src/usbd_ctlreq.o
 .debug_abbrev  0x0000000000002638      0x20d Middlewares/ST/STM32_USB_Device_Library/Core/Src/usbd_ioreq.o
 .debug_abbrev  0x0000000000002845      0x1df USB_DEVICE/App/usb_device.o
 .debug_abbrev  0x0000000000002a24      0x2a6 USB_DEVICE/App/usbd_cdc_if.o
 .debug_abbrev  0x0000000000002cca      0x2bd USB_DEVICE/App/usbd_desc.o
 .debug_abbrev  0x0000000000002f87      0x2db USB_DEVICE/Target/usbd_conf.o

.debug_aranges  0x0000000000000000      0xd78
 .debug_aranges
                0x0000000000000000       0x20 Core/Src/dwt_stm32_delay.o
 .debug_aranges
                0x0000000000000020       0x40 Core/Src/ledControl.o
 .debug_aranges
                0x0000000000000060       0x80 Core/Src/main.o
 .debug_aranges
                0x00000000000000e0       0x90 Core/Src/nRF24L01_STM32.o
 .debug_aranges
                0x0000000000000170       0x30 Core/Src/stm32f1xx_hal_msp.o
 .debug_aranges
                0x00000000000001a0       0x68 Core/Src/stm32f1xx_it.o
 .debug_aranges
                0x0000000000000208       0x28 Core/Src/system_stm32f1xx.o
 .debug_aranges
                0x0000000000000230       0x28 Core/Startup/startup_stm32f103c8tx.o
 .debug_aranges
                0x0000000000000258       0xe0 Drivers/STM32F1xx_HAL_Driver/Src/stm32f1xx_hal.o
 .debug_aranges
                0x0000000000000338      0x100 Drivers/STM32F1xx_HAL_Driver/Src/stm32f1xx_hal_cortex.o
 .debug_aranges
                0x0000000000000438       0x58 Drivers/STM32F1xx_HAL_Driver/Src/stm32f1xx_hal_gpio.o
 .debug_aranges
                0x0000000000000490      0x120 Drivers/STM32F1xx_HAL_Driver/Src/stm32f1xx_hal_pcd.o
 .debug_aranges
                0x00000000000005b0       0x38 Drivers/STM32F1xx_HAL_Driver/Src/stm32f1xx_hal_pcd_ex.o
 .debug_aranges
                0x00000000000005e8       0x90 Drivers/STM32F1xx_HAL_Driver/Src/stm32f1xx_hal_rcc.o
 .debug_aranges
                0x0000000000000678       0x30 Drivers/STM32F1xx_HAL_Driver/Src/stm32f1xx_hal_rcc_ex.o
 .debug_aranges
                0x00000000000006a8      0x1d0 Drivers/STM32F1xx_HAL_Driver/Src/stm32f1xx_hal_spi.o
 .debug_aranges
                0x0000000000000878      0x108 Drivers/STM32F1xx_HAL_Driver/Src/stm32f1xx_ll_usb.o
 .debug_aranges
                0x0000000000000980       0x90 Middlewares/ST/STM32_USB_Device_Library/Class/CDC/Src/usbd_cdc.o
 .debug_aranges
                0x0000000000000a10       0xb8 Middlewares/ST/STM32_USB_Device_Library/Core/Src/usbd_core.o
 .debug_aranges
                0x0000000000000ac8       0x88 Middlewares/ST/STM32_USB_Device_Library/Core/Src/usbd_ctlreq.o
 .debug_aranges
                0x0000000000000b50       0x50 Middlewares/ST/STM32_USB_Device_Library/Core/Src/usbd_ioreq.o
 .debug_aranges
                0x0000000000000ba0       0x20 USB_DEVICE/App/usb_device.o
 .debug_aranges
                0x0000000000000bc0       0x40 USB_DEVICE/App/usbd_cdc_if.o
 .debug_aranges
                0x0000000000000c00       0x60 USB_DEVICE/App/usbd_desc.o
 .debug_aranges
                0x0000000000000c60      0x118 USB_DEVICE/Target/usbd_conf.o

.debug_ranges   0x0000000000000000      0xbf0
 .debug_ranges  0x0000000000000000       0x10 Core/Src/dwt_stm32_delay.o
 .debug_ranges  0x0000000000000010       0x30 Core/Src/ledControl.o
 .debug_ranges  0x0000000000000040       0x70 Core/Src/main.o
 .debug_ranges  0x00000000000000b0       0x80 Core/Src/nRF24L01_STM32.o
 .debug_ranges  0x0000000000000130       0x20 Core/Src/stm32f1xx_hal_msp.o
 .debug_ranges  0x0000000000000150       0x58 Core/Src/stm32f1xx_it.o
 .debug_ranges  0x00000000000001a8       0x18 Core/Src/system_stm32f1xx.o
 .debug_ranges  0x00000000000001c0       0x20 Core/Startup/startup_stm32f103c8tx.o
 .debug_ranges  0x00000000000001e0       0xd0 Drivers/STM32F1xx_HAL_Driver/Src/stm32f1xx_hal.o
 .debug_ranges  0x00000000000002b0       0xf0 Drivers/STM32F1xx_HAL_Driver/Src/stm32f1xx_hal_cortex.o
 .debug_ranges  0x00000000000003a0       0x48 Drivers/STM32F1xx_HAL_Driver/Src/stm32f1xx_hal_gpio.o
 .debug_ranges  0x00000000000003e8      0x110 Drivers/STM32F1xx_HAL_Driver/Src/stm32f1xx_hal_pcd.o
 .debug_ranges  0x00000000000004f8       0x28 Drivers/STM32F1xx_HAL_Driver/Src/stm32f1xx_hal_pcd_ex.o
 .debug_ranges  0x0000000000000520       0x80 Drivers/STM32F1xx_HAL_Driver/Src/stm32f1xx_hal_rcc.o
 .debug_ranges  0x00000000000005a0       0x20 Drivers/STM32F1xx_HAL_Driver/Src/stm32f1xx_hal_rcc_ex.o
 .debug_ranges  0x00000000000005c0      0x1c0 Drivers/STM32F1xx_HAL_Driver/Src/stm32f1xx_hal_spi.o
 .debug_ranges  0x0000000000000780       0xf8 Drivers/STM32F1xx_HAL_Driver/Src/stm32f1xx_ll_usb.o
 .debug_ranges  0x0000000000000878       0x80 Middlewares/ST/STM32_USB_Device_Library/Class/CDC/Src/usbd_cdc.o
 .debug_ranges  0x00000000000008f8       0xa8 Middlewares/ST/STM32_USB_Device_Library/Core/Src/usbd_core.o
 .debug_ranges  0x00000000000009a0       0x78 Middlewares/ST/STM32_USB_Device_Library/Core/Src/usbd_ctlreq.o
 .debug_ranges  0x0000000000000a18       0x40 Middlewares/ST/STM32_USB_Device_Library/Core/Src/usbd_ioreq.o
 .debug_ranges  0x0000000000000a58       0x10 USB_DEVICE/App/usb_device.o
 .debug_ranges  0x0000000000000a68       0x30 USB_DEVICE/App/usbd_cdc_if.o
 .debug_ranges  0x0000000000000a98       0x50 USB_DEVICE/App/usbd_desc.o
 .debug_ranges  0x0000000000000ae8      0x108 USB_DEVICE/Target/usbd_conf.o

.debug_macro    0x0000000000000000    0x16f6c
 .debug_macro   0x0000000000000000      0x1b3 Core/Src/dwt_stm32_delay.o
 .debug_macro   0x00000000000001b3      0xa5a Core/Src/dwt_stm32_delay.o
 .debug_macro   0x0000000000000c0d      0x21b Core/Src/dwt_stm32_delay.o
 .debug_macro   0x0000000000000e28       0x2e Core/Src/dwt_stm32_delay.o
 .debug_macro   0x0000000000000e56       0x22 Core/Src/dwt_stm32_delay.o
 .debug_macro   0x0000000000000e78       0x22 Core/Src/dwt_stm32_delay.o
 .debug_macro   0x0000000000000e9a       0x8e Core/Src/dwt_stm32_delay.o
 .debug_macro   0x0000000000000f28       0x51 Core/Src/dwt_stm32_delay.o
 .debug_macro   0x0000000000000f79       0xef Core/Src/dwt_stm32_delay.o
 .debug_macro   0x0000000000001068       0x6a Core/Src/dwt_stm32_delay.o
 .debug_macro   0x00000000000010d2      0x1df Core/Src/dwt_stm32_delay.o
 .debug_macro   0x00000000000012b1       0x1c Core/Src/dwt_stm32_delay.o
 .debug_macro   0x00000000000012cd       0x22 Core/Src/dwt_stm32_delay.o
 .debug_macro   0x00000000000012ef       0xc3 Core/Src/dwt_stm32_delay.o
 .debug_macro   0x00000000000013b2      0xd23 Core/Src/dwt_stm32_delay.o
 .debug_macro   0x00000000000020d5     0xe09e Core/Src/dwt_stm32_delay.o
 .debug_macro   0x0000000000010173       0x43 Core/Src/dwt_stm32_delay.o
 .debug_macro   0x00000000000101b6      0x174 Core/Src/dwt_stm32_delay.o
 .debug_macro   0x000000000001032a       0x5a Core/Src/dwt_stm32_delay.o
 .debug_macro   0x0000000000010384      0x5be Core/Src/dwt_stm32_delay.o
 .debug_macro   0x0000000000010942      0x289 Core/Src/dwt_stm32_delay.o
 .debug_macro   0x0000000000010bcb      0x1cb Core/Src/dwt_stm32_delay.o
 .debug_macro   0x0000000000010d96      0x114 Core/Src/dwt_stm32_delay.o
 .debug_macro   0x0000000000010eaa      0x1b2 Core/Src/dwt_stm32_delay.o
 .debug_macro   0x000000000001105c       0x27 Core/Src/dwt_stm32_delay.o
 .debug_macro   0x0000000000011083      0x136 Core/Src/dwt_stm32_delay.o
 .debug_macro   0x00000000000111b9      0x1bc Core/Src/dwt_stm32_delay.o
 .debug_macro   0x0000000000011375       0x34 Core/Src/dwt_stm32_delay.o
 .debug_macro   0x00000000000113a9       0x3c Core/Src/dwt_stm32_delay.o
 .debug_macro   0x00000000000113e5       0x57 Core/Src/dwt_stm32_delay.o
 .debug_macro   0x000000000001143c       0x88 Core/Src/dwt_stm32_delay.o
 .debug_macro   0x00000000000114c4      0x241 Core/Src/dwt_stm32_delay.o
 .debug_macro   0x0000000000011705      0x141 Core/Src/dwt_stm32_delay.o
 .debug_macro   0x0000000000011846      0x217 Core/Src/dwt_stm32_delay.o
 .debug_macro   0x0000000000011a5d       0x65 Core/Src/dwt_stm32_delay.o
 .debug_macro   0x0000000000011ac2      0x249 Core/Src/dwt_stm32_delay.o
 .debug_macro   0x0000000000011d0b       0x83 Core/Src/dwt_stm32_delay.o
 .debug_macro   0x0000000000011d8e      0x1b3 Core/Src/ledControl.o
 .debug_macro   0x0000000000011f41      0x41f Core/Src/main.o
 .debug_macro   0x0000000000012360      0x230 Core/Src/main.o
 .debug_macro   0x0000000000012590       0x88 Core/Src/main.o
 .debug_macro   0x0000000000012618       0x94 Core/Src/main.o
 .debug_macro   0x00000000000126ac       0x46 Core/Src/main.o
 .debug_macro   0x00000000000126f2       0x18 Core/Src/main.o
 .debug_macro   0x000000000001270a       0x3c Core/Src/main.o
 .debug_macro   0x0000000000012746       0x34 Core/Src/main.o
 .debug_macro   0x000000000001277a       0x16 Core/Src/main.o
 .debug_macro   0x0000000000012790       0x35 Core/Src/main.o
 .debug_macro   0x00000000000127c5      0x32a Core/Src/main.o
 .debug_macro   0x0000000000012aef       0x10 Core/Src/main.o
 .debug_macro   0x0000000000012aff       0x52 Core/Src/main.o
 .debug_macro   0x0000000000012b51       0x1f Core/Src/main.o
 .debug_macro   0x0000000000012b70       0x43 Core/Src/main.o
 .debug_macro   0x0000000000012bb3       0x20 Core/Src/main.o
 .debug_macro   0x0000000000012bd3      0x1a3 Core/Src/main.o
 .debug_macro   0x0000000000012d76       0x10 Core/Src/main.o
 .debug_macro   0x0000000000012d86       0x1c Core/Src/main.o
 .debug_macro   0x0000000000012da2       0x52 Core/Src/main.o
 .debug_macro   0x0000000000012df4       0x40 Core/Src/main.o
 .debug_macro   0x0000000000012e34       0x10 Core/Src/main.o
 .debug_macro   0x0000000000012e44       0x40 Core/Src/main.o
 .debug_macro   0x0000000000012e84       0xd7 Core/Src/main.o
 .debug_macro   0x0000000000012f5b       0x1c Core/Src/main.o
 .debug_macro   0x0000000000012f77       0x3d Core/Src/main.o
 .debug_macro   0x0000000000012fb4       0x16 Core/Src/main.o
 .debug_macro   0x0000000000012fca      0x145 Core/Src/main.o
 .debug_macro   0x000000000001310f       0x16 Core/Src/main.o
 .debug_macro   0x0000000000013125       0x16 Core/Src/main.o
 .debug_macro   0x000000000001313b       0x29 Core/Src/main.o
 .debug_macro   0x0000000000013164       0x16 Core/Src/main.o
 .debug_macro   0x000000000001317a       0x20 Core/Src/main.o
 .debug_macro   0x000000000001319a       0x60 Core/Src/main.o
 .debug_macro   0x00000000000131fa      0x1c8 Core/Src/main.o
 .debug_macro   0x00000000000133c2       0x8f Core/Src/main.o
 .debug_macro   0x0000000000013451      0x1cb Core/Src/nRF24L01_STM32.o
 .debug_macro   0x000000000001361c      0x1de Core/Src/stm32f1xx_hal_msp.o
 .debug_macro   0x00000000000137fa      0x1e8 Core/Src/stm32f1xx_it.o
 .debug_macro   0x00000000000139e2      0x1af Core/Src/system_stm32f1xx.o
 .debug_macro   0x0000000000013b91      0x1cd Drivers/STM32F1xx_HAL_Driver/Src/stm32f1xx_hal.o
 .debug_macro   0x0000000000013d5e      0x1a9 Drivers/STM32F1xx_HAL_Driver/Src/stm32f1xx_hal_cortex.o
 .debug_macro   0x0000000000013f07      0x214 Drivers/STM32F1xx_HAL_Driver/Src/stm32f1xx_hal_gpio.o
 .debug_macro   0x000000000001411b      0x1b5 Drivers/STM32F1xx_HAL_Driver/Src/stm32f1xx_hal_pcd.o
 .debug_macro   0x00000000000142d0      0x1a9 Drivers/STM32F1xx_HAL_Driver/Src/stm32f1xx_hal_pcd_ex.o
 .debug_macro   0x0000000000014479      0x1bb Drivers/STM32F1xx_HAL_Driver/Src/stm32f1xx_hal_rcc.o
 .debug_macro   0x0000000000014634      0x1a9 Drivers/STM32F1xx_HAL_Driver/Src/stm32f1xx_hal_rcc_ex.o
 .debug_macro   0x00000000000147dd      0x1b1 Drivers/STM32F1xx_HAL_Driver/Src/stm32f1xx_hal_spi.o
 .debug_macro   0x000000000001498e      0x1a9 Drivers/STM32F1xx_HAL_Driver/Src/stm32f1xx_ll_usb.o
 .debug_macro   0x0000000000014b37      0x3eb Middlewares/ST/STM32_USB_Device_Library/Class/CDC/Src/usbd_cdc.o
 .debug_macro   0x0000000000014f22       0x97 Middlewares/ST/STM32_USB_Device_Library/Class/CDC/Src/usbd_cdc.o
 .debug_macro   0x0000000000014fb9       0xfd Middlewares/ST/STM32_USB_Device_Library/Class/CDC/Src/usbd_cdc.o
 .debug_macro   0x00000000000150b6       0xbd Middlewares/ST/STM32_USB_Device_Library/Class/CDC/Src/usbd_cdc.o
 .debug_macro   0x0000000000015173       0x54 Middlewares/ST/STM32_USB_Device_Library/Class/CDC/Src/usbd_cdc.o
 .debug_macro   0x00000000000151c7      0x3d2 Middlewares/ST/STM32_USB_Device_Library/Core/Src/usbd_core.o
 .debug_macro   0x0000000000015599      0x1ce Middlewares/ST/STM32_USB_Device_Library/Core/Src/usbd_core.o
 .debug_macro   0x0000000000015767      0x3dc Middlewares/ST/STM32_USB_Device_Library/Core/Src/usbd_ctlreq.o
 .debug_macro   0x0000000000015b43      0x3d8 Middlewares/ST/STM32_USB_Device_Library/Core/Src/usbd_ioreq.o
 .debug_macro   0x0000000000015f1b      0x412 USB_DEVICE/App/usb_device.o
 .debug_macro   0x000000000001632d       0x22 USB_DEVICE/App/usb_device.o
 .debug_macro   0x000000000001634f      0x3fd USB_DEVICE/App/usbd_cdc_if.o
 .debug_macro   0x000000000001674c      0x40f USB_DEVICE/App/usbd_desc.o
 .debug_macro   0x0000000000016b5b       0x1c USB_DEVICE/App/usbd_desc.o
 .debug_macro   0x0000000000016b77      0x3f5 USB_DEVICE/Target/usbd_conf.o

.debug_line     0x0000000000000000     0xe1b8
 .debug_line    0x0000000000000000      0x65c Core/Src/dwt_stm32_delay.o
 .debug_line    0x000000000000065c      0x699 Core/Src/ledControl.o
 .debug_line    0x0000000000000cf5      0xb79 Core/Src/main.o
 .debug_line    0x000000000000186e      0x819 Core/Src/nRF24L01_STM32.o
 .debug_line    0x0000000000002087      0x6b4 Core/Src/stm32f1xx_hal_msp.o
 .debug_line    0x000000000000273b      0x738 Core/Src/stm32f1xx_it.o
 .debug_line    0x0000000000002e73      0x67c Core/Src/system_stm32f1xx.o
 .debug_line    0x00000000000034ef       0x84 Core/Startup/startup_stm32f103c8tx.o
 .debug_line    0x0000000000003573      0x824 Drivers/STM32F1xx_HAL_Driver/Src/stm32f1xx_hal.o
 .debug_line    0x0000000000003d97      0x8fd Drivers/STM32F1xx_HAL_Driver/Src/stm32f1xx_hal_cortex.o
 .debug_line    0x0000000000004694      0x824 Drivers/STM32F1xx_HAL_Driver/Src/stm32f1xx_hal_gpio.o
 .debug_line    0x0000000000004eb8      0xb17 Drivers/STM32F1xx_HAL_Driver/Src/stm32f1xx_hal_pcd.o
 .debug_line    0x00000000000059cf      0x697 Drivers/STM32F1xx_HAL_Driver/Src/stm32f1xx_hal_pcd_ex.o
 .debug_line    0x0000000000006066      0x8e6 Drivers/STM32F1xx_HAL_Driver/Src/stm32f1xx_hal_rcc.o
 .debug_line    0x000000000000694c      0x704 Drivers/STM32F1xx_HAL_Driver/Src/stm32f1xx_hal_rcc_ex.o
 .debug_line    0x0000000000007050      0xff2 Drivers/STM32F1xx_HAL_Driver/Src/stm32f1xx_hal_spi.o
 .debug_line    0x0000000000008042      0xb30 Drivers/STM32F1xx_HAL_Driver/Src/stm32f1xx_ll_usb.o
 .debug_line    0x0000000000008b72      0xb39 Middlewares/ST/STM32_USB_Device_Library/Class/CDC/Src/usbd_cdc.o
 .debug_line    0x00000000000096ab      0xb74 Middlewares/ST/STM32_USB_Device_Library/Core/Src/usbd_core.o
 .debug_line    0x000000000000a21f      0xbfd Middlewares/ST/STM32_USB_Device_Library/Core/Src/usbd_ctlreq.o
 .debug_line    0x000000000000ae1c      0x9dd Middlewares/ST/STM32_USB_Device_Library/Core/Src/usbd_ioreq.o
 .debug_line    0x000000000000b7f9      0x9bf USB_DEVICE/App/usb_device.o
 .debug_line    0x000000000000c1b8      0x9f5 USB_DEVICE/App/usbd_cdc_if.o
 .debug_line    0x000000000000cbad      0xa11 USB_DEVICE/App/usbd_desc.o
 .debug_line    0x000000000000d5be      0xbfa USB_DEVICE/Target/usbd_conf.o

.debug_str      0x0000000000000000    0x6f8fc
 .debug_str     0x0000000000000000    0x66855 Core/Src/dwt_stm32_delay.o
                                      0x66b07 (size before relaxing)
 .debug_str     0x0000000000066855       0xed Core/Src/ledControl.o
                                      0x66b07 (size before relaxing)
 .debug_str     0x0000000000066942     0x60d5 Core/Src/main.o
                                      0x6ce5d (size before relaxing)
 .debug_str     0x000000000006ca17      0x1f2 Core/Src/nRF24L01_STM32.o
                                      0x677f7 (size before relaxing)
 .debug_str     0x000000000006cc09       0x77 Core/Src/stm32f1xx_hal_msp.o
                                      0x677a6 (size before relaxing)
 .debug_str     0x000000000006cc80      0x371 Core/Src/stm32f1xx_it.o
                                      0x67a67 (size before relaxing)
 .debug_str     0x000000000006cff1       0xc2 Core/Src/system_stm32f1xx.o
                                      0x66afb (size before relaxing)
 .debug_str     0x000000000006d0b3       0x84 Core/Startup/startup_stm32f103c8tx.o
 .debug_str     0x000000000006d137      0x61a Drivers/STM32F1xx_HAL_Driver/Src/stm32f1xx_hal.o
                                      0x6710c (size before relaxing)
 .debug_str     0x000000000006d751      0x2a0 Drivers/STM32F1xx_HAL_Driver/Src/stm32f1xx_hal_cortex.o
                                      0x6711a (size before relaxing)
 .debug_str     0x000000000006d9f1      0x324 Drivers/STM32F1xx_HAL_Driver/Src/stm32f1xx_hal_gpio.o
                                      0x66e45 (size before relaxing)
 .debug_str     0x000000000006dd15      0x3af Drivers/STM32F1xx_HAL_Driver/Src/stm32f1xx_hal_pcd.o
                                      0x6712c (size before relaxing)
 .debug_str     0x000000000006e0c4      0x18d Drivers/STM32F1xx_HAL_Driver/Src/stm32f1xx_hal_pcd_ex.o
                                      0x66f08 (size before relaxing)
 .debug_str     0x000000000006e251      0x263 Drivers/STM32F1xx_HAL_Driver/Src/stm32f1xx_hal_rcc.o
                                      0x66e7e (size before relaxing)
 .debug_str     0x000000000006e4b4       0xb9 Drivers/STM32F1xx_HAL_Driver/Src/stm32f1xx_hal_rcc_ex.o
                                      0x66c0b (size before relaxing)
 .debug_str     0x000000000006e56d      0x52e Drivers/STM32F1xx_HAL_Driver/Src/stm32f1xx_hal_spi.o
                                      0x6736c (size before relaxing)
 .debug_str     0x000000000006ea9b      0x304 Drivers/STM32F1xx_HAL_Driver/Src/stm32f1xx_ll_usb.o
                                      0x66f72 (size before relaxing)
 .debug_str     0x000000000006ed9f      0x293 Middlewares/ST/STM32_USB_Device_Library/Class/CDC/Src/usbd_cdc.o
                                      0x6ceb6 (size before relaxing)
 .debug_str     0x000000000006f032      0x1b5 Middlewares/ST/STM32_USB_Device_Library/Core/Src/usbd_core.o
                                      0x6c810 (size before relaxing)
 .debug_str     0x000000000006f1e7      0x134 Middlewares/ST/STM32_USB_Device_Library/Core/Src/usbd_ctlreq.o
                                      0x6c796 (size before relaxing)
 .debug_str     0x000000000006f31b       0xc9 Middlewares/ST/STM32_USB_Device_Library/Core/Src/usbd_ioreq.o
                                      0x6c71e (size before relaxing)
 .debug_str     0x000000000006f3e4       0xc2 USB_DEVICE/App/usb_device.o
                                      0x6ca84 (size before relaxing)
 .debug_str     0x000000000006f4a6       0xb2 USB_DEVICE/App/usbd_cdc_if.o
                                      0x6cae8 (size before relaxing)
 .debug_str     0x000000000006f558      0x250 USB_DEVICE/App/usbd_desc.o
                                      0x6c68d (size before relaxing)
 .debug_str     0x000000000006f7a8      0x154 USB_DEVICE/Target/usbd_conf.o
                                      0x6d2dc (size before relaxing)

.comment        0x0000000000000000       0x7b
 .comment       0x0000000000000000       0x7b Core/Src/dwt_stm32_delay.o
                                         0x7c (size before relaxing)
 .comment       0x000000000000007b       0x7c Core/Src/ledControl.o
 .comment       0x000000000000007b       0x7c Core/Src/main.o
 .comment       0x000000000000007b       0x7c Core/Src/nRF24L01_STM32.o
 .comment       0x000000000000007b       0x7c Core/Src/stm32f1xx_hal_msp.o
 .comment       0x000000000000007b       0x7c Core/Src/stm32f1xx_it.o
 .comment       0x000000000000007b       0x7c Core/Src/system_stm32f1xx.o
 .comment       0x000000000000007b       0x7c Drivers/STM32F1xx_HAL_Driver/Src/stm32f1xx_hal.o
 .comment       0x000000000000007b       0x7c Drivers/STM32F1xx_HAL_Driver/Src/stm32f1xx_hal_cortex.o
 .comment       0x000000000000007b       0x7c Drivers/STM32F1xx_HAL_Driver/Src/stm32f1xx_hal_gpio.o
 .comment       0x000000000000007b       0x7c Drivers/STM32F1xx_HAL_Driver/Src/stm32f1xx_hal_pcd.o
 .comment       0x000000000000007b       0x7c Drivers/STM32F1xx_HAL_Driver/Src/stm32f1xx_hal_pcd_ex.o
 .comment       0x000000000000007b       0x7c Drivers/STM32F1xx_HAL_Driver/Src/stm32f1xx_hal_rcc.o
 .comment       0x000000000000007b       0x7c Drivers/STM32F1xx_HAL_Driver/Src/stm32f1xx_hal_rcc_ex.o
 .comment       0x000000000000007b       0x7c Drivers/STM32F1xx_HAL_Driver/Src/stm32f1xx_hal_spi.o
 .comment       0x000000000000007b       0x7c Drivers/STM32F1xx_HAL_Driver/Src/stm32f1xx_ll_usb.o
 .comment       0x000000000000007b       0x7c Middlewares/ST/STM32_USB_Device_Library/Class/CDC/Src/usbd_cdc.o
 .comment       0x000000000000007b       0x7c Middlewares/ST/STM32_USB_Device_Library/Core/Src/usbd_core.o
 .comment       0x000000000000007b       0x7c Middlewares/ST/STM32_USB_Device_Library/Core/Src/usbd_ctlreq.o
 .comment       0x000000000000007b       0x7c Middlewares/ST/STM32_USB_Device_Library/Core/Src/usbd_ioreq.o
 .comment       0x000000000000007b       0x7c USB_DEVICE/App/usb_device.o
 .comment       0x000000000000007b       0x7c USB_DEVICE/App/usbd_cdc_if.o
 .comment       0x000000000000007b       0x7c USB_DEVICE/App/usbd_desc.o
 .comment       0x000000000000007b       0x7c USB_DEVICE/Target/usbd_conf.o

.debug_frame    0x0000000000000000     0x34a4
 .debug_frame   0x0000000000000000       0x30 Core/Src/dwt_stm32_delay.o
 .debug_frame   0x0000000000000030       0xc0 Core/Src/ledControl.o
 .debug_frame   0x00000000000000f0      0x1c0 Core/Src/main.o
 .debug_frame   0x00000000000002b0      0x234 Core/Src/nRF24L01_STM32.o
 .debug_frame   0x00000000000004e4       0x80 Core/Src/stm32f1xx_hal_msp.o
 .debug_frame   0x0000000000000564      0x128 Core/Src/stm32f1xx_it.o
 .debug_frame   0x000000000000068c       0x58 Core/Src/system_stm32f1xx.o
 .debug_frame   0x00000000000006e4      0x334 Drivers/STM32F1xx_HAL_Driver/Src/stm32f1xx_hal.o
 .debug_frame   0x0000000000000a18      0x428 Drivers/STM32F1xx_HAL_Driver/Src/stm32f1xx_hal_cortex.o
 .debug_frame   0x0000000000000e40      0x14c Drivers/STM32F1xx_HAL_Driver/Src/stm32f1xx_hal_gpio.o
 .debug_frame   0x0000000000000f8c      0x500 Drivers/STM32F1xx_HAL_Driver/Src/stm32f1xx_hal_pcd.o
 .debug_frame   0x000000000000148c       0xb0 Drivers/STM32F1xx_HAL_Driver/Src/stm32f1xx_hal_pcd_ex.o
 .debug_frame   0x000000000000153c      0x21c Drivers/STM32F1xx_HAL_Driver/Src/stm32f1xx_hal_rcc.o
 .debug_frame   0x0000000000001758       0x84 Drivers/STM32F1xx_HAL_Driver/Src/stm32f1xx_hal_rcc_ex.o
 .debug_frame   0x00000000000017dc      0x824 Drivers/STM32F1xx_HAL_Driver/Src/stm32f1xx_hal_spi.o
 .debug_frame   0x0000000000002000      0x4d8 Drivers/STM32F1xx_HAL_Driver/Src/stm32f1xx_ll_usb.o
 .debug_frame   0x00000000000024d8      0x248 Middlewares/ST/STM32_USB_Device_Library/Class/CDC/Src/usbd_cdc.o
 .debug_frame   0x0000000000002720      0x300 Middlewares/ST/STM32_USB_Device_Library/Core/Src/usbd_core.o
 .debug_frame   0x0000000000002a20      0x218 Middlewares/ST/STM32_USB_Device_Library/Core/Src/usbd_ctlreq.o
 .debug_frame   0x0000000000002c38      0x10c Middlewares/ST/STM32_USB_Device_Library/Core/Src/usbd_ioreq.o
 .debug_frame   0x0000000000002d44       0x2c USB_DEVICE/App/usb_device.o
 .debug_frame   0x0000000000002d70       0xbc USB_DEVICE/App/usbd_cdc_if.o
 .debug_frame   0x0000000000002e2c      0x160 USB_DEVICE/App/usbd_desc.o
 .debug_frame   0x0000000000002f8c      0x4a4 USB_DEVICE/Target/usbd_conf.o
 .debug_frame   0x0000000000003430       0x2c c:/st/stm32cubeide_1.1.0/stm32cubeide/plugins/com.st.stm32cube.ide.mcu.externaltools.gnu-tools-for-stm32.7-2018-q2-update.win32_1.5.0.202011040924/tools/bin/../lib/gcc/arm-none-eabi/7.3.1/../../../../arm-none-eabi/lib/thumb/v7-m\libc_nano.a(lib_a-init.o)
 .debug_frame   0x000000000000345c       0x28 c:/st/stm32cubeide_1.1.0/stm32cubeide/plugins/com.st.stm32cube.ide.mcu.externaltools.gnu-tools-for-stm32.7-2018-q2-update.win32_1.5.0.202011040924/tools/bin/../lib/gcc/arm-none-eabi/7.3.1/../../../../arm-none-eabi/lib/thumb/v7-m\libc_nano.a(lib_a-memcpy-stub.o)
 .debug_frame   0x0000000000003484       0x20 c:/st/stm32cubeide_1.1.0/stm32cubeide/plugins/com.st.stm32cube.ide.mcu.externaltools.gnu-tools-for-stm32.7-2018-q2-update.win32_1.5.0.202011040924/tools/bin/../lib/gcc/arm-none-eabi/7.3.1/../../../../arm-none-eabi/lib/thumb/v7-m\libc_nano.a(lib_a-memset.o)
