dwt_stm32_delay.h:18:22:DWT_Delay_us	24	static
nRF24L01_STM32.c:48:6:nRF24L01_STM32	8	static
nRF24L01_STM32.c:60:6:init	40	static
nRF24L01_STM32.c:211:6:SPI_Write_Reg	24	static
nRF24L01_STM32.c:227:6:SPI_Write_Buf_Reg	16	static
nRF24L01_STM32.c:242:6:SPI_Write_Buf	16	static
nRF24L01_STM32.c:255:6:SPI_Write	24	static
nRF24L01_STM32.c:269:9:SPI_Read	24	static
nRF24L01_STM32.c:286:9:SPI_Read_Status	24	static
nRF24L01_STM32.c:303:9:SPI_Read_Reg	24	static
nRF24L01_STM32.c:321:6:SPI_Read_Buf	16	static
nRF24L01_STM32.c:333:6:SPI_Read_rx_buf	24	static
nRF24L01_STM32.c:345:6:RX_Mode	16	static
nRF24L01_STM32.c:382:6:RF_IRQ	32	static
nRF24L01_STM32.c:447:6:TX_Mode	24	static
