nRF24L01_STM32.c:48:6:nRF24L01_STM32	8	static
nRF24L01_STM32.c:60:6:init	32	static
nRF24L01_STM32.c:184:6:SPI_Write_Reg	24	static
nRF24L01_STM32.c:200:6:SPI_Write_Buf_Reg	16	static
nRF24L01_STM32.c:215:6:SPI_Write_Buf	16	static
nRF24L01_STM32.c:228:6:SPI_Write	24	static
nRF24L01_STM32.c:242:9:SPI_Read	24	static
nRF24L01_STM32.c:259:9:SPI_Read_Status	24	static
nRF24L01_STM32.c:276:9:SPI_Read_Reg	24	static
nRF24L01_STM32.c:294:6:SPI_Read_Buf	16	static
nRF24L01_STM32.c:306:6:SPI_Read_rx_buf	24	static
nRF24L01_STM32.c:318:6:RX_Mode	16	static
nRF24L01_STM32.c:354:6:RF_IRQ	32	static
nRF24L01_STM32.c:396:6:TX_Mode_NOACK	24	static
