12:03:54 **** Incremental Build of configuration Debug for project nrf_comm ****
make -j4 all 
arm-none-eabi-gcc "../Core/Src/nRF24L01_STM32.c" -mcpu=cortex-m3 -std=gnu11 -g3 -DUSE_HAL_DRIVER -DSTM32F103xB -DDEBUG -c -I../USB_DEVICE/Target -I../Drivers/CMSIS/Device/ST/STM32F1xx/Include -I../Drivers/CMSIS/Include -I../Core/Inc -I../Middlewares/ST/STM32_USB_Device_Library/Class/CDC/Inc -I../USB_DEVICE/App -I../Drivers/STM32F1xx_HAL_Driver/Inc/Legacy -I../Drivers/STM32F1xx_HAL_Driver/Inc -I../Middlewares/ST/STM32_USB_Device_Library/Core/Inc -O0 -ffunction-sections -fdata-sections -Wall -fstack-usage -MMD -MP -MF"Core/Src/nRF24L01_STM32.d" -MT"Core/Src/nRF24L01_STM32.o" --specs=nano.specs -mfloat-abi=soft -mthumb -o "Core/Src/nRF24L01_STM32.o"
../Core/Src/nRF24L01_STM32.c: In function 'init':
../Core/Src/nRF24L01_STM32.c:143:9: warning: enumeration value 'RF_DATA_RATE_250kbps' not handled in switch [-Wswitch]
         switch (rf_data_rate)
         ^~~~~~
../Core/Src/nRF24L01_STM32.c:163:32: warning: passing argument 2 of 'SPI_Write_Buf_Reg' from incompatible pointer type [-Wincompatible-pointer-types]
     SPI_Write_Buf_Reg(TX_ADDR, &ADDR_HOST, TX_RX_ADDR_WIDTH);
                                ^
In file included from ../Core/Src/nRF24L01_STM32.c:1:0:
../Core/Inc/nRF24L01_STM32.h:112:6: note: expected 'uint8_t * {aka unsigned char *}' but argument is of type 'uint8_t (*)[5] {aka unsigned char (*)[5]}'
 void SPI_Write_Buf_Reg(uint8_t reg, uint8_t *value, uint16_t size);
      ^~~~~~~~~~~~~~~~~
../Core/Src/nRF24L01_STM32.c:165:35: warning: passing argument 2 of 'SPI_Write_Buf_Reg' from incompatible pointer type [-Wincompatible-pointer-types]
     SPI_Write_Buf_Reg(RX_ADDR_P0, &ADDR_HOST, TX_RX_ADDR_WIDTH);
                                   ^
In file included from ../Core/Src/nRF24L01_STM32.c:1:0:
../Core/Inc/nRF24L01_STM32.h:112:6: note: expected 'uint8_t * {aka unsigned char *}' but argument is of type 'uint8_t (*)[5] {aka unsigned char (*)[5]}'
 void SPI_Write_Buf_Reg(uint8_t reg, uint8_t *value, uint16_t size);
      ^~~~~~~~~~~~~~~~~
At top level:
../Core/Inc/nRF24L01_STM32.h:98:16: warning: 'tx_buf' defined but not used [-Wunused-variable]
 static uint8_t tx_buf[PAYLOAD_WIDTH];
                ^~~~~~
arm-none-eabi-gcc -o "nrf_comm.elf" @"objects.list"   -mcpu=cortex-m3 -T"C:\Users\Filipe Augusto\STM32CubeIDE\workspace_1.1.0\nrf_comm\STM32F103C8TX_FLASH.ld" --specs=nosys.specs -Wl,-Map="nrf_comm.map" -Wl,--gc-sections -static --specs=nano.specs -mfloat-abi=soft -mthumb -Wl,--start-group -lc -lm -Wl,--end-group
Finished building target: nrf_comm.elf
 
arm-none-eabi-objdump -h -S  nrf_comm.elf  > "nrf_comm.list"
arm-none-eabi-objcopy  -O ihex  nrf_comm.elf  "nrf_comm.hex"
arm-none-eabi-size   nrf_comm.elf 
   text	   data	    bss	    dec	    hex	filename
  27752	    396	   6172	  34320	   8610	nrf_comm.elf
Finished building: default.size.stdout
Finished building: nrf_comm.hex
 
 
Finished building: nrf_comm.list
 

12:03:58 Build Finished. 0 errors, 4 warnings. (took 3s.650ms)

